core_cm7.h:1896:22:__NVIC_EnableIRQ	16	static
core_cm7.h:2024:22:__NVIC_SetPriority	16	static
stm32f7xx_ll_dma.h:599:22:LL_DMA_SetDataTransferDirection	24	static
stm32f7xx_ll_dma.h:622:26:LL_DMA_GetDataTransferDirection	16	static
stm32f7xx_ll_dma.h:647:22:LL_DMA_SetMode	24	static
stm32f7xx_ll_dma.h:694:22:LL_DMA_SetPeriphIncMode	24	static
stm32f7xx_ll_dma.h:739:22:LL_DMA_SetMemoryIncMode	24	static
stm32f7xx_ll_dma.h:785:22:LL_DMA_SetPeriphSize	24	static
stm32f7xx_ll_dma.h:832:22:LL_DMA_SetMemorySize	24	static
stm32f7xx_ll_dma.h:925:22:LL_DMA_SetStreamPriorityLevel	24	static
stm32f7xx_ll_dma.h:972:22:LL_DMA_SetDataLength	24	static
stm32f7xx_ll_dma.h:1426:22:LL_DMA_ConfigAddresses	24	static
stm32f7xx_ll_dma.h:2590:22:LL_DMA_EnableIT_TE	16	static
stm32f7xx_ll_dma.h:2610:22:LL_DMA_EnableIT_TC	16	static
stm32f7xx_ll_bus.h:311:22:LL_AHB1_GRP1_EnableClock	24	static
main.c:124:5:main	8	static
main.c:190:6:SystemClock_Config	232	static
main.c:253:13:MX_ADC1_Init	24	static
main.c:303:13:MX_SPI1_Init	8	static
main.c:342:13:MX_TIM1_Init	112	static
main.c:428:13:MX_TIM2_Init	40	static
main.c:476:13:MX_TIM3_Init	40	static
main.c:521:13:MX_TIM6_Init	24	static
main.c:559:13:MX_TIM8_Init	128	static
main.c:650:13:MX_USART3_UART_Init	8	static
main.c:685:13:MX_USB_OTG_FS_PCD_Init	8	static
main.c:718:13:MX_DMA_Init	8	static
main.c:740:13:MX_GPIO_Init	56	static
main.c:826:6:HAL_ADC_ConvCpltCallback	16	static
main.c:863:6:HAL_UART_RxCpltCallback	40	static
main.c:876:1:prepareForNextMeasurements	16	static
main.c:936:6:HAL_SPI_RxCpltCallback	16	static
main.c:984:6:sendDataOverUART	48	static
main.c:1023:6:HAL_TIM_PeriodElapsedCallback	16	static
main.c:1045:6:Configure_DMA	24	static
main.c:1081:6:HAL_TIM_IC_CaptureCallback	16	static
main.c:1087:6:initState	4	static
main.c:1095:6:runMeasurementMethod	8	static
main.c:1128:6:showOnLEDs	16	static
main.c:1135:6:measureWithExternalADC	8	static
main.c:1146:6:measureWithInternalADC	8	static
main.c:1155:6:measureWithComparator	8	static
main.c:1163:6:measureFrequencyWithTimer	16	static
main.c:1187:6:runPolarizationSequence	8	static
main.c:1239:6:switchingCircuitIdle	8	static
main.c:1254:6:switchingCircuitOff	8	static
main.c:1272:6:Error_Handler	4	static
