Archive member included to satisfy reference by file (symbol)

c:/st/stm32cubeide_1.0.2/stm32cubeide/plugins/com.st.stm32cube.ide.mcu.externaltools.gnu-tools-for-stm32.7-2018-q2-update.win32_1.0.0.201904181610/tools/bin/../lib/gcc/arm-none-eabi/7.3.1/../../../../arm-none-eabi/lib/thumb/v7e-m/fpv5/hard\libc_nano.a(lib_a-errno.o)
                              Core/Src/syscalls.o (__errno)
c:/st/stm32cubeide_1.0.2/stm32cubeide/plugins/com.st.stm32cube.ide.mcu.externaltools.gnu-tools-for-stm32.7-2018-q2-update.win32_1.0.0.201904181610/tools/bin/../lib/gcc/arm-none-eabi/7.3.1/../../../../arm-none-eabi/lib/thumb/v7e-m/fpv5/hard\libc_nano.a(lib_a-exit.o)
                              c:/st/stm32cubeide_1.0.2/stm32cubeide/plugins/com.st.stm32cube.ide.mcu.externaltools.gnu-tools-for-stm32.7-2018-q2-update.win32_1.0.0.201904181610/tools/bin/../lib/gcc/arm-none-eabi/7.3.1/../../../../arm-none-eabi/lib/thumb/v7e-m/fpv5/hard/crt0.o (exit)
c:/st/stm32cubeide_1.0.2/stm32cubeide/plugins/com.st.stm32cube.ide.mcu.externaltools.gnu-tools-for-stm32.7-2018-q2-update.win32_1.0.0.201904181610/tools/bin/../lib/gcc/arm-none-eabi/7.3.1/../../../../arm-none-eabi/lib/thumb/v7e-m/fpv5/hard\libc_nano.a(lib_a-impure.o)
                              c:/st/stm32cubeide_1.0.2/stm32cubeide/plugins/com.st.stm32cube.ide.mcu.externaltools.gnu-tools-for-stm32.7-2018-q2-update.win32_1.0.0.201904181610/tools/bin/../lib/gcc/arm-none-eabi/7.3.1/../../../../arm-none-eabi/lib/thumb/v7e-m/fpv5/hard\libc_nano.a(lib_a-exit.o) (_global_impure_ptr)
c:/st/stm32cubeide_1.0.2/stm32cubeide/plugins/com.st.stm32cube.ide.mcu.externaltools.gnu-tools-for-stm32.7-2018-q2-update.win32_1.0.0.201904181610/tools/bin/../lib/gcc/arm-none-eabi/7.3.1/../../../../arm-none-eabi/lib/thumb/v7e-m/fpv5/hard\libc_nano.a(lib_a-init.o)
                              c:/st/stm32cubeide_1.0.2/stm32cubeide/plugins/com.st.stm32cube.ide.mcu.externaltools.gnu-tools-for-stm32.7-2018-q2-update.win32_1.0.0.201904181610/tools/bin/../lib/gcc/arm-none-eabi/7.3.1/../../../../arm-none-eabi/lib/thumb/v7e-m/fpv5/hard/crt0.o (__libc_init_array)
c:/st/stm32cubeide_1.0.2/stm32cubeide/plugins/com.st.stm32cube.ide.mcu.externaltools.gnu-tools-for-stm32.7-2018-q2-update.win32_1.0.0.201904181610/tools/bin/../lib/gcc/arm-none-eabi/7.3.1/../../../../arm-none-eabi/lib/thumb/v7e-m/fpv5/hard\libc_nano.a(lib_a-memset.o)
                              c:/st/stm32cubeide_1.0.2/stm32cubeide/plugins/com.st.stm32cube.ide.mcu.externaltools.gnu-tools-for-stm32.7-2018-q2-update.win32_1.0.0.201904181610/tools/bin/../lib/gcc/arm-none-eabi/7.3.1/../../../../arm-none-eabi/lib/thumb/v7e-m/fpv5/hard/crt0.o (memset)
c:/st/stm32cubeide_1.0.2/stm32cubeide/plugins/com.st.stm32cube.ide.mcu.externaltools.gnu-tools-for-stm32.7-2018-q2-update.win32_1.0.0.201904181610/tools/bin/../lib/gcc/arm-none-eabi/7.3.1/../../../../arm-none-eabi/lib/thumb/v7e-m/fpv5/hard\libc_nano.a(lib_a-sprintf.o)
                              Core/Src/main.o (sprintf)
c:/st/stm32cubeide_1.0.2/stm32cubeide/plugins/com.st.stm32cube.ide.mcu.externaltools.gnu-tools-for-stm32.7-2018-q2-update.win32_1.0.0.201904181610/tools/bin/../lib/gcc/arm-none-eabi/7.3.1/../../../../arm-none-eabi/lib/thumb/v7e-m/fpv5/hard\libc_nano.a(lib_a-strlen.o)
                              Core/Src/main.o (strlen)
c:/st/stm32cubeide_1.0.2/stm32cubeide/plugins/com.st.stm32cube.ide.mcu.externaltools.gnu-tools-for-stm32.7-2018-q2-update.win32_1.0.0.201904181610/tools/bin/../lib/gcc/arm-none-eabi/7.3.1/../../../../arm-none-eabi/lib/thumb/v7e-m/fpv5/hard\libc_nano.a(lib_a-nano-svfprintf.o)
                              c:/st/stm32cubeide_1.0.2/stm32cubeide/plugins/com.st.stm32cube.ide.mcu.externaltools.gnu-tools-for-stm32.7-2018-q2-update.win32_1.0.0.201904181610/tools/bin/../lib/gcc/arm-none-eabi/7.3.1/../../../../arm-none-eabi/lib/thumb/v7e-m/fpv5/hard\libc_nano.a(lib_a-sprintf.o) (_svfprintf_r)
c:/st/stm32cubeide_1.0.2/stm32cubeide/plugins/com.st.stm32cube.ide.mcu.externaltools.gnu-tools-for-stm32.7-2018-q2-update.win32_1.0.0.201904181610/tools/bin/../lib/gcc/arm-none-eabi/7.3.1/../../../../arm-none-eabi/lib/thumb/v7e-m/fpv5/hard\libc_nano.a(lib_a-nano-vfprintf_i.o)
                              c:/st/stm32cubeide_1.0.2/stm32cubeide/plugins/com.st.stm32cube.ide.mcu.externaltools.gnu-tools-for-stm32.7-2018-q2-update.win32_1.0.0.201904181610/tools/bin/../lib/gcc/arm-none-eabi/7.3.1/../../../../arm-none-eabi/lib/thumb/v7e-m/fpv5/hard\libc_nano.a(lib_a-nano-svfprintf.o) (_printf_i)
c:/st/stm32cubeide_1.0.2/stm32cubeide/plugins/com.st.stm32cube.ide.mcu.externaltools.gnu-tools-for-stm32.7-2018-q2-update.win32_1.0.0.201904181610/tools/bin/../lib/gcc/arm-none-eabi/7.3.1/../../../../arm-none-eabi/lib/thumb/v7e-m/fpv5/hard\libc_nano.a(lib_a-memchr.o)
[...]
Memory Configuration

Name             Origin             Length             Attributes
RAM              0x0000000020000000 0x0000000000080000 xrw
FLASH            0x0000000008000000 0x0000000000200000 xr
*default*        0x0000000000000000 0xffffffffffffffff

Linker script and memory map

LOAD c:/st/stm32cubeide_1.0.2/stm32cubeide/plugins/com.st.stm32cube.ide.mcu.externaltools.gnu-tools-for-stm32.7-2018-q2-update.win32_1.0.0.201904181610/tools/bin/../lib/gcc/arm-none-eabi/7.3.1/thumb/v7e-m/fpv5/hard/crti.o
LOAD c:/st/stm32cubeide_1.0.2/stm32cubeide/plugins/com.st.stm32cube.ide.mcu.externaltools.gnu-tools-for-stm32.7-2018-q2-update.win32_1.0.0.201904181610/tools/bin/../lib/gcc/arm-none-eabi/7.3.1/thumb/v7e-m/fpv5/hard/crtbegin.o
LOAD c:/st/stm32cubeide_1.0.2/stm32cubeide/plugins/com.st.stm32cube.ide.mcu.externaltools.gnu-tools-for-stm32.7-2018-q2-update.win32_1.0.0.201904181610/tools/bin/../lib/gcc/arm-none-eabi/7.3.1/../../../../arm-none-eabi/lib/thumb/v7e-m/fpv5/hard/crt0.o
LOAD Core/Src/main.o
LOAD Core/Src/stm32f7xx_hal_msp.o
LOAD Core/Src/stm32f7xx_it.o
LOAD Core/Src/syscalls.o
LOAD Core/Src/sysmem.o
LOAD Core/Src/system_stm32f7xx.o
LOAD Core/Startup/startup_stm32f767zitx.o
LOAD Drivers/STM32F7xx_HAL_Driver/Src/stm32f7xx_hal.o
LOAD Drivers/STM32F7xx_HAL_Driver/Src/stm32f7xx_hal_adc.o
LOAD Drivers/STM32F7xx_HAL_Driver/Src/stm32f7xx_hal_adc_ex.o
LOAD Drivers/STM32F7xx_HAL_Driver/Src/stm32f7xx_hal_cortex.o
LOAD Drivers/STM32F7xx_HAL_Driver/Src/stm32f7xx_hal_dma.o
LOAD Drivers/STM32F7xx_HAL_Driver/Src/stm32f7xx_hal_dma_ex.o
LOAD Drivers/STM32F7xx_HAL_Driver/Src/stm32f7xx_hal_exti.o
LOAD Drivers/STM32F7xx_HAL_Driver/Src/stm32f7xx_hal_flash.o
LOAD Drivers/STM32F7xx_HAL_Driver/Src/stm32f7xx_hal_flash_ex.o
LOAD Drivers/STM32F7xx_HAL_Driver/Src/stm32f7xx_hal_gpio.o
LOAD Drivers/STM32F7xx_HAL_Driver/Src/stm32f7xx_hal_i2c.o
LOAD Drivers/STM32F7xx_HAL_Driver/Src/stm32f7xx_hal_i2c_ex.o
LOAD Drivers/STM32F7xx_HAL_Driver/Src/stm32f7xx_hal_pcd.o
LOAD Drivers/STM32F7xx_HAL_Driver/Src/stm32f7xx_hal_pcd_ex.o
LOAD Drivers/STM32F7xx_HAL_Driver/Src/stm32f7xx_hal_pwr.o
LOAD Drivers/STM32F7xx_HAL_Driver/Src/stm32f7xx_hal_pwr_ex.o
LOAD Drivers/STM32F7xx_HAL_Driver/Src/stm32f7xx_hal_rcc.o
LOAD Drivers/STM32F7xx_HAL_Driver/Src/stm32f7xx_hal_rcc_ex.o
LOAD Drivers/STM32F7xx_HAL_Driver/Src/stm32f7xx_hal_spi.o
LOAD Drivers/STM32F7xx_HAL_Driver/Src/stm32f7xx_hal_spi_ex.o
LOAD Drivers/STM32F7xx_HAL_Driver/Src/stm32f7xx_hal_tim.o
LOAD Drivers/STM32F7xx_HAL_Driver/Src/stm32f7xx_hal_tim_ex.o
LOAD Drivers/STM32F7xx_HAL_Driver/Src/stm32f7xx_hal_uart.o
LOAD Drivers/STM32F7xx_HAL_Driver/Src/stm32f7xx_hal_uart_ex.o
LOAD Drivers/STM32F7xx_HAL_Driver/Src/stm32f7xx_ll_dma.o
LOAD Drivers/STM32F7xx_HAL_Driver/Src/stm32f7xx_ll_exti.o
LOAD Drivers/STM32F7xx_HAL_Driver/Src/stm32f7xx_ll_gpio.o
LOAD Drivers/STM32F7xx_HAL_Driver/Src/stm32f7xx_ll_rcc.o
LOAD Drivers/STM32F7xx_HAL_Driver/Src/stm32f7xx_ll_usb.o
LOAD Drivers/STM32F7xx_HAL_Driver/Src/stm32f7xx_ll_utils.o
START GROUP
LOAD c:/st/stm32cubeide_1.0.2/stm32cubeide/plugins/com.st.stm32cube.ide.mcu.externaltools.gnu-tools-for-stm32.7-2018-q2-update.win32_1.0.0.201904181610/tools/bin/../lib/gcc/arm-none-eabi/7.3.1/../../../../arm-none-eabi/lib/thumb/v7e-m/fpv5/hard\libc_nano.a
LOAD c:/st/stm32cubeide_1.0.2/stm32cubeide/plugins/com.st.stm32cube.ide.mcu.externaltools.gnu-tools-for-stm32.7-2018-q2-update.win32_1.0.0.201904181610/tools/bin/../lib/gcc/arm-none-eabi/7.3.1/../../../../arm-none-eabi/lib/thumb/v7e-m/fpv5/hard\libm.a
END GROUP
START GROUP
LOAD c:/st/stm32cubeide_1.0.2/stm32cubeide/plugins/com.st.stm32cube.ide.mcu.externaltools.gnu-tools-for-stm32.7-2018-q2-update.win32_1.0.0.201904181610/tools/bin/../lib/gcc/arm-none-eabi/7.3.1/thumb/v7e-m/fpv5/hard\libgcc.a
LOAD c:/st/stm32cubeide_1.0.2/stm32cubeide/plugins/com.st.stm32cube.ide.mcu.externaltools.gnu-tools-for-stm32.7-2018-q2-update.win32_1.0.0.201904181610/tools/bin/../lib/gcc/arm-none-eabi/7.3.1/../../../../arm-none-eabi/lib/thumb/v7e-m/fpv5/hard\libc_nano.a
END GROUP
START GROUP
LOAD c:/st/stm32cubeide_1.0.2/stm32cubeide/plugins/com.st.stm32cube.ide.mcu.externaltools.gnu-tools-for-stm32.7-2018-q2-update.win32_1.0.0.201904181610/tools/bin/../lib/gcc/arm-none-eabi/7.3.1/thumb/v7e-m/fpv5/hard\libgcc.a
LOAD c:/st/stm32cubeide_1.0.2/stm32cubeide/plugins/com.st.stm32cube.ide.mcu.externaltools.gnu-tools-for-stm32.7-2018-q2-update.win32_1.0.0.201904181610/tools/bin/../lib/gcc/arm-none-eabi/7.3.1/../../../../arm-none-eabi/lib/thumb/v7e-m/fpv5/hard\libc_nano.a
LOAD c:/st/stm32cubeide_1.0.2/stm32cubeide/plugins/com.st.stm32cube.ide.mcu.externaltools.gnu-tools-for-stm32.7-2018-q2-update.win32_1.0.0.201904181610/tools/bin/../lib/gcc/arm-none-eabi/7.3.1/../../../../arm-none-eabi/lib/thumb/v7e-m/fpv5/hard\libnosys.a
END GROUP
START GROUP
LOAD c:/st/stm32cubeide_1.0.2/stm32cubeide/plugins/com.st.stm32cube.ide.mcu.externaltools.gnu-tools-for-stm32.7-2018-q2-update.win32_1.0.0.201904181610/tools/bin/../lib/gcc/arm-none-eabi/7.3.1/thumb/v7e-m/fpv5/hard\libgcc.a
LOAD c:/st/stm32cubeide_1.0.2/stm32cubeide/plugins/com.st.stm32cube.ide.mcu.externaltools.gnu-tools-for-stm32.7-2018-q2-update.win32_1.0.0.201904181610/tools/bin/../lib/gcc/arm-none-eabi/7.3.1/../../../../arm-none-eabi/lib/thumb/v7e-m/fpv5/hard\libc_nano.a
LOAD c:/st/stm32cubeide_1.0.2/stm32cubeide/plugins/com.st.stm32cube.ide.mcu.externaltools.gnu-tools-for-stm32.7-2018-q2-update.win32_1.0.0.201904181610/tools/bin/../lib/gcc/arm-none-eabi/7.3.1/../../../../arm-none-eabi/lib/thumb/v7e-m/fpv5/hard\libnosys.a
END GROUP
LOAD c:/st/stm32cubeide_1.0.2/stm32cubeide/plugins/com.st.stm32cube.ide.mcu.externaltools.gnu-tools-for-stm32.7-2018-q2-update.win32_1.0.0.201904181610/tools/bin/../lib/gcc/arm-none-eabi/7.3.1/thumb/v7e-m/fpv5/hard/crtend.o
LOAD c:/st/stm32cubeide_1.0.2/stm32cubeide/plugins/com.st.stm32cube.ide.mcu.externaltools.gnu-tools-for-stm32.7-2018-q2-update.win32_1.0.0.201904181610/tools/bin/../lib/gcc/arm-none-eabi/7.3.1/thumb/v7e-m/fpv5/hard/crtn.o
                0x0000000020080000                _estack = (ORIGIN (RAM) + LENGTH (RAM))
                0x0000000000000200                _Min_Heap_Size = 0x200
                0x0000000000000400                _Min_Stack_Size = 0x400

.isr_vector     0x0000000008000000      0x1f8
                0x0000000008000000                . = ALIGN (0x4)
 *(.isr_vector)
 .isr_vector    0x0000000008000000      0x1f8 Core/Startup/startup_stm32f767zitx.o
                0x0000000008000000                g_pfnVectors
                0x00000000080001f8                . = ALIGN (0x4)

.text           0x0000000008000200     0x8e84
                0x0000000008000200                . = ALIGN (0x4)
 *(.text)
 .text          0x0000000008000200       0x40 c:/st/stm32cubeide_1.0.2/stm32cubeide/plugins/com.st.stm32cube.ide.mcu.externaltools.gnu-tools-for-stm32.7-2018-q2-update.win32_1.0.0.201904181610/tools/bin/../lib/gcc/arm-none-eabi/7.3.1/thumb/v7e-m/fpv5/hard/crtbegin.o
 .text          0x0000000008000240       0x10 c:/st/stm32cubeide_1.0.2/stm32cubeide/plugins/com.st.stm32cube.ide.mcu.externaltools.gnu-tools-for-stm32.7-2018-q2-update.win32_1.0.0.201904181610/tools/bin/../lib/gcc/arm-none-eabi/7.3.1/../../../../arm-none-eabi/lib/thumb/v7e-m/fpv5/hard\libc_nano.a(lib_a-strlen.o)
                0x0000000008000240                strlen
 .text          0x0000000008000250       0xa0 c:/st/stm32cubeide_1.0.2/stm32cubeide/plugins/com.st.stm32cube.ide.mcu.externaltools.gnu-tools-for-stm32.7-2018-q2-update.win32_1.0.0.201904181610/tools/bin/../lib/gcc/arm-none-eabi/7.3.1/../../../../arm-none-eabi/lib/thumb/v7e-m/fpv5/hard\libc_nano.a(lib_a-memchr.o)
                0x0000000008000250                memchr
 .text          0x00000000080002f0       0x30 c:/st/stm32cubeide_1.0.2/stm32cubeide/plugins/com.st.stm32cube.ide.mcu.externaltools.gnu-tools-for-stm32.7-2018-q2-update.win32_1.0.0.201904181610/tools/bin/../lib/gcc/arm-none-eabi/7.3.1/thumb/v7e-m/fpv5/hard\libgcc.a(_aeabi_uldivmod.o)
                0x00000000080002f0                __aeabi_uldivmod
 .text          0x0000000008000320      0x2cc c:/st/stm32cubeide_1.0.2/stm32cubeide/plugins/com.st.stm32cube.ide.mcu.externaltools.gnu-tools-for-stm32.7-2018-q2-update.win32_1.0.0.201904181610/tools/bin/../lib/gcc/arm-none-eabi/7.3.1/thumb/v7e-m/fpv5/hard\libgcc.a(_udivmoddi4.o)
                0x0000000008000320                __udivmoddi4
 .text          0x00000000080005ec        0x4 c:/st/stm32cubeide_1.0.2/stm32cubeide/plugins/com.st.stm32cube.ide.mcu.externaltools.gnu-tools-for-stm32.7-2018-q2-update.win32_1.0.0.201904181610/tools/bin/../lib/gcc/arm-none-eabi/7.3.1/thumb/v7e-m/fpv5/hard\libgcc.a(_dvmd_tls.o)
                0x00000000080005ec                __aeabi_idiv0
                0x00000000080005ec                __aeabi_ldiv0
 *(.text*)
 .text.LL_AHB1_GRP1_EnableClock
                0x00000000080005f0       0x30 Core/Src/main.o
 .text.main     0x0000000008000620       0x5c Core/Src/main.o
                0x0000000008000620                main
 .text.SystemClock_Config
                0x000000000800067c      0x130 Core/Src/main.o
                0x000000000800067c                SystemClock_Config
 .text.MX_ADC1_Init
                0x00000000080007ac       0xa4 Core/Src/main.o
 .text.MX_SPI1_Init
                0x0000000008000850       0x74 Core/Src/main.o
 .text.MX_TIM1_Init
                0x00000000080008c4      0x180 Core/Src/main.o
 .text.MX_TIM2_Init
                0x0000000008000a44       0xa8 Core/Src/main.o
 .text.MX_TIM3_Init
                0x0000000008000aec       0xa0 Core/Src/main.o
 .text.MX_TIM4_Init
                0x0000000008000b8c       0x9c Core/Src/main.o
 .text.MX_TIM8_Init
                0x0000000008000c28      0x198 Core/Src/main.o
 .text.MX_USART3_UART_Init
                0x0000000008000dc0       0x60 Core/Src/main.o
 .text.MX_USB_OTG_FS_PCD_Init
                0x0000000008000e20       0x5c Core/Src/main.o
 .text.MX_DMA_Init
                0x0000000008000e7c       0x30 Core/Src/main.o
 .text.MX_GPIO_Init
                0x0000000008000eac      0x1ec Core/Src/main.o
 .text.HAL_ADC_ConvCpltCallback
                0x0000000008001098       0xa4 Core/Src/main.o
                0x0000000008001098                HAL_ADC_ConvCpltCallback
 .text.HAL_UART_RxCpltCallback
                0x000000000800113c       0x5c Core/Src/main.o
                0x000000000800113c                HAL_UART_RxCpltCallback
 .text.prepareForNextMeasurements
                0x0000000008001198      0x100 Core/Src/main.o
                0x0000000008001198                prepareForNextMeasurements
 .text.HAL_SPI_RxCpltCallback
                0x0000000008001298       0xac Core/Src/main.o
                0x0000000008001298                HAL_SPI_RxCpltCallback
 .text.sendDataOverUART
                0x0000000008001344      0x15c Core/Src/main.o
                0x0000000008001344                sendDataOverUART
 .text.HAL_TIM_PeriodElapsedCallback
                0x00000000080014a0       0x14 Core/Src/main.o
                0x00000000080014a0                HAL_TIM_PeriodElapsedCallback
 .text.HAL_TIM_IC_CaptureCallback
                0x00000000080014b4       0x20 Core/Src/main.o
                0x00000000080014b4                HAL_TIM_IC_CaptureCallback
 .text.chooseActionByState
                0x00000000080014d4       0x78 Core/Src/main.o
                0x00000000080014d4                chooseActionByState
 .text.showOnLEDs
                0x000000000800154c       0x44 Core/Src/main.o
                0x000000000800154c                showOnLEDs
 .text.measureWithExternalADC
                0x0000000008001590       0x50 Core/Src/main.o
                0x0000000008001590                measureWithExternalADC
 .text.measureWithInternalADC
                0x00000000080015e0       0x38 Core/Src/main.o
                0x00000000080015e0                measureWithInternalADC
 .text.measureWithComparator
                0x0000000008001618       0x20 Core/Src/main.o
                0x0000000008001618                measureWithComparator
 .text.measureFrequencyWithTimer
                0x0000000008001638       0xa8 Core/Src/main.o
                0x0000000008001638                measureFrequencyWithTimer
 .text.runPolarizationSequence
                0x00000000080016e0      0x168 Core/Src/main.o
                0x00000000080016e0                runPolarizationSequence
 .text.switchingCircuitIdle
                0x0000000008001848       0x5c Core/Src/main.o
                0x0000000008001848                switchingCircuitIdle
 .text.Error_Handler
                0x00000000080018a4        0xe Core/Src/main.o
                0x00000000080018a4                Error_Handler
 *fill*         0x00000000080018b2        0x2 
 .text.HAL_MspInit
                0x00000000080018b4       0x48 Core/Src/stm32f7xx_hal_msp.o
                0x00000000080018b4                HAL_MspInit
 .text.HAL_ADC_MspInit
                0x00000000080018fc       0xe4 Core/Src/stm32f7xx_hal_msp.o
                0x00000000080018fc                HAL_ADC_MspInit
 .text.HAL_SPI_MspInit
                0x00000000080019e0       0xf0 Core/Src/stm32f7xx_hal_msp.o
                0x00000000080019e0                HAL_SPI_MspInit
 .text.HAL_TIM_Base_MspInit
                0x0000000008001ad0       0xf4 Core/Src/stm32f7xx_hal_msp.o
                0x0000000008001ad0                HAL_TIM_Base_MspInit
 .text.HAL_TIM_IC_MspInit
                0x0000000008001bc4       0x94 Core/Src/stm32f7xx_hal_msp.o
                0x0000000008001bc4                HAL_TIM_IC_MspInit
 .text.HAL_TIM_MspPostInit
                0x0000000008001c58       0xbc Core/Src/stm32f7xx_hal_msp.o
                0x0000000008001c58                HAL_TIM_MspPostInit
 .text.HAL_UART_MspInit
                0x0000000008001d14       0x98 Core/Src/stm32f7xx_hal_msp.o
                0x0000000008001d14                HAL_UART_MspInit
 .text.HAL_PCD_MspInit
                0x0000000008001dac       0xb8 Core/Src/stm32f7xx_hal_msp.o
                0x0000000008001dac                HAL_PCD_MspInit
 .text.NMI_Handler
                0x0000000008001e64        0xe Core/Src/stm32f7xx_it.o
                0x0000000008001e64                NMI_Handler
 .text.HardFault_Handler
                0x0000000008001e72        0x6 Core/Src/stm32f7xx_it.o
                0x0000000008001e72                HardFault_Handler
 .text.MemManage_Handler
                0x0000000008001e78        0x6 Core/Src/stm32f7xx_it.o
                0x0000000008001e78                MemManage_Handler
 .text.BusFault_Handler
                0x0000000008001e7e        0x6 Core/Src/stm32f7xx_it.o
                0x0000000008001e7e                BusFault_Handler
 .text.UsageFault_Handler
                0x0000000008001e84        0x6 Core/Src/stm32f7xx_it.o
                0x0000000008001e84                UsageFault_Handler
 .text.SVC_Handler
                0x0000000008001e8a        0xe Core/Src/stm32f7xx_it.o
                0x0000000008001e8a                SVC_Handler
 .text.DebugMon_Handler
                0x0000000008001e98        0xe Core/Src/stm32f7xx_it.o
                0x0000000008001e98                DebugMon_Handler
 .text.PendSV_Handler
                0x0000000008001ea6        0xe Core/Src/stm32f7xx_it.o
                0x0000000008001ea6                PendSV_Handler
 .text.SysTick_Handler
                0x0000000008001eb4        0xc Core/Src/stm32f7xx_it.o
                0x0000000008001eb4                SysTick_Handler
 .text.TIM1_CC_IRQHandler
                0x0000000008001ec0       0x14 Core/Src/stm32f7xx_it.o
                0x0000000008001ec0                TIM1_CC_IRQHandler
 .text.TIM2_IRQHandler
                0x0000000008001ed4       0x14 Core/Src/stm32f7xx_it.o
                0x0000000008001ed4                TIM2_IRQHandler
 .text.TIM3_IRQHandler
                0x0000000008001ee8       0x14 Core/Src/stm32f7xx_it.o
                0x0000000008001ee8                TIM3_IRQHandler
 .text.TIM4_IRQHandler
                0x0000000008001efc       0x14 Core/Src/stm32f7xx_it.o
                0x0000000008001efc                TIM4_IRQHandler
 .text.USART3_IRQHandler
                0x0000000008001f10       0x14 Core/Src/stm32f7xx_it.o
                0x0000000008001f10                USART3_IRQHandler
 .text.TIM8_CC_IRQHandler
                0x0000000008001f24       0x14 Core/Src/stm32f7xx_it.o
                0x0000000008001f24                TIM8_CC_IRQHandler
 .text.DMA2_Stream0_IRQHandler
                0x0000000008001f38       0x14 Core/Src/stm32f7xx_it.o
                0x0000000008001f38                DMA2_Stream0_IRQHandler
 .text.DMA2_Stream4_IRQHandler
                0x0000000008001f4c       0x14 Core/Src/stm32f7xx_it.o
                0x0000000008001f4c                DMA2_Stream4_IRQHandler
 .text._sbrk    0x0000000008001f60       0x58 Core/Src/sysmem.o
                0x0000000008001f60                _sbrk
 .text.SystemInit
                0x0000000008001fb8       0x2c Core/Src/system_stm32f7xx.o
                0x0000000008001fb8                SystemInit
 .text.Reset_Handler
                0x0000000008001fe4       0x50 Core/Startup/startup_stm32f767zitx.o
                0x0000000008001fe4                Reset_Handler
 .text.Default_Handler
                0x0000000008002034        0x2 Core/Startup/startup_stm32f767zitx.o
                0x0000000008002034                RTC_Alarm_IRQHandler
                0x0000000008002034                EXTI2_IRQHandler
                0x0000000008002034                UART8_IRQHandler
                0x0000000008002034                SPI4_IRQHandler
                0x0000000008002034                DMA2_Stream5_IRQHandler
                0x0000000008002034                JPEG_IRQHandler
                0x0000000008002034                DMA1_Stream5_IRQHandler
                0x0000000008002034                CAN3_RX1_IRQHandler
                0x0000000008002034                PVD_IRQHandler
                0x0000000008002034                TAMP_STAMP_IRQHandler
                0x0000000008002034                CAN2_RX1_IRQHandler
                0x0000000008002034                EXTI3_IRQHandler
                0x0000000008002034                TIM8_TRG_COM_TIM14_IRQHandler
                0x0000000008002034                DFSDM1_FLT1_IRQHandler
                0x0000000008002034                TIM1_UP_TIM10_IRQHandler
                0x0000000008002034                TIM8_UP_TIM13_IRQHandler
                0x0000000008002034                I2C3_ER_IRQHandler
                0x0000000008002034                DFSDM1_FLT2_IRQHandler
                0x0000000008002034                EXTI0_IRQHandler
                0x0000000008002034                I2C2_EV_IRQHandler
                0x0000000008002034                DMA1_Stream2_IRQHandler
                0x0000000008002034                CAN1_RX0_IRQHandler
                0x0000000008002034                FPU_IRQHandler
                0x0000000008002034                OTG_HS_WKUP_IRQHandler
                0x0000000008002034                CAN3_SCE_IRQHandler
                0x0000000008002034                LTDC_ER_IRQHandler
                0x0000000008002034                CAN2_SCE_IRQHandler
                0x0000000008002034                DMA2_Stream2_IRQHandler
                0x0000000008002034                SPI1_IRQHandler
                0x0000000008002034                TIM6_DAC_IRQHandler
                0x0000000008002034                TIM1_BRK_TIM9_IRQHandler
                0x0000000008002034                DCMI_IRQHandler
                0x0000000008002034                CAN2_RX0_IRQHandler
                0x0000000008002034                DMA2_Stream3_IRQHandler
                0x0000000008002034                SAI2_IRQHandler
                0x0000000008002034                DFSDM1_FLT3_IRQHandler
                0x0000000008002034                USART6_IRQHandler
                0x0000000008002034                CAN3_RX0_IRQHandler
                0x0000000008002034                CAN1_RX1_IRQHandler
                0x0000000008002034                UART5_IRQHandler
                0x0000000008002034                QUADSPI_IRQHandler
                0x0000000008002034                I2C1_EV_IRQHandler
                0x0000000008002034                DMA1_Stream6_IRQHandler
                0x0000000008002034                DMA1_Stream1_IRQHandler
                0x0000000008002034                UART4_IRQHandler
                0x0000000008002034                RCC_IRQHandler
                0x0000000008002034                TIM8_BRK_TIM12_IRQHandler
                0x0000000008002034                Default_Handler
                0x0000000008002034                CEC_IRQHandler
                0x0000000008002034                EXTI15_10_IRQHandler
                0x0000000008002034                ADC_IRQHandler
                0x0000000008002034                DMA1_Stream7_IRQHandler
                0x0000000008002034                SPI5_IRQHandler
                0x0000000008002034                TIM7_IRQHandler
                0x0000000008002034                SDMMC1_IRQHandler
                0x0000000008002034                CAN2_TX_IRQHandler
                0x0000000008002034                TIM5_IRQHandler
                0x0000000008002034                DMA2_Stream7_IRQHandler
                0x0000000008002034                I2C3_EV_IRQHandler
                0x0000000008002034                EXTI9_5_IRQHandler
                0x0000000008002034                RTC_WKUP_IRQHandler
                0x0000000008002034                LTDC_IRQHandler
                0x0000000008002034                ETH_WKUP_IRQHandler
                0x0000000008002034                SPDIF_RX_IRQHandler
                0x0000000008002034                SPI2_IRQHandler
                0x0000000008002034                OTG_HS_EP1_IN_IRQHandler
                0x0000000008002034                DMA1_Stream0_IRQHandler
                0x0000000008002034                CAN1_TX_IRQHandler
                0x0000000008002034                EXTI4_IRQHandler
                0x0000000008002034                RNG_IRQHandler
                0x0000000008002034                ETH_IRQHandler
                0x0000000008002034                OTG_HS_EP1_OUT_IRQHandler
                0x0000000008002034                WWDG_IRQHandler
                0x0000000008002034                SPI6_IRQHandler
                0x0000000008002034                MDIOS_IRQHandler
                0x0000000008002034                I2C4_EV_IRQHandler
                0x0000000008002034                CAN3_TX_IRQHandler
                0x0000000008002034                OTG_FS_WKUP_IRQHandler
                0x0000000008002034                TIM1_TRG_COM_TIM11_IRQHandler
                0x0000000008002034                OTG_HS_IRQHandler
                0x0000000008002034                DMA2D_IRQHandler
                0x0000000008002034                EXTI1_IRQHandler
                0x0000000008002034                SDMMC2_IRQHandler
                0x0000000008002034                UART7_IRQHandler
                0x0000000008002034                USART2_IRQHandler
                0x0000000008002034                DFSDM1_FLT0_IRQHandler
                0x0000000008002034                I2C2_ER_IRQHandler
                0x0000000008002034                DMA2_Stream1_IRQHandler
                0x0000000008002034                CAN1_SCE_IRQHandler
                0x0000000008002034                FLASH_IRQHandler
                0x0000000008002034                USART1_IRQHandler
                0x0000000008002034                OTG_FS_IRQHandler
                0x0000000008002034                SPI3_IRQHandler
                0x0000000008002034                DMA1_Stream4_IRQHandler
                0x0000000008002034                I2C1_ER_IRQHandler
                0x0000000008002034                FMC_IRQHandler
                0x0000000008002034                LPTIM1_IRQHandler
                0x0000000008002034                I2C4_ER_IRQHandler
                0x0000000008002034                DMA2_Stream6_IRQHandler
                0x0000000008002034                SAI1_IRQHandler
                0x0000000008002034                DMA1_Stream3_IRQHandler
 .text.HAL_Init
                0x0000000008002036       0x1a Drivers/STM32F7xx_HAL_Driver/Src/stm32f7xx_hal.o
                0x0000000008002036                HAL_Init
 .text.HAL_InitTick
                0x0000000008002050       0x60 Drivers/STM32F7xx_HAL_Driver/Src/stm32f7xx_hal.o
                0x0000000008002050                HAL_InitTick
 .text.HAL_IncTick
                0x00000000080020b0       0x28 Drivers/STM32F7xx_HAL_Driver/Src/stm32f7xx_hal.o
                0x00000000080020b0                HAL_IncTick
 .text.HAL_GetTick
                0x00000000080020d8       0x18 Drivers/STM32F7xx_HAL_Driver/Src/stm32f7xx_hal.o
                0x00000000080020d8                HAL_GetTick
 .text.HAL_Delay
                0x00000000080020f0       0x44 Drivers/STM32F7xx_HAL_Driver/Src/stm32f7xx_hal.o
                0x00000000080020f0                HAL_Delay
 .text.HAL_ADC_Init
                0x0000000008002134       0x88 Drivers/STM32F7xx_HAL_Driver/Src/stm32f7xx_hal_adc.o
                0x0000000008002134                HAL_ADC_Init
 .text.HAL_ADC_Start_DMA
                0x00000000080021bc      0x1dc Drivers/STM32F7xx_HAL_Driver/Src/stm32f7xx_hal_adc.o
                0x00000000080021bc                HAL_ADC_Start_DMA
 .text.HAL_ADC_Stop_DMA
                0x0000000008002398       0x94 Drivers/STM32F7xx_HAL_Driver/Src/stm32f7xx_hal_adc.o
                0x0000000008002398                HAL_ADC_Stop_DMA
 .text.HAL_ADC_ConvHalfCpltCallback
                0x000000000800242c       0x14 Drivers/STM32F7xx_HAL_Driver/Src/stm32f7xx_hal_adc.o
                0x000000000800242c                HAL_ADC_ConvHalfCpltCallback
 .text.HAL_ADC_ErrorCallback
                0x0000000008002440       0x14 Drivers/STM32F7xx_HAL_Driver/Src/stm32f7xx_hal_adc.o
                0x0000000008002440                HAL_ADC_ErrorCallback
 .text.HAL_ADC_ConfigChannel
                0x0000000008002454      0x294 Drivers/STM32F7xx_HAL_Driver/Src/stm32f7xx_hal_adc.o
                0x0000000008002454                HAL_ADC_ConfigChannel
 .text.ADC_Init
                0x00000000080026e8      0x1f4 Drivers/STM32F7xx_HAL_Driver/Src/stm32f7xx_hal_adc.o
 .text.ADC_DMAConvCplt
                0x00000000080028dc       0xba Drivers/STM32F7xx_HAL_Driver/Src/stm32f7xx_hal_adc.o
 .text.ADC_DMAHalfConvCplt
                0x0000000008002996       0x1c Drivers/STM32F7xx_HAL_Driver/Src/stm32f7xx_hal_adc.o
 .text.ADC_DMAError
                0x00000000080029b2       0x2e Drivers/STM32F7xx_HAL_Driver/Src/stm32f7xx_hal_adc.o
 .text.__NVIC_SetPriorityGrouping
                0x00000000080029e0       0x48 Drivers/STM32F7xx_HAL_Driver/Src/stm32f7xx_hal_cortex.o
 .text.__NVIC_GetPriorityGrouping
                0x0000000008002a28       0x1c Drivers/STM32F7xx_HAL_Driver/Src/stm32f7xx_hal_cortex.o
 .text.__NVIC_EnableIRQ
                0x0000000008002a44       0x3c Drivers/STM32F7xx_HAL_Driver/Src/stm32f7xx_hal_cortex.o
 .text.__NVIC_SetPriority
                0x0000000008002a80       0x54 Drivers/STM32F7xx_HAL_Driver/Src/stm32f7xx_hal_cortex.o
 .text.NVIC_EncodePriority
                0x0000000008002ad4       0x66 Drivers/STM32F7xx_HAL_Driver/Src/stm32f7xx_hal_cortex.o
 *fill*         0x0000000008002b3a        0x2 
 .text.SysTick_Config
                0x0000000008002b3c       0x44 Drivers/STM32F7xx_HAL_Driver/Src/stm32f7xx_hal_cortex.o
 .text.HAL_NVIC_SetPriorityGrouping
                0x0000000008002b80       0x16 Drivers/STM32F7xx_HAL_Driver/Src/stm32f7xx_hal_cortex.o
                0x0000000008002b80                HAL_NVIC_SetPriorityGrouping
 .text.HAL_NVIC_SetPriority
                0x0000000008002b96       0x38 Drivers/STM32F7xx_HAL_Driver/Src/stm32f7xx_hal_cortex.o
                0x0000000008002b96                HAL_NVIC_SetPriority
 .text.HAL_NVIC_EnableIRQ
                0x0000000008002bce       0x1c Drivers/STM32F7xx_HAL_Driver/Src/stm32f7xx_hal_cortex.o
                0x0000000008002bce                HAL_NVIC_EnableIRQ
 .text.HAL_SYSTICK_Config
                0x0000000008002bea       0x18 Drivers/STM32F7xx_HAL_Driver/Src/stm32f7xx_hal_cortex.o
                0x0000000008002bea                HAL_SYSTICK_Config
 *fill*         0x0000000008002c02        0x2 
 .text.HAL_DMA_Init
                0x0000000008002c04      0x15c Drivers/STM32F7xx_HAL_Driver/Src/stm32f7xx_hal_dma.o
                0x0000000008002c04                HAL_DMA_Init
 .text.HAL_DMA_Start_IT
                0x0000000008002d60       0xc0 Drivers/STM32F7xx_HAL_Driver/Src/stm32f7xx_hal_dma.o
                0x0000000008002d60                HAL_DMA_Start_IT
 .text.HAL_DMA_Abort
                0x0000000008002e20       0xe0 Drivers/STM32F7xx_HAL_Driver/Src/stm32f7xx_hal_dma.o
                0x0000000008002e20                HAL_DMA_Abort
 .text.HAL_DMA_Abort_IT
                0x0000000008002f00       0x44 Drivers/STM32F7xx_HAL_Driver/Src/stm32f7xx_hal_dma.o
                0x0000000008002f00                HAL_DMA_Abort_IT
 .text.HAL_DMA_IRQHandler
                0x0000000008002f44      0x314 Drivers/STM32F7xx_HAL_Driver/Src/stm32f7xx_hal_dma.o
                0x0000000008002f44                HAL_DMA_IRQHandler
 .text.DMA_SetConfig
                0x0000000008003258       0x5c Drivers/STM32F7xx_HAL_Driver/Src/stm32f7xx_hal_dma.o
 .text.DMA_CalcBaseAndBitshift
                0x00000000080032b4       0x6c Drivers/STM32F7xx_HAL_Driver/Src/stm32f7xx_hal_dma.o
 .text.DMA_CheckFifoParam
                0x0000000008003320       0xf4 Drivers/STM32F7xx_HAL_Driver/Src/stm32f7xx_hal_dma.o
 .text.HAL_GPIO_Init
                0x0000000008003414      0x354 Drivers/STM32F7xx_HAL_Driver/Src/stm32f7xx_hal_gpio.o
                0x0000000008003414                HAL_GPIO_Init
 .text.HAL_GPIO_WritePin
                0x0000000008003768       0x32 Drivers/STM32F7xx_HAL_Driver/Src/stm32f7xx_hal_gpio.o
                0x0000000008003768                HAL_GPIO_WritePin
 .text.HAL_PCD_Init
                0x000000000800379a      0x248 Drivers/STM32F7xx_HAL_Driver/Src/stm32f7xx_hal_pcd.o
                0x000000000800379a                HAL_PCD_Init
 *fill*         0x00000000080039e2        0x2 
 .text.HAL_PCDEx_ActivateLPM
                0x00000000080039e4       0x48 Drivers/STM32F7xx_HAL_Driver/Src/stm32f7xx_hal_pcd_ex.o
                0x00000000080039e4                HAL_PCDEx_ActivateLPM
 .text.HAL_PWR_EnableBkUpAccess
                0x0000000008003a2c       0x20 Drivers/STM32F7xx_HAL_Driver/Src/stm32f7xx_hal_pwr.o
                0x0000000008003a2c                HAL_PWR_EnableBkUpAccess
 .text.HAL_PWREx_EnableOverDrive
                0x0000000008003a4c       0xa0 Drivers/STM32F7xx_HAL_Driver/Src/stm32f7xx_hal_pwr_ex.o
                0x0000000008003a4c                HAL_PWREx_EnableOverDrive
 .text.HAL_RCC_OscConfig
                0x0000000008003aec      0x55c Drivers/STM32F7xx_HAL_Driver/Src/stm32f7xx_hal_rcc.o
                0x0000000008003aec                HAL_RCC_OscConfig
 .text.HAL_RCC_ClockConfig
                0x0000000008004048      0x1d8 Drivers/STM32F7xx_HAL_Driver/Src/stm32f7xx_hal_rcc.o
                0x0000000008004048                HAL_RCC_ClockConfig
 .text.HAL_RCC_GetSysClockFreq
                0x0000000008004220      0x1b0 Drivers/STM32F7xx_HAL_Driver/Src/stm32f7xx_hal_rcc.o
                0x0000000008004220                HAL_RCC_GetSysClockFreq
 .text.HAL_RCC_GetHCLKFreq
                0x00000000080043d0       0x18 Drivers/STM32F7xx_HAL_Driver/Src/stm32f7xx_hal_rcc.o
                0x00000000080043d0                HAL_RCC_GetHCLKFreq
 .text.HAL_RCC_GetPCLK1Freq
                0x00000000080043e8       0x28 Drivers/STM32F7xx_HAL_Driver/Src/stm32f7xx_hal_rcc.o
                0x00000000080043e8                HAL_RCC_GetPCLK1Freq
 .text.HAL_RCC_GetPCLK2Freq
                0x0000000008004410       0x28 Drivers/STM32F7xx_HAL_Driver/Src/stm32f7xx_hal_rcc.o
                0x0000000008004410                HAL_RCC_GetPCLK2Freq
 .text.HAL_RCCEx_PeriphCLKConfig
                0x0000000008004438      0x84c Drivers/STM32F7xx_HAL_Driver/Src/stm32f7xx_hal_rcc_ex.o
                0x0000000008004438                HAL_RCCEx_PeriphCLKConfig
 .text.HAL_SPI_Init
                0x0000000008004c84      0x124 Drivers/STM32F7xx_HAL_Driver/Src/stm32f7xx_hal_spi.o
                0x0000000008004c84                HAL_SPI_Init
 .text.HAL_SPI_Receive_DMA
                0x0000000008004da8      0x238 Drivers/STM32F7xx_HAL_Driver/Src/stm32f7xx_hal_spi.o
                0x0000000008004da8                HAL_SPI_Receive_DMA
 .text.HAL_SPI_TransmitReceive_DMA
                0x0000000008004fe0      0x318 Drivers/STM32F7xx_HAL_Driver/Src/stm32f7xx_hal_spi.o
                0x0000000008004fe0                HAL_SPI_TransmitReceive_DMA
 .text.HAL_SPI_TxRxCpltCallback
                0x00000000080052f8       0x14 Drivers/STM32F7xx_HAL_Driver/Src/stm32f7xx_hal_spi.o
                0x00000000080052f8                HAL_SPI_TxRxCpltCallback
 .text.HAL_SPI_RxHalfCpltCallback
                0x000000000800530c       0x14 Drivers/STM32F7xx_HAL_Driver/Src/stm32f7xx_hal_spi.o
                0x000000000800530c                HAL_SPI_RxHalfCpltCallback
 .text.HAL_SPI_TxRxHalfCpltCallback
                0x0000000008005320       0x14 Drivers/STM32F7xx_HAL_Driver/Src/stm32f7xx_hal_spi.o
                0x0000000008005320                HAL_SPI_TxRxHalfCpltCallback
 .text.HAL_SPI_ErrorCallback
                0x0000000008005334       0x14 Drivers/STM32F7xx_HAL_Driver/Src/stm32f7xx_hal_spi.o
                0x0000000008005334                HAL_SPI_ErrorCallback
 .text.SPI_DMAReceiveCplt
                0x0000000008005348       0x86 Drivers/STM32F7xx_HAL_Driver/Src/stm32f7xx_hal_spi.o
 .text.SPI_DMATransmitReceiveCplt
                0x00000000080053ce       0x92 Drivers/STM32F7xx_HAL_Driver/Src/stm32f7xx_hal_spi.o
 .text.SPI_DMAHalfReceiveCplt
                0x0000000008005460       0x1c Drivers/STM32F7xx_HAL_Driver/Src/stm32f7xx_hal_spi.o
 .text.SPI_DMAHalfTransmitReceiveCplt
                0x000000000800547c       0x1c Drivers/STM32F7xx_HAL_Driver/Src/stm32f7xx_hal_spi.o
 .text.SPI_DMAError
                0x0000000008005498       0x40 Drivers/STM32F7xx_HAL_Driver/Src/stm32f7xx_hal_spi.o
 .text.SPI_WaitFlagStateUntilTimeout
                0x00000000080054d8       0xd4 Drivers/STM32F7xx_HAL_Driver/Src/stm32f7xx_hal_spi.o
 .text.SPI_WaitFifoStateUntilTimeout
                0x00000000080055ac       0xda Drivers/STM32F7xx_HAL_Driver/Src/stm32f7xx_hal_spi.o
 .text.SPI_EndRxTransaction
                0x0000000008005686       0xb0 Drivers/STM32F7xx_HAL_Driver/Src/stm32f7xx_hal_spi.o
 .text.SPI_EndRxTxTransaction
                0x0000000008005736       0x8c Drivers/STM32F7xx_HAL_Driver/Src/stm32f7xx_hal_spi.o
 .text.HAL_TIM_Base_Init
                0x00000000080057c2       0x56 Drivers/STM32F7xx_HAL_Driver/Src/stm32f7xx_hal_tim.o
                0x00000000080057c2                HAL_TIM_Base_Init
 .text.HAL_TIM_Base_Start_IT
                0x0000000008005818       0x54 Drivers/STM32F7xx_HAL_Driver/Src/stm32f7xx_hal_tim.o
                0x0000000008005818                HAL_TIM_Base_Start_IT
 .text.HAL_TIM_Base_Stop_IT
                0x000000000800586c       0x56 Drivers/STM32F7xx_HAL_Driver/Src/stm32f7xx_hal_tim.o
                0x000000000800586c                HAL_TIM_Base_Stop_IT
 .text.HAL_TIM_PWM_Init
                0x00000000080058c2       0x56 Drivers/STM32F7xx_HAL_Driver/Src/stm32f7xx_hal_tim.o
                0x00000000080058c2                HAL_TIM_PWM_Init
 .text.HAL_TIM_PWM_MspInit
                0x0000000008005918       0x14 Drivers/STM32F7xx_HAL_Driver/Src/stm32f7xx_hal_tim.o
                0x0000000008005918                HAL_TIM_PWM_MspInit
 .text.HAL_TIM_PWM_Start_IT
                0x000000000800592c      0x114 Drivers/STM32F7xx_HAL_Driver/Src/stm32f7xx_hal_tim.o
                0x000000000800592c                HAL_TIM_PWM_Start_IT
 .text.HAL_TIM_PWM_Stop_IT
                0x0000000008005a40      0x134 Drivers/STM32F7xx_HAL_Driver/Src/stm32f7xx_hal_tim.o
                0x0000000008005a40                HAL_TIM_PWM_Stop_IT
 .text.HAL_TIM_IC_Init
                0x0000000008005b74       0x56 Drivers/STM32F7xx_HAL_Driver/Src/stm32f7xx_hal_tim.o
                0x0000000008005b74                HAL_TIM_IC_Init
 *fill*         0x0000000008005bca        0x2 
 .text.HAL_TIM_IC_Start_IT
                0x0000000008005bcc       0xdc Drivers/STM32F7xx_HAL_Driver/Src/stm32f7xx_hal_tim.o
                0x0000000008005bcc                HAL_TIM_IC_Start_IT
 .text.HAL_TIM_OnePulse_Init
                0x0000000008005ca8       0x78 Drivers/STM32F7xx_HAL_Driver/Src/stm32f7xx_hal_tim.o
                0x0000000008005ca8                HAL_TIM_OnePulse_Init
 .text.HAL_TIM_OnePulse_MspInit
                0x0000000008005d20       0x14 Drivers/STM32F7xx_HAL_Driver/Src/stm32f7xx_hal_tim.o
                0x0000000008005d20                HAL_TIM_OnePulse_MspInit
 .text.HAL_TIM_IRQHandler
                0x0000000008005d34      0x23e Drivers/STM32F7xx_HAL_Driver/Src/stm32f7xx_hal_tim.o
                0x0000000008005d34                HAL_TIM_IRQHandler
 .text.HAL_TIM_IC_ConfigChannel
                0x0000000008005f72      0x138 Drivers/STM32F7xx_HAL_Driver/Src/stm32f7xx_hal_tim.o
                0x0000000008005f72                HAL_TIM_IC_ConfigChannel
 *fill*         0x00000000080060aa        0x2 
 .text.HAL_TIM_PWM_ConfigChannel
                0x00000000080060ac      0x230 Drivers/STM32F7xx_HAL_Driver/Src/stm32f7xx_hal_tim.o
                0x00000000080060ac                HAL_TIM_PWM_ConfigChannel
 .text.HAL_TIM_ConfigClockSource
                0x00000000080062dc      0x174 Drivers/STM32F7xx_HAL_Driver/Src/stm32f7xx_hal_tim.o
                0x00000000080062dc                HAL_TIM_ConfigClockSource
 .text.HAL_TIM_SlaveConfigSynchro
                0x0000000008006450       0x84 Drivers/STM32F7xx_HAL_Driver/Src/stm32f7xx_hal_tim.o
                0x0000000008006450                HAL_TIM_SlaveConfigSynchro
 .text.HAL_TIM_ReadCapturedValue
                0x00000000080064d4       0x88 Drivers/STM32F7xx_HAL_Driver/Src/stm32f7xx_hal_tim.o
                0x00000000080064d4                HAL_TIM_ReadCapturedValue
 .text.HAL_TIM_OC_DelayElapsedCallback
                0x000000000800655c       0x14 Drivers/STM32F7xx_HAL_Driver/Src/stm32f7xx_hal_tim.o
                0x000000000800655c                HAL_TIM_OC_DelayElapsedCallback
 .text.HAL_TIM_PWM_PulseFinishedCallback
                0x0000000008006570       0x14 Drivers/STM32F7xx_HAL_Driver/Src/stm32f7xx_hal_tim.o
                0x0000000008006570                HAL_TIM_PWM_PulseFinishedCallback
 .text.HAL_TIM_TriggerCallback
                0x0000000008006584       0x14 Drivers/STM32F7xx_HAL_Driver/Src/stm32f7xx_hal_tim.o
                0x0000000008006584                HAL_TIM_TriggerCallback
 .text.TIM_Base_SetConfig
                0x0000000008006598      0x140 Drivers/STM32F7xx_HAL_Driver/Src/stm32f7xx_hal_tim.o
                0x0000000008006598                TIM_Base_SetConfig
 .text.TIM_OC1_SetConfig
                0x00000000080066d8       0xe4 Drivers/STM32F7xx_HAL_Driver/Src/stm32f7xx_hal_tim.o
 .text.TIM_OC2_SetConfig
                0x00000000080067bc       0xf0 Drivers/STM32F7xx_HAL_Driver/Src/stm32f7xx_hal_tim.o
                0x00000000080067bc                TIM_OC2_SetConfig
 .text.TIM_OC3_SetConfig
                0x00000000080068ac       0xec Drivers/STM32F7xx_HAL_Driver/Src/stm32f7xx_hal_tim.o
 .text.TIM_OC4_SetConfig
                0x0000000008006998       0xb0 Drivers/STM32F7xx_HAL_Driver/Src/stm32f7xx_hal_tim.o
 .text.TIM_OC5_SetConfig
                0x0000000008006a48       0xa4 Drivers/STM32F7xx_HAL_Driver/Src/stm32f7xx_hal_tim.o
 .text.TIM_OC6_SetConfig
                0x0000000008006aec       0xa8 Drivers/STM32F7xx_HAL_Driver/Src/stm32f7xx_hal_tim.o
 .text.TIM_SlaveTimer_SetConfig
                0x0000000008006b94      0x110 Drivers/STM32F7xx_HAL_Driver/Src/stm32f7xx_hal_tim.o
 .text.TIM_TI1_SetConfig
                0x0000000008006ca4       0xe8 Drivers/STM32F7xx_HAL_Driver/Src/stm32f7xx_hal_tim.o
                0x0000000008006ca4                TIM_TI1_SetConfig
 .text.TIM_TI1_ConfigInputStage
                0x0000000008006d8c       0x5e Drivers/STM32F7xx_HAL_Driver/Src/stm32f7xx_hal_tim.o
 .text.TIM_TI2_SetConfig
                0x0000000008006dea       0x7a Drivers/STM32F7xx_HAL_Driver/Src/stm32f7xx_hal_tim.o
 .text.TIM_TI2_ConfigInputStage
                0x0000000008006e64       0x60 Drivers/STM32F7xx_HAL_Driver/Src/stm32f7xx_hal_tim.o
 .text.TIM_TI3_SetConfig
                0x0000000008006ec4       0x78 Drivers/STM32F7xx_HAL_Driver/Src/stm32f7xx_hal_tim.o
 .text.TIM_TI4_SetConfig
                0x0000000008006f3c       0x7a Drivers/STM32F7xx_HAL_Driver/Src/stm32f7xx_hal_tim.o
 .text.TIM_ITRx_SetConfig
                0x0000000008006fb6       0x36 Drivers/STM32F7xx_HAL_Driver/Src/stm32f7xx_hal_tim.o
 .text.TIM_ETR_SetConfig
                0x0000000008006fec       0x40 Drivers/STM32F7xx_HAL_Driver/Src/stm32f7xx_hal_tim.o
                0x0000000008006fec                TIM_ETR_SetConfig
 .text.TIM_CCxChannelCmd
                0x000000000800702c       0x4a Drivers/STM32F7xx_HAL_Driver/Src/stm32f7xx_hal_tim.o
                0x000000000800702c                TIM_CCxChannelCmd
 *fill*         0x0000000008007076        0x2 
 .text.HAL_TIMEx_MasterConfigSynchronization
                0x0000000008007078      0x11c Drivers/STM32F7xx_HAL_Driver/Src/stm32f7xx_hal_tim_ex.o
                0x0000000008007078                HAL_TIMEx_MasterConfigSynchronization
 .text.HAL_TIMEx_ConfigBreakDeadTime
                0x0000000008007194       0xfc Drivers/STM32F7xx_HAL_Driver/Src/stm32f7xx_hal_tim_ex.o
                0x0000000008007194                HAL_TIMEx_ConfigBreakDeadTime
 .text.HAL_TIMEx_CommutCallback
                0x0000000008007290       0x14 Drivers/STM32F7xx_HAL_Driver/Src/stm32f7xx_hal_tim_ex.o
                0x0000000008007290                HAL_TIMEx_CommutCallback
 .text.HAL_TIMEx_BreakCallback
                0x00000000080072a4       0x14 Drivers/STM32F7xx_HAL_Driver/Src/stm32f7xx_hal_tim_ex.o
                0x00000000080072a4                HAL_TIMEx_BreakCallback
 .text.HAL_TIMEx_Break2Callback
                0x00000000080072b8       0x14 Drivers/STM32F7xx_HAL_Driver/Src/stm32f7xx_hal_tim_ex.o
                0x00000000080072b8                HAL_TIMEx_Break2Callback
 .text.HAL_UART_Init
                0x00000000080072cc       0x9c Drivers/STM32F7xx_HAL_Driver/Src/stm32f7xx_hal_uart.o
                0x00000000080072cc                HAL_UART_Init
 .text.HAL_UART_Transmit
                0x0000000008007368      0x122 Drivers/STM32F7xx_HAL_Driver/Src/stm32f7xx_hal_uart.o
                0x0000000008007368                HAL_UART_Transmit
 *fill*         0x000000000800748a        0x2 
 .text.HAL_UART_Receive_IT
                0x000000000800748c      0x144 Drivers/STM32F7xx_HAL_Driver/Src/stm32f7xx_hal_uart.o
                0x000000000800748c                HAL_UART_Receive_IT
 .text.HAL_UART_IRQHandler
                0x00000000080075d0      0x28c Drivers/STM32F7xx_HAL_Driver/Src/stm32f7xx_hal_uart.o
                0x00000000080075d0                HAL_UART_IRQHandler
 .text.HAL_UART_TxCpltCallback
                0x000000000800785c       0x14 Drivers/STM32F7xx_HAL_Driver/Src/stm32f7xx_hal_uart.o
                0x000000000800785c                HAL_UART_TxCpltCallback
 .text.HAL_UART_ErrorCallback
                0x0000000008007870       0x14 Drivers/STM32F7xx_HAL_Driver/Src/stm32f7xx_hal_uart.o
                0x0000000008007870                HAL_UART_ErrorCallback
 .text.HAL_UARTEx_WakeupCallback
                0x0000000008007884       0x14 Drivers/STM32F7xx_HAL_Driver/Src/stm32f7xx_hal_uart.o
                0x0000000008007884                HAL_UARTEx_WakeupCallback
 .text.UART_SetConfig
                0x0000000008007898      0x554 Drivers/STM32F7xx_HAL_Driver/Src/stm32f7xx_hal_uart.o
                0x0000000008007898                UART_SetConfig
 .text.UART_AdvFeatureConfig
                0x0000000008007dec      0x144 Drivers/STM32F7xx_HAL_Driver/Src/stm32f7xx_hal_uart.o
                0x0000000008007dec                UART_AdvFeatureConfig
 .text.UART_CheckIdleState
                0x0000000008007f30       0x8a Drivers/STM32F7xx_HAL_Driver/Src/stm32f7xx_hal_uart.o
                0x0000000008007f30                UART_CheckIdleState
 .text.UART_WaitOnFlagUntilTimeout
                0x0000000008007fba       0xf6 Drivers/STM32F7xx_HAL_Driver/Src/stm32f7xx_hal_uart.o
                0x0000000008007fba                UART_WaitOnFlagUntilTimeout
 .text.UART_EndRxTransfer
                0x00000000080080b0       0x40 Drivers/STM32F7xx_HAL_Driver/Src/stm32f7xx_hal_uart.o
 .text.UART_DMAAbortOnError
                0x00000000080080f0       0x2c Drivers/STM32F7xx_HAL_Driver/Src/stm32f7xx_hal_uart.o
 .text.UART_EndTransmit_IT
                0x000000000800811c       0x32 Drivers/STM32F7xx_HAL_Driver/Src/stm32f7xx_hal_uart.o
 .text.UART_RxISR_8BIT
                0x000000000800814e       0xa6 Drivers/STM32F7xx_HAL_Driver/Src/stm32f7xx_hal_uart.o
 .text.UART_RxISR_16BIT
                0x00000000080081f4       0xa6 Drivers/STM32F7xx_HAL_Driver/Src/stm32f7xx_hal_uart.o
 *fill*         0x000000000800829a        0x2 
 .text.USB_CoreInit
                0x000000000800829c       0xb0 Drivers/STM32F7xx_HAL_Driver/Src/stm32f7xx_ll_usb.o
                0x000000000800829c                USB_CoreInit
 .text.USB_DisableGlobalInt
                0x000000000800834c       0x22 Drivers/STM32F7xx_HAL_Driver/Src/stm32f7xx_ll_usb.o
                0x000000000800834c                USB_DisableGlobalInt
 .text.USB_SetCurrentMode
                0x000000000800836e       0x54 Drivers/STM32F7xx_HAL_Driver/Src/stm32f7xx_ll_usb.o
                0x000000000800836e                USB_SetCurrentMode
 *fill*         0x00000000080083c2        0x2 
 .text.USB_DevInit
                0x00000000080083c4      0x2dc Drivers/STM32F7xx_HAL_Driver/Src/stm32f7xx_ll_usb.o
                0x00000000080083c4                USB_DevInit
 .text.USB_FlushTxFifo
                0x00000000080086a0       0x4c Drivers/STM32F7xx_HAL_Driver/Src/stm32f7xx_ll_usb.o
                0x00000000080086a0                USB_FlushTxFifo
 .text.USB_FlushRxFifo
                0x00000000080086ec       0x44 Drivers/STM32F7xx_HAL_Driver/Src/stm32f7xx_ll_usb.o
                0x00000000080086ec                USB_FlushRxFifo
 .text.USB_SetDevSpeed
                0x0000000008008730       0x32 Drivers/STM32F7xx_HAL_Driver/Src/stm32f7xx_ll_usb.o
                0x0000000008008730                USB_SetDevSpeed
 .text.USB_DevDisconnect
                0x0000000008008762       0x30 Drivers/STM32F7xx_HAL_Driver/Src/stm32f7xx_ll_usb.o
                0x0000000008008762                USB_DevDisconnect
 *fill*         0x0000000008008792        0x2 
 .text.USB_CoreReset
                0x0000000008008794       0x68 Drivers/STM32F7xx_HAL_Driver/Src/stm32f7xx_ll_usb.o
 .text.__errno  0x00000000080087fc        0xc c:/st/stm32cubeide_1.0.2/stm32cubeide/plugins/com.st.stm32cube.ide.mcu.externaltools.gnu-tools-for-stm32.7-2018-q2-update.win32_1.0.0.201904181610/tools/bin/../lib/gcc/arm-none-eabi/7.3.1/../../../../arm-none-eabi/lib/thumb/v7e-m/fpv5/hard\libc_nano.a(lib_a-errno.o)
                0x00000000080087fc                __errno
 .text.__libc_init_array
                0x0000000008008808       0x48 c:/st/stm32cubeide_1.0.2/stm32cubeide/plugins/com.st.stm32cube.ide.mcu.externaltools.gnu-tools-for-stm32.7-2018-q2-update.win32_1.0.0.201904181610/tools/bin/../lib/gcc/arm-none-eabi/7.3.1/../../../../arm-none-eabi/lib/thumb/v7e-m/fpv5/hard\libc_nano.a(lib_a-init.o)
                0x0000000008008808                __libc_init_array
 .text.memset   0x0000000008008850       0x10 c:/st/stm32cubeide_1.0.2/stm32cubeide/plugins/com.st.stm32cube.ide.mcu.externaltools.gnu-tools-for-stm32.7-2018-q2-update.win32_1.0.0.201904181610/tools/bin/../lib/gcc/arm-none-eabi/7.3.1/../../../../arm-none-eabi/lib/thumb/v7e-m/fpv5/hard\libc_nano.a(lib_a-memset.o)
                0x0000000008008850                memset
 .text.sprintf  0x0000000008008860       0x40 c:/st/stm32cubeide_1.0.2/stm32cubeide/plugins/com.st.stm32cube.ide.mcu.externaltools.gnu-tools-for-stm32.7-2018-q2-update.win32_1.0.0.201904181610/tools/bin/../lib/gcc/arm-none-eabi/7.3.1/../../../../arm-none-eabi/lib/thumb/v7e-m/fpv5/hard\libc_nano.a(lib_a-sprintf.o)
                0x0000000008008860                siprintf
                0x0000000008008860                sprintf
 .text.__ssputs_r
                0x00000000080088a0       0xb4 c:/st/stm32cubeide_1.0.2/stm32cubeide/plugins/com.st.stm32cube.ide.mcu.externaltools.gnu-tools-for-stm32.7-2018-q2-update.win32_1.0.0.201904181610/tools/bin/../lib/gcc/arm-none-eabi/7.3.1/../../../../arm-none-eabi/lib/thumb/v7e-m/fpv5/hard\libc_nano.a(lib_a-nano-svfprintf.o)
                0x00000000080088a0                __ssputs_r
 .text._svfprintf_r
                0x0000000008008954      0x1f0 c:/st/stm32cubeide_1.0.2/stm32cubeide/plugins/com.st.stm32cube.ide.mcu.externaltools.gnu-tools-for-stm32.7-2018-q2-update.win32_1.0.0.201904181610/tools/bin/../lib/gcc/arm-none-eabi/7.3.1/../../../../arm-none-eabi/lib/thumb/v7e-m/fpv5/hard\libc_nano.a(lib_a-nano-svfprintf.o)
                0x0000000008008954                _svfiprintf_r
                0x0000000008008954                _svfprintf_r
 .text._printf_common
                0x0000000008008b44       0xea c:/st/stm32cubeide_1.0.2/stm32cubeide/plugins/com.st.stm32cube.ide.mcu.externaltools.gnu-tools-for-stm32.7-2018-q2-update.win32_1.0.0.201904181610/tools/bin/../lib/gcc/arm-none-eabi/7.3.1/../../../../arm-none-eabi/lib/thumb/v7e-m/fpv5/hard\libc_nano.a(lib_a-nano-vfprintf_i.o)
                0x0000000008008b44                _printf_common
 *fill*         0x0000000008008c2e        0x2 
 .text._printf_i
                0x0000000008008c30      0x224 c:/st/stm32cubeide_1.0.2/stm32cubeide/plugins/com.st.stm32cube.ide.mcu.externaltools.gnu-tools-for-stm32.7-2018-q2-update.win32_1.0.0.201904181610/tools/bin/../lib/gcc/arm-none-eabi/7.3.1/../../../../arm-none-eabi/lib/thumb/v7e-m/fpv5/hard\libc_nano.a(lib_a-nano-vfprintf_i.o)
                0x0000000008008c30                _printf_i
 .text.memcpy   0x0000000008008e54       0x16 c:/st/stm32cubeide_1.0.2/stm32cubeide/plugins/com.st.stm32cube.ide.mcu.externaltools.gnu-tools-for-stm32.7-2018-q2-update.win32_1.0.0.201904181610/tools/bin/../lib/gcc/arm-none-eabi/7.3.1/../../../../arm-none-eabi/lib/thumb/v7e-m/fpv5/hard\libc_nano.a(lib_a-memcpy-stub.o)
                0x0000000008008e54                memcpy
 .text.memmove  0x0000000008008e6a       0x32 c:/st/stm32cubeide_1.0.2/stm32cubeide/plugins/com.st.stm32cube.ide.mcu.externaltools.gnu-tools-for-stm32.7-2018-q2-update.win32_1.0.0.201904181610/tools/bin/../lib/gcc/arm-none-eabi/7.3.1/../../../../arm-none-eabi/lib/thumb/v7e-m/fpv5/hard\libc_nano.a(lib_a-memmove.o)
                0x0000000008008e6a                memmove
 .text._free_r  0x0000000008008e9c       0x9c c:/st/stm32cubeide_1.0.2/stm32cubeide/plugins/com.st.stm32cube.ide.mcu.externaltools.gnu-tools-for-stm32.7-2018-q2-update.win32_1.0.0.201904181610/tools/bin/../lib/gcc/arm-none-eabi/7.3.1/../../../../arm-none-eabi/lib/thumb/v7e-m/fpv5/hard\libc_nano.a(lib_a-nano-freer.o)
                0x0000000008008e9c                _free_r
 .text._malloc_r
                0x0000000008008f38       0xb4 c:/st/stm32cubeide_1.0.2/stm32cubeide/plugins/com.st.stm32cube.ide.mcu.externaltools.gnu-tools-for-stm32.7-2018-q2-update.win32_1.0.0.201904181610/tools/bin/../lib/gcc/arm-none-eabi/7.3.1/../../../../arm-none-eabi/lib/thumb/v7e-m/fpv5/hard\libc_nano.a(lib_a-nano-mallocr.o)
                0x0000000008008f38                _malloc_r
 .text._realloc_r
                0x0000000008008fec       0x4c c:/st/stm32cubeide_1.0.2/stm32cubeide/plugins/com.st.stm32cube.ide.mcu.externaltools.gnu-tools-for-stm32.7-2018-q2-update.win32_1.0.0.201904181610/tools/bin/../lib/gcc/arm-none-eabi/7.3.1/../../../../arm-none-eabi/lib/thumb/v7e-m/fpv5/hard\libc_nano.a(lib_a-nano-reallocr.o)
                0x0000000008008fec                _realloc_r
 .text._sbrk_r  0x0000000008009038       0x20 c:/st/stm32cubeide_1.0.2/stm32cubeide/plugins/com.st.stm32cube.ide.mcu.externaltools.gnu-tools-for-stm32.7-2018-q2-update.win32_1.0.0.201904181610/tools/bin/../lib/gcc/arm-none-eabi/7.3.1/../../../../arm-none-eabi/lib/thumb/v7e-m/fpv5/hard\libc_nano.a(lib_a-sbrkr.o)
                0x0000000008009038                _sbrk_r
 .text.__malloc_lock
                0x0000000008009058        0x2 c:/st/stm32cubeide_1.0.2/stm32cubeide/plugins/com.st.stm32cube.ide.mcu.externaltools.gnu-tools-for-stm32.7-2018-q2-update.win32_1.0.0.201904181610/tools/bin/../lib/gcc/arm-none-eabi/7.3.1/../../../../arm-none-eabi/lib/thumb/v7e-m/fpv5/hard\libc_nano.a(lib_a-mlock.o)
                0x0000000008009058                __malloc_lock
 .text.__malloc_unlock
                0x000000000800905a        0x2 c:/st/stm32cubeide_1.0.2/stm32cubeide/plugins/com.st.stm32cube.ide.mcu.externaltools.gnu-tools-for-stm32.7-2018-q2-update.win32_1.0.0.201904181610/tools/bin/../lib/gcc/arm-none-eabi/7.3.1/../../../../arm-none-eabi/lib/thumb/v7e-m/fpv5/hard\libc_nano.a(lib_a-mlock.o)
                0x000000000800905a                __malloc_unlock
 .text._malloc_usable_size_r
                0x000000000800905c       0x10 c:/st/stm32cubeide_1.0.2/stm32cubeide/plugins/com.st.stm32cube.ide.mcu.externaltools.gnu-tools-for-stm32.7-2018-q2-update.win32_1.0.0.201904181610/tools/bin/../lib/gcc/arm-none-eabi/7.3.1/../../../../arm-none-eabi/lib/thumb/v7e-m/fpv5/hard\libc_nano.a(lib_a-nano-msizer.o)
                0x000000000800905c                _malloc_usable_size_r
 *(.glue_7)
 .glue_7        0x000000000800906c        0x0 linker stubs
 *(.glue_7t)
 .glue_7t       0x000000000800906c        0x0 linker stubs
 *(.eh_frame)
 .eh_frame      0x000000000800906c        0x0 c:/st/stm32cubeide_1.0.2/stm32cubeide/plugins/com.st.stm32cube.ide.mcu.externaltools.gnu-tools-for-stm32.7-2018-q2-update.win32_1.0.0.201904181610/tools/bin/../lib/gcc/arm-none-eabi/7.3.1/thumb/v7e-m/fpv5/hard/crtbegin.o
 *(.init)
 .init          0x000000000800906c        0x4 c:/st/stm32cubeide_1.0.2/stm32cubeide/plugins/com.st.stm32cube.ide.mcu.externaltools.gnu-tools-for-stm32.7-2018-q2-update.win32_1.0.0.201904181610/tools/bin/../lib/gcc/arm-none-eabi/7.3.1/thumb/v7e-m/fpv5/hard/crti.o
                0x000000000800906c                _init
 .init          0x0000000008009070        0x8 c:/st/stm32cubeide_1.0.2/stm32cubeide/plugins/com.st.stm32cube.ide.mcu.externaltools.gnu-tools-for-stm32.7-2018-q2-update.win32_1.0.0.201904181610/tools/bin/../lib/gcc/arm-none-eabi/7.3.1/thumb/v7e-m/fpv5/hard/crtn.o
 *(.fini)
 .fini          0x0000000008009078        0x4 c:/st/stm32cubeide_1.0.2/stm32cubeide/plugins/com.st.stm32cube.ide.mcu.externaltools.gnu-tools-for-stm32.7-2018-q2-update.win32_1.0.0.201904181610/tools/bin/../lib/gcc/arm-none-eabi/7.3.1/thumb/v7e-m/fpv5/hard/crti.o
                0x0000000008009078                _fini
 .fini          0x000000000800907c        0x8 c:/st/stm32cubeide_1.0.2/stm32cubeide/plugins/com.st.stm32cube.ide.mcu.externaltools.gnu-tools-for-stm32.7-2018-q2-update.win32_1.0.0.201904181610/tools/bin/../lib/gcc/arm-none-eabi/7.3.1/thumb/v7e-m/fpv5/hard/crtn.o
                0x0000000008009084                . = ALIGN (0x4)
                0x0000000008009084                _etext = .

.vfp11_veneer   0x0000000008009084        0x0
 .vfp11_veneer  0x0000000008009084        0x0 linker stubs

.v4_bx          0x0000000008009084        0x0
 .v4_bx         0x0000000008009084        0x0 linker stubs

.iplt           0x0000000008009084        0x0
 .iplt          0x0000000008009084        0x0 c:/st/stm32cubeide_1.0.2/stm32cubeide/plugins/com.st.stm32cube.ide.mcu.externaltools.gnu-tools-for-stm32.7-2018-q2-update.win32_1.0.0.201904181610/tools/bin/../lib/gcc/arm-none-eabi/7.3.1/thumb/v7e-m/fpv5/hard/crtbegin.o

.rodata         0x0000000008009084       0x68
                0x0000000008009084                . = ALIGN (0x4)
 *(.rodata)
 .rodata        0x0000000008009084       0x14 Core/Src/main.o
 *(.rodata*)
 .rodata.AHBPrescTable
                0x0000000008009098       0x10 Core/Src/system_stm32f7xx.o
                0x0000000008009098                AHBPrescTable
 .rodata.APBPrescTable
                0x00000000080090a8        0x8 Core/Src/system_stm32f7xx.o
                0x00000000080090a8                APBPrescTable
 .rodata.flagBitshiftOffset.9560
                0x00000000080090b0        0x8 Drivers/STM32F7xx_HAL_Driver/Src/stm32f7xx_hal_dma.o
 .rodata._svfprintf_r.str1.1
                0x00000000080090b8       0x11 c:/st/stm32cubeide_1.0.2/stm32cubeide/plugins/com.st.stm32cube.ide.mcu.externaltools.gnu-tools-for-stm32.7-2018-q2-update.win32_1.0.0.201904181610/tools/bin/../lib/gcc/arm-none-eabi/7.3.1/../../../../arm-none-eabi/lib/thumb/v7e-m/fpv5/hard\libc_nano.a(lib_a-nano-svfprintf.o)
 .rodata._printf_i.str1.1
                0x00000000080090c9       0x22 c:/st/stm32cubeide_1.0.2/stm32cubeide/plugins/com.st.stm32cube.ide.mcu.externaltools.gnu-tools-for-stm32.7-2018-q2-update.win32_1.0.0.201904181610/tools/bin/../lib/gcc/arm-none-eabi/7.3.1/../../../../arm-none-eabi/lib/thumb/v7e-m/fpv5/hard\libc_nano.a(lib_a-nano-vfprintf_i.o)
                0x00000000080090ec                . = ALIGN (0x4)
 *fill*         0x00000000080090eb        0x1 

.ARM.extab      0x00000000080090ec        0x0
                0x00000000080090ec                . = ALIGN (0x4)
 *(.ARM.extab* .gnu.linkonce.armextab.*)
                0x00000000080090ec                . = ALIGN (0x4)

.ARM            0x00000000080090ec        0x8
                0x00000000080090ec                . = ALIGN (0x4)
                0x00000000080090ec                __exidx_start = .
 *(.ARM.exidx*)
 .ARM.exidx     0x00000000080090ec        0x8 c:/st/stm32cubeide_1.0.2/stm32cubeide/plugins/com.st.stm32cube.ide.mcu.externaltools.gnu-tools-for-stm32.7-2018-q2-update.win32_1.0.0.201904181610/tools/bin/../lib/gcc/arm-none-eabi/7.3.1/thumb/v7e-m/fpv5/hard\libgcc.a(_udivmoddi4.o)
                0x00000000080090f4                __exidx_end = .
                0x00000000080090f4                . = ALIGN (0x4)

.rel.dyn        0x00000000080090f4        0x0
 .rel.iplt      0x00000000080090f4        0x0 c:/st/stm32cubeide_1.0.2/stm32cubeide/plugins/com.st.stm32cube.ide.mcu.externaltools.gnu-tools-for-stm32.7-2018-q2-update.win32_1.0.0.201904181610/tools/bin/../lib/gcc/arm-none-eabi/7.3.1/thumb/v7e-m/fpv5/hard/crtbegin.o

.preinit_array  0x00000000080090f4        0x0
                0x00000000080090f4                . = ALIGN (0x4)
                0x00000000080090f4                PROVIDE (__preinit_array_start = .)
 *(.preinit_array*)
                0x00000000080090f4                PROVIDE (__preinit_array_end = .)
                0x00000000080090f4                . = ALIGN (0x4)

.init_array     0x00000000080090f4        0x4
                0x00000000080090f4                . = ALIGN (0x4)
                0x00000000080090f4                PROVIDE (__init_array_start = .)
 *(SORT_BY_NAME(.init_array.*))
 *(.init_array*)
 .init_array    0x00000000080090f4        0x4 c:/st/stm32cubeide_1.0.2/stm32cubeide/plugins/com.st.stm32cube.ide.mcu.externaltools.gnu-tools-for-stm32.7-2018-q2-update.win32_1.0.0.201904181610/tools/bin/../lib/gcc/arm-none-eabi/7.3.1/thumb/v7e-m/fpv5/hard/crtbegin.o
                0x00000000080090f8                PROVIDE (__init_array_end = .)
                0x00000000080090f8                . = ALIGN (0x4)

.fini_array     0x00000000080090f8        0x4
                0x00000000080090f8                . = ALIGN (0x4)
                [!provide]                        PROVIDE (__fini_array_start = .)
 *(SORT_BY_NAME(.fini_array.*))
 *(.fini_array*)
 .fini_array    0x00000000080090f8        0x4 c:/st/stm32cubeide_1.0.2/stm32cubeide/plugins/com.st.stm32cube.ide.mcu.externaltools.gnu-tools-for-stm32.7-2018-q2-update.win32_1.0.0.201904181610/tools/bin/../lib/gcc/arm-none-eabi/7.3.1/thumb/v7e-m/fpv5/hard/crtbegin.o
                [!provide]                        PROVIDE (__fini_array_end = .)
                0x00000000080090fc                . = ALIGN (0x4)
                0x00000000080090fc                _sidata = LOADADDR (.data)

.data           0x0000000020000000       0x74 load address 0x00000000080090fc
                0x0000000020000000                . = ALIGN (0x4)
                0x0000000020000000                _sdata = .
 *(.data)
 *(.data*)
 .data.samplesPerPeriod
                0x0000000020000000        0x4 Core/Src/main.o
                0x0000000020000000                samplesPerPeriod
 .data.SystemCoreClock
                0x0000000020000004        0x4 Core/Src/system_stm32f7xx.o
                0x0000000020000004                SystemCoreClock
 .data.uwTickPrio
                0x0000000020000008        0x4 Drivers/STM32F7xx_HAL_Driver/Src/stm32f7xx_hal.o
                0x0000000020000008                uwTickPrio
 .data.uwTickFreq
                0x000000002000000c        0x1 Drivers/STM32F7xx_HAL_Driver/Src/stm32f7xx_hal.o
                0x000000002000000c                uwTickFreq
 *fill*         0x000000002000000d        0x3 
 .data._impure_ptr
                0x0000000020000010        0x4 c:/st/stm32cubeide_1.0.2/stm32cubeide/plugins/com.st.stm32cube.ide.mcu.externaltools.gnu-tools-for-stm32.7-2018-q2-update.win32_1.0.0.201904181610/tools/bin/../lib/gcc/arm-none-eabi/7.3.1/../../../../arm-none-eabi/lib/thumb/v7e-m/fpv5/hard\libc_nano.a(lib_a-impure.o)
                0x0000000020000010                _impure_ptr
 .data.impure_data
                0x0000000020000014       0x60 c:/st/stm32cubeide_1.0.2/stm32cubeide/plugins/com.st.stm32cube.ide.mcu.externaltools.gnu-tools-for-stm32.7-2018-q2-update.win32_1.0.0.201904181610/tools/bin/../lib/gcc/arm-none-eabi/7.3.1/../../../../arm-none-eabi/lib/thumb/v7e-m/fpv5/hard\libc_nano.a(lib_a-impure.o)
                0x0000000020000074                . = ALIGN (0x4)
                0x0000000020000074                _edata = .

.igot.plt       0x0000000020000074        0x0 load address 0x0000000008009170
 .igot.plt      0x0000000020000074        0x0 c:/st/stm32cubeide_1.0.2/stm32cubeide/plugins/com.st.stm32cube.ide.mcu.externaltools.gnu-tools-for-stm32.7-2018-q2-update.win32_1.0.0.201904181610/tools/bin/../lib/gcc/arm-none-eabi/7.3.1/thumb/v7e-m/fpv5/hard/crtbegin.o
                0x0000000020000074                . = ALIGN (0x4)

.bss            0x0000000020000074    0x2b898 load address 0x0000000008009170
                0x0000000020000074                _sbss = .
                0x0000000020000074                __bss_start__ = _sbss
 *(.bss)
 .bss           0x0000000020000074       0x1c c:/st/stm32cubeide_1.0.2/stm32cubeide/plugins/com.st.stm32cube.ide.mcu.externaltools.gnu-tools-for-stm32.7-2018-q2-update.win32_1.0.0.201904181610/tools/bin/../lib/gcc/arm-none-eabi/7.3.1/thumb/v7e-m/fpv5/hard/crtbegin.o
 *(.bss*)
 .bss.filledBuffers
                0x0000000020000090        0x1 Core/Src/main.o
                0x0000000020000090                filledBuffers
 *fill*         0x0000000020000091        0x3 
 .bss.IC_Value1
                0x0000000020000094        0x4 Core/Src/main.o
                0x0000000020000094                IC_Value1
 .bss.IC_Value2
                0x0000000020000098        0x4 Core/Src/main.o
                0x0000000020000098                IC_Value2
 .bss.difference
                0x000000002000009c        0x4 Core/Src/main.o
                0x000000002000009c                difference
 .bss.frequency
                0x00000000200000a0        0x4 Core/Src/main.o
                0x00000000200000a0                frequency
 .bss.firstCapturedSample
                0x00000000200000a4        0x1 Core/Src/main.o
                0x00000000200000a4                firstCapturedSample
 *fill*         0x00000000200000a5        0x3 
 .bss.heap_end.6424
                0x00000000200000a8        0x4 Core/Src/sysmem.o
 .bss.__malloc_free_list
                0x00000000200000ac        0x4 c:/st/stm32cubeide_1.0.2/stm32cubeide/plugins/com.st.stm32cube.ide.mcu.externaltools.gnu-tools-for-stm32.7-2018-q2-update.win32_1.0.0.201904181610/tools/bin/../lib/gcc/arm-none-eabi/7.3.1/../../../../arm-none-eabi/lib/thumb/v7e-m/fpv5/hard\libc_nano.a(lib_a-nano-mallocr.o)
                0x00000000200000ac                __malloc_free_list
 .bss.__malloc_sbrk_start
                0x00000000200000b0        0x4 c:/st/stm32cubeide_1.0.2/stm32cubeide/plugins/com.st.stm32cube.ide.mcu.externaltools.gnu-tools-for-stm32.7-2018-q2-update.win32_1.0.0.201904181610/tools/bin/../lib/gcc/arm-none-eabi/7.3.1/../../../../arm-none-eabi/lib/thumb/v7e-m/fpv5/hard\libc_nano.a(lib_a-nano-mallocr.o)
                0x00000000200000b0                __malloc_sbrk_start
 *(COMMON)
 COMMON         0x00000000200000b4    0x2b850 Core/Src/main.o
                0x00000000200000b4                htim8
                0x00000000200000f4                htim4
                0x0000000020000134                huart3
                0x00000000200001b4                hpcd_USB_OTG_FS
                0x00000000200005b8                buffer_uart_rx
                0x00000000200005bc                buffer_rx2
                0x0000000020015e44                htim3
                0x0000000020015e84                state
                0x0000000020015e90                hadc1
                0x0000000020015ed8                buffer_rx1
                0x000000002002b760                hdma_adc1
                0x000000002002b7c0                htim1
                0x000000002002b800                hspi1
                0x000000002002b864                htim2
                0x000000002002b8a4                hdma_spi1_rx
 COMMON         0x000000002002b904        0x4 Drivers/STM32F7xx_HAL_Driver/Src/stm32f7xx_hal.o
                0x000000002002b904                uwTick
 COMMON         0x000000002002b908        0x4 c:/st/stm32cubeide_1.0.2/stm32cubeide/plugins/com.st.stm32cube.ide.mcu.externaltools.gnu-tools-for-stm32.7-2018-q2-update.win32_1.0.0.201904181610/tools/bin/../lib/gcc/arm-none-eabi/7.3.1/../../../../arm-none-eabi/lib/thumb/v7e-m/fpv5/hard\libc_nano.a(lib_a-reent.o)
                0x000000002002b908                errno
                0x000000002002b90c                . = ALIGN (0x4)
                0x000000002002b90c                _ebss = .
                0x000000002002b90c                __bss_end__ = _ebss

._user_heap_stack
                0x000000002002b90c      0x604 load address 0x0000000008009170
                0x000000002002b910                . = ALIGN (0x8)
 *fill*         0x000000002002b90c        0x4 
                0x000000002002b910                PROVIDE (end = .)
                [!provide]                        PROVIDE (_end = .)
                0x000000002002bb10                . = (. + _Min_Heap_Size)
 *fill*         0x000000002002b910      0x200 
                0x000000002002bf10                . = (. + _Min_Stack_Size)
 *fill*         0x000000002002bb10      0x400 
                0x000000002002bf10                . = ALIGN (0x8)

/DISCARD/
 libc.a(*)
 libm.a(*)
 libgcc.a(*)

.ARM.attributes
                0x0000000000000000       0x2e
 *(.ARM.attributes)
 .ARM.attributes
                0x0000000000000000       0x20 c:/st/stm32cubeide_1.0.2/stm32cubeide/plugins/com.st.stm32cube.ide.mcu.externaltools.gnu-tools-for-stm32.7-2018-q2-update.win32_1.0.0.201904181610/tools/bin/../lib/gcc/arm-none-eabi/7.3.1/thumb/v7e-m/fpv5/hard/crti.o
 .ARM.attributes
                0x0000000000000020       0x32 c:/st/stm32cubeide_1.0.2/stm32cubeide/plugins/com.st.stm32cube.ide.mcu.externaltools.gnu-tools-for-stm32.7-2018-q2-update.win32_1.0.0.201904181610/tools/bin/../lib/gcc/arm-none-eabi/7.3.1/thumb/v7e-m/fpv5/hard/crtbegin.o
 .ARM.attributes
                0x0000000000000052       0x37 Core/Src/main.o
 .ARM.attributes
                0x0000000000000089       0x37 Core/Src/stm32f7xx_hal_msp.o
 .ARM.attributes
                0x00000000000000c0       0x37 Core/Src/stm32f7xx_it.o
 .ARM.attributes
                0x00000000000000f7       0x37 Core/Src/sysmem.o
 .ARM.attributes
                0x000000000000012e       0x37 Core/Src/system_stm32f7xx.o
 .ARM.attributes
                0x0000000000000165       0x21 Core/Startup/startup_stm32f767zitx.o
 .ARM.attributes
                0x0000000000000186       0x37 Drivers/STM32F7xx_HAL_Driver/Src/stm32f7xx_hal.o
 .ARM.attributes
                0x00000000000001bd       0x37 Drivers/STM32F7xx_HAL_Driver/Src/stm32f7xx_hal_adc.o
 .ARM.attributes
                0x00000000000001f4       0x37 Drivers/STM32F7xx_HAL_Driver/Src/stm32f7xx_hal_cortex.o
 .ARM.attributes
                0x000000000000022b       0x37 Drivers/STM32F7xx_HAL_Driver/Src/stm32f7xx_hal_dma.o
 .ARM.attributes
                0x0000000000000262       0x37 Drivers/STM32F7xx_HAL_Driver/Src/stm32f7xx_hal_gpio.o
 .ARM.attributes
                0x0000000000000299       0x37 Drivers/STM32F7xx_HAL_Driver/Src/stm32f7xx_hal_pcd.o
 .ARM.attributes
                0x00000000000002d0       0x37 Drivers/STM32F7xx_HAL_Driver/Src/stm32f7xx_hal_pcd_ex.o
 .ARM.attributes
                0x0000000000000307       0x37 Drivers/STM32F7xx_HAL_Driver/Src/stm32f7xx_hal_pwr.o
 .ARM.attributes
                0x000000000000033e       0x37 Drivers/STM32F7xx_HAL_Driver/Src/stm32f7xx_hal_pwr_ex.o
 .ARM.attributes
                0x0000000000000375       0x37 Drivers/STM32F7xx_HAL_Driver/Src/stm32f7xx_hal_rcc.o
 .ARM.attributes
                0x00000000000003ac       0x37 Drivers/STM32F7xx_HAL_Driver/Src/stm32f7xx_hal_rcc_ex.o
 .ARM.attributes
                0x00000000000003e3       0x37 Drivers/STM32F7xx_HAL_Driver/Src/stm32f7xx_hal_spi.o
 .ARM.attributes
                0x000000000000041a       0x37 Drivers/STM32F7xx_HAL_Driver/Src/stm32f7xx_hal_tim.o
 .ARM.attributes
                0x0000000000000451       0x37 Drivers/STM32F7xx_HAL_Driver/Src/stm32f7xx_hal_tim_ex.o
 .ARM.attributes
                0x0000000000000488       0x37 Drivers/STM32F7xx_HAL_Driver/Src/stm32f7xx_hal_uart.o
 .ARM.attributes
                0x00000000000004bf       0x37 Drivers/STM32F7xx_HAL_Driver/Src/stm32f7xx_ll_usb.o
 .ARM.attributes
                0x00000000000004f6       0x32 c:/st/stm32cubeide_1.0.2/stm32cubeide/plugins/com.st.stm32cube.ide.mcu.externaltools.gnu-tools-for-stm32.7-2018-q2-update.win32_1.0.0.201904181610/tools/bin/../lib/gcc/arm-none-eabi/7.3.1/../../../../arm-none-eabi/lib/thumb/v7e-m/fpv5/hard\libc_nano.a(lib_a-errno.o)
 .ARM.attributes
                0x0000000000000528       0x32 c:/st/stm32cubeide_1.0.2/stm32cubeide/plugins/com.st.stm32cube.ide.mcu.externaltools.gnu-tools-for-stm32.7-2018-q2-update.win32_1.0.0.201904181610/tools/bin/../lib/gcc/arm-none-eabi/7.3.1/../../../../arm-none-eabi/lib/thumb/v7e-m/fpv5/hard\libc_nano.a(lib_a-impure.o)
 .ARM.attributes
                0x000000000000055a       0x32 c:/st/stm32cubeide_1.0.2/stm32cubeide/plugins/com.st.stm32cube.ide.mcu.externaltools.gnu-tools-for-stm32.7-2018-q2-update.win32_1.0.0.201904181610/tools/bin/../lib/gcc/arm-none-eabi/7.3.1/../../../../arm-none-eabi/lib/thumb/v7e-m/fpv5/hard\libc_nano.a(lib_a-init.o)
 .ARM.attributes
                0x000000000000058c       0x32 c:/st/stm32cubeide_1.0.2/stm32cubeide/plugins/com.st.stm32cube.ide.mcu.externaltools.gnu-tools-for-stm32.7-2018-q2-update.win32_1.0.0.201904181610/tools/bin/../lib/gcc/arm-none-eabi/7.3.1/../../../../arm-none-eabi/lib/thumb/v7e-m/fpv5/hard\libc_nano.a(lib_a-memset.o)
 .ARM.attributes
                0x00000000000005be       0x32 c:/st/stm32cubeide_1.0.2/stm32cubeide/plugins/com.st.stm32cube.ide.mcu.externaltools.gnu-tools-for-stm32.7-2018-q2-update.win32_1.0.0.201904181610/tools/bin/../lib/gcc/arm-none-eabi/7.3.1/../../../../arm-none-eabi/lib/thumb/v7e-m/fpv5/hard\libc_nano.a(lib_a-sprintf.o)
 .ARM.attributes
                0x00000000000005f0       0x19 c:/st/stm32cubeide_1.0.2/stm32cubeide/plugins/com.st.stm32cube.ide.mcu.externaltools.gnu-tools-for-stm32.7-2018-q2-update.win32_1.0.0.201904181610/tools/bin/../lib/gcc/arm-none-eabi/7.3.1/../../../../arm-none-eabi/lib/thumb/v7e-m/fpv5/hard\libc_nano.a(lib_a-strlen.o)
 .ARM.attributes
                0x0000000000000609       0x32 c:/st/stm32cubeide_1.0.2/stm32cubeide/plugins/com.st.stm32cube.ide.mcu.externaltools.gnu-tools-for-stm32.7-2018-q2-update.win32_1.0.0.201904181610/tools/bin/../lib/gcc/arm-none-eabi/7.3.1/../../../../arm-none-eabi/lib/thumb/v7e-m/fpv5/hard\libc_nano.a(lib_a-nano-svfprintf.o)
 .ARM.attributes
                0x000000000000063b       0x32 c:/st/stm32cubeide_1.0.2/stm32cubeide/plugins/com.st.stm32cube.ide.mcu.externaltools.gnu-tools-for-stm32.7-2018-q2-update.win32_1.0.0.201904181610/tools/bin/../lib/gcc/arm-none-eabi/7.3.1/../../../../arm-none-eabi/lib/thumb/v7e-m/fpv5/hard\libc_nano.a(lib_a-nano-vfprintf_i.o)
 .ARM.attributes
                0x000000000000066d       0x1e c:/st/stm32cubeide_1.0.2/stm32cubeide/plugins/com.st.stm32cube.ide.mcu.externaltools.gnu-tools-for-stm32.7-2018-q2-update.win32_1.0.0.201904181610/tools/bin/../lib/gcc/arm-none-eabi/7.3.1/../../../../arm-none-eabi/lib/thumb/v7e-m/fpv5/hard\libc_nano.a(lib_a-memchr.o)
 .ARM.attributes
                0x000000000000068b       0x32 c:/st/stm32cubeide_1.0.2/stm32cubeide/plugins/com.st.stm32cube.ide.mcu.externaltools.gnu-tools-for-stm32.7-2018-q2-update.win32_1.0.0.201904181610/tools/bin/../lib/gcc/arm-none-eabi/7.3.1/../../../../arm-none-eabi/lib/thumb/v7e-m/fpv5/hard\libc_nano.a(lib_a-memcpy-stub.o)
 .ARM.attributes
                0x00000000000006bd       0x32 c:/st/stm32cubeide_1.0.2/stm32cubeide/plugins/com.st.stm32cube.ide.mcu.externaltools.gnu-tools-for-stm32.7-2018-q2-update.win32_1.0.0.201904181610/tools/bin/../lib/gcc/arm-none-eabi/7.3.1/../../../../arm-none-eabi/lib/thumb/v7e-m/fpv5/hard\libc_nano.a(lib_a-memmove.o)
 .ARM.attributes
                0x00000000000006ef       0x32 c:/st/stm32cubeide_1.0.2/stm32cubeide/plugins/com.st.stm32cube.ide.mcu.externaltools.gnu-tools-for-stm32.7-2018-q2-update.win32_1.0.0.201904181610/tools/bin/../lib/gcc/arm-none-eabi/7.3.1/../../../../arm-none-eabi/lib/thumb/v7e-m/fpv5/hard\libc_nano.a(lib_a-nano-freer.o)
 .ARM.attributes
                0x0000000000000721       0x32 c:/st/stm32cubeide_1.0.2/stm32cubeide/plugins/com.st.stm32cube.ide.mcu.externaltools.gnu-tools-for-stm32.7-2018-q2-update.win32_1.0.0.201904181610/tools/bin/../lib/gcc/arm-none-eabi/7.3.1/../../../../arm-none-eabi/lib/thumb/v7e-m/fpv5/hard\libc_nano.a(lib_a-nano-mallocr.o)
 .ARM.attributes
                0x0000000000000753       0x32 c:/st/stm32cubeide_1.0.2/stm32cubeide/plugins/com.st.stm32cube.ide.mcu.externaltools.gnu-tools-for-stm32.7-2018-q2-update.win32_1.0.0.201904181610/tools/bin/../lib/gcc/arm-none-eabi/7.3.1/../../../../arm-none-eabi/lib/thumb/v7e-m/fpv5/hard\libc_nano.a(lib_a-nano-reallocr.o)
 .ARM.attributes
                0x0000000000000785       0x32 c:/st/stm32cubeide_1.0.2/stm32cubeide/plugins/com.st.stm32cube.ide.mcu.externaltools.gnu-tools-for-stm32.7-2018-q2-update.win32_1.0.0.201904181610/tools/bin/../lib/gcc/arm-none-eabi/7.3.1/../../../../arm-none-eabi/lib/thumb/v7e-m/fpv5/hard\libc_nano.a(lib_a-sbrkr.o)
 .ARM.attributes
                0x00000000000007b7       0x32 c:/st/stm32cubeide_1.0.2/stm32cubeide/plugins/com.st.stm32cube.ide.mcu.externaltools.gnu-tools-for-stm32.7-2018-q2-update.win32_1.0.0.201904181610/tools/bin/../lib/gcc/arm-none-eabi/7.3.1/../../../../arm-none-eabi/lib/thumb/v7e-m/fpv5/hard\libc_nano.a(lib_a-mlock.o)
 .ARM.attributes
                0x00000000000007e9       0x32 c:/st/stm32cubeide_1.0.2/stm32cubeide/plugins/com.st.stm32cube.ide.mcu.externaltools.gnu-tools-for-stm32.7-2018-q2-update.win32_1.0.0.201904181610/tools/bin/../lib/gcc/arm-none-eabi/7.3.1/../../../../arm-none-eabi/lib/thumb/v7e-m/fpv5/hard\libc_nano.a(lib_a-nano-msizer.o)
 .ARM.attributes
                0x000000000000081b       0x32 c:/st/stm32cubeide_1.0.2/stm32cubeide/plugins/com.st.stm32cube.ide.mcu.externaltools.gnu-tools-for-stm32.7-2018-q2-update.win32_1.0.0.201904181610/tools/bin/../lib/gcc/arm-none-eabi/7.3.1/../../../../arm-none-eabi/lib/thumb/v7e-m/fpv5/hard\libc_nano.a(lib_a-reent.o)
 .ARM.attributes
                0x000000000000084d       0x20 c:/st/stm32cubeide_1.0.2/stm32cubeide/plugins/com.st.stm32cube.ide.mcu.externaltools.gnu-tools-for-stm32.7-2018-q2-update.win32_1.0.0.201904181610/tools/bin/../lib/gcc/arm-none-eabi/7.3.1/thumb/v7e-m/fpv5/hard\libgcc.a(_aeabi_uldivmod.o)
 .ARM.attributes
                0x000000000000086d       0x32 c:/st/stm32cubeide_1.0.2/stm32cubeide/plugins/com.st.stm32cube.ide.mcu.externaltools.gnu-tools-for-stm32.7-2018-q2-update.win32_1.0.0.201904181610/tools/bin/../lib/gcc/arm-none-eabi/7.3.1/thumb/v7e-m/fpv5/hard\libgcc.a(_udivmoddi4.o)
 .ARM.attributes
                0x000000000000089f       0x20 c:/st/stm32cubeide_1.0.2/stm32cubeide/plugins/com.st.stm32cube.ide.mcu.externaltools.gnu-tools-for-stm32.7-2018-q2-update.win32_1.0.0.201904181610/tools/bin/../lib/gcc/arm-none-eabi/7.3.1/thumb/v7e-m/fpv5/hard\libgcc.a(_dvmd_tls.o)
 .ARM.attributes
                0x00000000000008bf       0x20 c:/st/stm32cubeide_1.0.2/stm32cubeide/plugins/com.st.stm32cube.ide.mcu.externaltools.gnu-tools-for-stm32.7-2018-q2-update.win32_1.0.0.201904181610/tools/bin/../lib/gcc/arm-none-eabi/7.3.1/thumb/v7e-m/fpv5/hard/crtn.o
OUTPUT(PPM_nucleo.elf elf32-littlearm)

.debug_info     0x0000000000000000    0x16679
 .debug_info    0x0000000000000000     0x3815 Core/Src/main.o
 .debug_info    0x0000000000003815     0x1cce Core/Src/stm32f7xx_hal_msp.o
 .debug_info    0x00000000000054e3      0xb1a Core/Src/stm32f7xx_it.o
 .debug_info    0x0000000000005ffd      0x91c Core/Src/sysmem.o
 .debug_info    0x0000000000006919      0x73d Core/Src/system_stm32f7xx.o
 .debug_info    0x0000000000007056       0x22 Core/Startup/startup_stm32f767zitx.o
 .debug_info    0x0000000000007078      0xa46 Drivers/STM32F7xx_HAL_Driver/Src/stm32f7xx_hal.o
 .debug_info    0x0000000000007abe      0xc9d Drivers/STM32F7xx_HAL_Driver/Src/stm32f7xx_hal_adc.o
 .debug_info    0x000000000000875b     0x108c Drivers/STM32F7xx_HAL_Driver/Src/stm32f7xx_hal_cortex.o
 .debug_info    0x00000000000097e7      0x968 Drivers/STM32F7xx_HAL_Driver/Src/stm32f7xx_hal_dma.o
 .debug_info    0x000000000000a14f      0x7e9 Drivers/STM32F7xx_HAL_Driver/Src/stm32f7xx_hal_gpio.o
 .debug_info    0x000000000000a938     0x1147 Drivers/STM32F7xx_HAL_Driver/Src/stm32f7xx_hal_pcd.o
 .debug_info    0x000000000000ba7f      0x810 Drivers/STM32F7xx_HAL_Driver/Src/stm32f7xx_hal_pcd_ex.o
 .debug_info    0x000000000000c28f      0x9b4 Drivers/STM32F7xx_HAL_Driver/Src/stm32f7xx_hal_pwr.o
 .debug_info    0x000000000000cc43      0x96b Drivers/STM32F7xx_HAL_Driver/Src/stm32f7xx_hal_pwr_ex.o
 .debug_info    0x000000000000d5ae      0x996 Drivers/STM32F7xx_HAL_Driver/Src/stm32f7xx_hal_rcc.o
 .debug_info    0x000000000000df44      0x7d1 Drivers/STM32F7xx_HAL_Driver/Src/stm32f7xx_hal_rcc_ex.o
 .debug_info    0x000000000000e715     0x166a Drivers/STM32F7xx_HAL_Driver/Src/stm32f7xx_hal_spi.o
 .debug_info    0x000000000000fd7f     0x25bc Drivers/STM32F7xx_HAL_Driver/Src/stm32f7xx_hal_tim.o
 .debug_info    0x000000000001233b     0x1307 Drivers/STM32F7xx_HAL_Driver/Src/stm32f7xx_hal_tim_ex.o
 .debug_info    0x0000000000013642     0x16f7 Drivers/STM32F7xx_HAL_Driver/Src/stm32f7xx_hal_uart.o
 .debug_info    0x0000000000014d39     0x1940 Drivers/STM32F7xx_HAL_Driver/Src/stm32f7xx_ll_usb.o

.debug_abbrev   0x0000000000000000     0x2c0e
 .debug_abbrev  0x0000000000000000      0x436 Core/Src/main.o
 .debug_abbrev  0x0000000000000436      0x216 Core/Src/stm32f7xx_hal_msp.o
 .debug_abbrev  0x000000000000064c      0x181 Core/Src/stm32f7xx_it.o
 .debug_abbrev  0x00000000000007cd      0x1bb Core/Src/sysmem.o
 .debug_abbrev  0x0000000000000988      0x147 Core/Src/system_stm32f7xx.o
 .debug_abbrev  0x0000000000000acf       0x12 Core/Startup/startup_stm32f767zitx.o
 .debug_abbrev  0x0000000000000ae1      0x1c7 Drivers/STM32F7xx_HAL_Driver/Src/stm32f7xx_hal.o
 .debug_abbrev  0x0000000000000ca8      0x205 Drivers/STM32F7xx_HAL_Driver/Src/stm32f7xx_hal_adc.o
 .debug_abbrev  0x0000000000000ead      0x2fa Drivers/STM32F7xx_HAL_Driver/Src/stm32f7xx_hal_cortex.o
 .debug_abbrev  0x00000000000011a7      0x229 Drivers/STM32F7xx_HAL_Driver/Src/stm32f7xx_hal_dma.o
 .debug_abbrev  0x00000000000013d0      0x1c9 Drivers/STM32F7xx_HAL_Driver/Src/stm32f7xx_hal_gpio.o
 .debug_abbrev  0x0000000000001599      0x266 Drivers/STM32F7xx_HAL_Driver/Src/stm32f7xx_hal_pcd.o
 .debug_abbrev  0x00000000000017ff      0x1c0 Drivers/STM32F7xx_HAL_Driver/Src/stm32f7xx_hal_pcd_ex.o
 .debug_abbrev  0x00000000000019bf      0x1b6 Drivers/STM32F7xx_HAL_Driver/Src/stm32f7xx_hal_pwr.o
 .debug_abbrev  0x0000000000001b75      0x1b8 Drivers/STM32F7xx_HAL_Driver/Src/stm32f7xx_hal_pwr_ex.o
 .debug_abbrev  0x0000000000001d2d      0x268 Drivers/STM32F7xx_HAL_Driver/Src/stm32f7xx_hal_rcc.o
 .debug_abbrev  0x0000000000001f95      0x1ad Drivers/STM32F7xx_HAL_Driver/Src/stm32f7xx_hal_rcc_ex.o
 .debug_abbrev  0x0000000000002142      0x228 Drivers/STM32F7xx_HAL_Driver/Src/stm32f7xx_hal_spi.o
 .debug_abbrev  0x000000000000236a      0x230 Drivers/STM32F7xx_HAL_Driver/Src/stm32f7xx_hal_tim.o
 .debug_abbrev  0x000000000000259a      0x21e Drivers/STM32F7xx_HAL_Driver/Src/stm32f7xx_hal_tim_ex.o
 .debug_abbrev  0x00000000000027b8      0x205 Drivers/STM32F7xx_HAL_Driver/Src/stm32f7xx_hal_uart.o
 .debug_abbrev  0x00000000000029bd      0x251 Drivers/STM32F7xx_HAL_Driver/Src/stm32f7xx_ll_usb.o

.debug_aranges  0x0000000000000000     0x1538
 .debug_aranges
                0x0000000000000000      0x190 Core/Src/main.o
 .debug_aranges
                0x0000000000000190       0x88 Core/Src/stm32f7xx_hal_msp.o
 .debug_aranges
                0x0000000000000218       0xa0 Core/Src/stm32f7xx_it.o
 .debug_aranges
                0x00000000000002b8       0x20 Core/Src/sysmem.o
 .debug_aranges
                0x00000000000002d8       0x28 Core/Src/system_stm32f7xx.o
 .debug_aranges
                0x0000000000000300       0x28 Core/Startup/startup_stm32f767zitx.o
 .debug_aranges
                0x0000000000000328      0x110 Drivers/STM32F7xx_HAL_Driver/Src/stm32f7xx_hal.o
 .debug_aranges
                0x0000000000000438       0xe8 Drivers/STM32F7xx_HAL_Driver/Src/stm32f7xx_hal_adc.o
 .debug_aranges
                0x0000000000000520      0x118 Drivers/STM32F7xx_HAL_Driver/Src/stm32f7xx_hal_cortex.o
 .debug_aranges
                0x0000000000000638       0x90 Drivers/STM32F7xx_HAL_Driver/Src/stm32f7xx_hal_dma.o
 .debug_aranges
                0x00000000000006c8       0x58 Drivers/STM32F7xx_HAL_Driver/Src/stm32f7xx_hal_gpio.o
 .debug_aranges
                0x0000000000000720      0x130 Drivers/STM32F7xx_HAL_Driver/Src/stm32f7xx_hal_pcd.o
 .debug_aranges
                0x0000000000000850       0x48 Drivers/STM32F7xx_HAL_Driver/Src/stm32f7xx_hal_pcd_ex.o
 .debug_aranges
                0x0000000000000898       0xa0 Drivers/STM32F7xx_HAL_Driver/Src/stm32f7xx_hal_pwr.o
 .debug_aranges
                0x0000000000000938       0x80 Drivers/STM32F7xx_HAL_Driver/Src/stm32f7xx_hal_pwr_ex.o
 .debug_aranges
                0x00000000000009b8       0x88 Drivers/STM32F7xx_HAL_Driver/Src/stm32f7xx_hal_rcc.o
 .debug_aranges
                0x0000000000000a40       0x50 Drivers/STM32F7xx_HAL_Driver/Src/stm32f7xx_hal_rcc_ex.o
 .debug_aranges
                0x0000000000000a90      0x1d8 Drivers/STM32F7xx_HAL_Driver/Src/stm32f7xx_hal_spi.o
 .debug_aranges
                0x0000000000000c68      0x3b8 Drivers/STM32F7xx_HAL_Driver/Src/stm32f7xx_hal_tim.o
 .debug_aranges
                0x0000000000001020      0x168 Drivers/STM32F7xx_HAL_Driver/Src/stm32f7xx_hal_tim_ex.o
 .debug_aranges
                0x0000000000001188      0x218 Drivers/STM32F7xx_HAL_Driver/Src/stm32f7xx_hal_uart.o
 .debug_aranges
                0x00000000000013a0      0x198 Drivers/STM32F7xx_HAL_Driver/Src/stm32f7xx_ll_usb.o

.debug_ranges   0x0000000000000000     0x1410
 .debug_ranges  0x0000000000000000      0x1b0 Core/Src/main.o
 .debug_ranges  0x00000000000001b0       0x78 Core/Src/stm32f7xx_hal_msp.o
 .debug_ranges  0x0000000000000228       0x90 Core/Src/stm32f7xx_it.o
 .debug_ranges  0x00000000000002b8       0x10 Core/Src/sysmem.o
 .debug_ranges  0x00000000000002c8       0x18 Core/Src/system_stm32f7xx.o
 .debug_ranges  0x00000000000002e0       0x20 Core/Startup/startup_stm32f767zitx.o
 .debug_ranges  0x0000000000000300      0x100 Drivers/STM32F7xx_HAL_Driver/Src/stm32f7xx_hal.o
 .debug_ranges  0x0000000000000400       0xd8 Drivers/STM32F7xx_HAL_Driver/Src/stm32f7xx_hal_adc.o
 .debug_ranges  0x00000000000004d8      0x108 Drivers/STM32F7xx_HAL_Driver/Src/stm32f7xx_hal_cortex.o
 .debug_ranges  0x00000000000005e0       0x80 Drivers/STM32F7xx_HAL_Driver/Src/stm32f7xx_hal_dma.o
 .debug_ranges  0x0000000000000660       0x48 Drivers/STM32F7xx_HAL_Driver/Src/stm32f7xx_hal_gpio.o
 .debug_ranges  0x00000000000006a8      0x120 Drivers/STM32F7xx_HAL_Driver/Src/stm32f7xx_hal_pcd.o
 .debug_ranges  0x00000000000007c8       0x38 Drivers/STM32F7xx_HAL_Driver/Src/stm32f7xx_hal_pcd_ex.o
 .debug_ranges  0x0000000000000800       0x90 Drivers/STM32F7xx_HAL_Driver/Src/stm32f7xx_hal_pwr.o
 .debug_ranges  0x0000000000000890       0x70 Drivers/STM32F7xx_HAL_Driver/Src/stm32f7xx_hal_pwr_ex.o
 .debug_ranges  0x0000000000000900       0x78 Drivers/STM32F7xx_HAL_Driver/Src/stm32f7xx_hal_rcc.o
 .debug_ranges  0x0000000000000978       0x40 Drivers/STM32F7xx_HAL_Driver/Src/stm32f7xx_hal_rcc_ex.o
 .debug_ranges  0x00000000000009b8      0x1c8 Drivers/STM32F7xx_HAL_Driver/Src/stm32f7xx_hal_spi.o
 .debug_ranges  0x0000000000000b80      0x3a8 Drivers/STM32F7xx_HAL_Driver/Src/stm32f7xx_hal_tim.o
 .debug_ranges  0x0000000000000f28      0x158 Drivers/STM32F7xx_HAL_Driver/Src/stm32f7xx_hal_tim_ex.o
 .debug_ranges  0x0000000000001080      0x208 Drivers/STM32F7xx_HAL_Driver/Src/stm32f7xx_hal_uart.o
 .debug_ranges  0x0000000000001288      0x188 Drivers/STM32F7xx_HAL_Driver/Src/stm32f7xx_ll_usb.o

.debug_macro    0x0000000000000000    0x2b84b
 .debug_macro   0x0000000000000000      0x42a Core/Src/main.o
 .debug_macro   0x000000000000042a      0xa6c Core/Src/main.o
 .debug_macro   0x0000000000000e96      0x19b Core/Src/main.o
 .debug_macro   0x0000000000001031       0x2e Core/Src/main.o
 .debug_macro   0x000000000000105f       0x3b Core/Src/main.o
 .debug_macro   0x000000000000109a       0x22 Core/Src/main.o
 .debug_macro   0x00000000000010bc       0x8e Core/Src/main.o
 .debug_macro   0x000000000000114a       0x51 Core/Src/main.o
 .debug_macro   0x000000000000119b       0xef Core/Src/main.o
 .debug_macro   0x000000000000128a       0x6a Core/Src/main.o
 .debug_macro   0x00000000000012f4      0x1df Core/Src/main.o
 .debug_macro   0x00000000000014d3       0x1c Core/Src/main.o
 .debug_macro   0x00000000000014ef       0x22 Core/Src/main.o
 .debug_macro   0x0000000000001511       0xdf Core/Src/main.o
 .debug_macro   0x00000000000015f0     0x12cd Core/Src/main.o
 .debug_macro   0x00000000000028bd      0x11f Core/Src/main.o
 .debug_macro   0x00000000000029dc       0x19 Core/Src/main.o
 .debug_macro   0x00000000000029f5    0x1a9b4 Core/Src/main.o
 .debug_macro   0x000000000001d3a9       0x43 Core/Src/main.o
 .debug_macro   0x000000000001d3ec     0x36b4 Core/Src/main.o
 .debug_macro   0x0000000000020aa0      0x174 Core/Src/main.o
 .debug_macro   0x0000000000020c14       0x61 Core/Src/main.o
 .debug_macro   0x0000000000020c75     0x1add Core/Src/main.o
 .debug_macro   0x0000000000022752      0x6c4 Core/Src/main.o
 .debug_macro   0x0000000000022e16      0x18b Core/Src/main.o
 .debug_macro   0x0000000000022fa1      0x117 Core/Src/main.o
 .debug_macro   0x00000000000230b8      0x26f Core/Src/main.o
 .debug_macro   0x0000000000023327       0x27 Core/Src/main.o
 .debug_macro   0x000000000002334e      0x24f Core/Src/main.o
 .debug_macro   0x000000000002359d       0x71 Core/Src/main.o
 .debug_macro   0x000000000002360e       0x58 Core/Src/main.o
 .debug_macro   0x0000000000023666      0x236 Core/Src/main.o
 .debug_macro   0x000000000002389c      0x416 Core/Src/main.o
 .debug_macro   0x0000000000023cb2      0x153 Core/Src/main.o
 .debug_macro   0x0000000000023e05      0x107 Core/Src/main.o
 .debug_macro   0x0000000000023f0c      0x14f Core/Src/main.o
 .debug_macro   0x000000000002405b      0x3dc Core/Src/main.o
 .debug_macro   0x0000000000024437       0x12 Core/Src/main.o
 .debug_macro   0x0000000000024449      0x22c Core/Src/main.o
 .debug_macro   0x0000000000024675       0x61 Core/Src/main.o
 .debug_macro   0x00000000000246d6       0xa5 Core/Src/main.o
 .debug_macro   0x000000000002477b      0x12f Core/Src/main.o
 .debug_macro   0x00000000000248aa      0x108 Core/Src/main.o
 .debug_macro   0x00000000000249b2       0x35 Core/Src/main.o
 .debug_macro   0x00000000000249e7      0x2fe Core/Src/main.o
 .debug_macro   0x0000000000024ce5      0xa3d Core/Src/main.o
 .debug_macro   0x0000000000025722       0xa9 Core/Src/main.o
 .debug_macro   0x00000000000257cb      0x589 Core/Src/main.o
 .debug_macro   0x0000000000025d54       0x44 Core/Src/main.o
 .debug_macro   0x0000000000025d98      0x233 Core/Src/main.o
 .debug_macro   0x0000000000025fcb       0xba Core/Src/main.o
 .debug_macro   0x0000000000026085      0x15c Core/Src/main.o
 .debug_macro   0x00000000000261e1      0x224 Core/Src/main.o
 .debug_macro   0x0000000000026405      0x26f Core/Src/main.o
 .debug_macro   0x0000000000026674      0x1a7 Core/Src/main.o
 .debug_macro   0x000000000002681b      0xbfc Core/Src/main.o
 .debug_macro   0x0000000000027417      0x279 Core/Src/main.o
 .debug_macro   0x0000000000027690       0x61 Core/Src/main.o
 .debug_macro   0x00000000000276f1      0x130 Core/Src/main.o
 .debug_macro   0x0000000000027821      0x149 Core/Src/main.o
 .debug_macro   0x000000000002796a       0xf4 Core/Src/main.o
 .debug_macro   0x0000000000027a5e      0x1a9 Core/Src/main.o
 .debug_macro   0x0000000000027c07      0x201 Core/Src/main.o
 .debug_macro   0x0000000000027e08       0x46 Core/Src/main.o
 .debug_macro   0x0000000000027e4e       0x17 Core/Src/main.o
 .debug_macro   0x0000000000027e65       0x3c Core/Src/main.o
 .debug_macro   0x0000000000027ea1       0x34 Core/Src/main.o
 .debug_macro   0x0000000000027ed5       0x52 Core/Src/main.o
 .debug_macro   0x0000000000027f27       0x1f Core/Src/main.o
 .debug_macro   0x0000000000027f46       0x43 Core/Src/main.o
 .debug_macro   0x0000000000027f89       0x20 Core/Src/main.o
 .debug_macro   0x0000000000027fa9      0x1a3 Core/Src/main.o
 .debug_macro   0x000000000002814c      0x32a Core/Src/main.o
 .debug_macro   0x0000000000028476       0x10 Core/Src/main.o
 .debug_macro   0x0000000000028486       0x35 Core/Src/main.o
 .debug_macro   0x00000000000284bb       0x20 Core/Src/main.o
 .debug_macro   0x00000000000284db       0x1c Core/Src/main.o
 .debug_macro   0x00000000000284f7       0x10 Core/Src/main.o
 .debug_macro   0x0000000000028507       0x10 Core/Src/main.o
 .debug_macro   0x0000000000028517       0x1c Core/Src/main.o
 .debug_macro   0x0000000000028533       0x52 Core/Src/main.o
 .debug_macro   0x0000000000028585       0x40 Core/Src/main.o
 .debug_macro   0x00000000000285c5       0x10 Core/Src/main.o
 .debug_macro   0x00000000000285d5       0x40 Core/Src/main.o
 .debug_macro   0x0000000000028615       0xd7 Core/Src/main.o
 .debug_macro   0x00000000000286ec       0x1c Core/Src/main.o
 .debug_macro   0x0000000000028708       0x3d Core/Src/main.o
 .debug_macro   0x0000000000028745       0x16 Core/Src/main.o
 .debug_macro   0x000000000002875b      0x145 Core/Src/main.o
 .debug_macro   0x00000000000288a0      0x295 Core/Src/stm32f7xx_hal_msp.o
 .debug_macro   0x0000000000028b35      0x29f Core/Src/stm32f7xx_it.o
 .debug_macro   0x0000000000028dd4      0x1ae Core/Src/sysmem.o
 .debug_macro   0x0000000000028f82      0x23b Core/Src/sysmem.o
 .debug_macro   0x00000000000291bd       0x16 Core/Src/sysmem.o
 .debug_macro   0x00000000000291d3      0x23b Core/Src/system_stm32f7xx.o
 .debug_macro   0x000000000002940e      0x259 Drivers/STM32F7xx_HAL_Driver/Src/stm32f7xx_hal.o
 .debug_macro   0x0000000000029667      0x236 Drivers/STM32F7xx_HAL_Driver/Src/stm32f7xx_hal_adc.o
 .debug_macro   0x000000000002989d      0x235 Drivers/STM32F7xx_HAL_Driver/Src/stm32f7xx_hal_cortex.o
 .debug_macro   0x0000000000029ad2      0x23b Drivers/STM32F7xx_HAL_Driver/Src/stm32f7xx_hal_dma.o
 .debug_macro   0x0000000000029d0d      0x26b Drivers/STM32F7xx_HAL_Driver/Src/stm32f7xx_hal_gpio.o
 .debug_macro   0x0000000000029f78      0x241 Drivers/STM32F7xx_HAL_Driver/Src/stm32f7xx_hal_pcd.o
 .debug_macro   0x000000000002a1b9      0x235 Drivers/STM32F7xx_HAL_Driver/Src/stm32f7xx_hal_pcd_ex.o
 .debug_macro   0x000000000002a3ee      0x253 Drivers/STM32F7xx_HAL_Driver/Src/stm32f7xx_hal_pwr.o
 .debug_macro   0x000000000002a641      0x24d Drivers/STM32F7xx_HAL_Driver/Src/stm32f7xx_hal_pwr_ex.o
 .debug_macro   0x000000000002a88e      0x259 Drivers/STM32F7xx_HAL_Driver/Src/stm32f7xx_hal_rcc.o
 .debug_macro   0x000000000002aae7      0x235 Drivers/STM32F7xx_HAL_Driver/Src/stm32f7xx_hal_rcc_ex.o
 .debug_macro   0x000000000002ad1c      0x23d Drivers/STM32F7xx_HAL_Driver/Src/stm32f7xx_hal_spi.o
 .debug_macro   0x000000000002af59      0x236 Drivers/STM32F7xx_HAL_Driver/Src/stm32f7xx_hal_tim.o
 .debug_macro   0x000000000002b18f      0x235 Drivers/STM32F7xx_HAL_Driver/Src/stm32f7xx_hal_tim_ex.o
 .debug_macro   0x000000000002b3c4      0x252 Drivers/STM32F7xx_HAL_Driver/Src/stm32f7xx_hal_uart.o
 .debug_macro   0x000000000002b616      0x235 Drivers/STM32F7xx_HAL_Driver/Src/stm32f7xx_ll_usb.o

.debug_line     0x0000000000000000     0xfef7
 .debug_line    0x0000000000000000     0x1087 Core/Src/main.o
 .debug_line    0x0000000000001087      0x9fa Core/Src/stm32f7xx_hal_msp.o
 .debug_line    0x0000000000001a81      0x999 Core/Src/stm32f7xx_it.o
 .debug_line    0x000000000000241a      0x55e Core/Src/sysmem.o
 .debug_line    0x0000000000002978      0x7ae Core/Src/system_stm32f7xx.o
 .debug_line    0x0000000000003126       0x85 Core/Startup/startup_stm32f767zitx.o
 .debug_line    0x00000000000031ab      0x9e1 Drivers/STM32F7xx_HAL_Driver/Src/stm32f7xx_hal.o