Archive member included to satisfy reference by file (symbol)

c:/st/stm32cubeide_1.0.2/stm32cubeide/plugins/com.st.stm32cube.ide.mcu.externaltools.gnu-tools-for-stm32.7-2018-q2-update.win32_1.0.0.201904181610/tools/bin/../lib/gcc/arm-none-eabi/7.3.1/../../../../arm-none-eabi/lib/thumb/v7e-m/fpv5/hard\libc_nano.a(lib_a-atoi.o)
                              Core/Src/communication.o (atoi)
c:/st/stm32cubeide_1.0.2/stm32cubeide/plugins/com.st.stm32cube.ide.mcu.externaltools.gnu-tools-for-stm32.7-2018-q2-update.win32_1.0.0.201904181610/tools/bin/../lib/gcc/arm-none-eabi/7.3.1/../../../../arm-none-eabi/lib/thumb/v7e-m/fpv5/hard\libc_nano.a(lib_a-errno.o)
                              Core/Src/syscalls.o (__errno)
c:/st/stm32cubeide_1.0.2/stm32cubeide/plugins/com.st.stm32cube.ide.mcu.externaltools.gnu-tools-for-stm32.7-2018-q2-update.win32_1.0.0.201904181610/tools/bin/../lib/gcc/arm-none-eabi/7.3.1/../../../../arm-none-eabi/lib/thumb/v7e-m/fpv5/hard\libc_nano.a(lib_a-exit.o)
                              c:/st/stm32cubeide_1.0.2/stm32cubeide/plugins/com.st.stm32cube.ide.mcu.externaltools.gnu-tools-for-stm32.7-2018-q2-update.win32_1.0.0.201904181610/tools/bin/../lib/gcc/arm-none-eabi/7.3.1/../../../../arm-none-eabi/lib/thumb/v7e-m/fpv5/hard/crt0.o (exit)
c:/st/stm32cubeide_1.0.2/stm32cubeide/plugins/com.st.stm32cube.ide.mcu.externaltools.gnu-tools-for-stm32.7-2018-q2-update.win32_1.0.0.201904181610/tools/bin/../lib/gcc/arm-none-eabi/7.3.1/../../../../arm-none-eabi/lib/thumb/v7e-m/fpv5/hard\libc_nano.a(lib_a-impure.o)
                              c:/st/stm32cubeide_1.0.2/stm32cubeide/plugins/com.st.stm32cube.ide.mcu.externaltools.gnu-tools-for-stm32.7-2018-q2-update.win32_1.0.0.201904181610/tools/bin/../lib/gcc/arm-none-eabi/7.3.1/../../../../arm-none-eabi/lib/thumb/v7e-m/fpv5/hard\libc_nano.a(lib_a-exit.o) (_global_impure_ptr)
c:/st/stm32cubeide_1.0.2/stm32cubeide/plugins/com.st.stm32cube.ide.mcu.externaltools.gnu-tools-for-stm32.7-2018-q2-update.win32_1.0.0.201904181610/tools/bin/../lib/gcc/arm-none-eabi/7.3.1/../../../../arm-none-eabi/lib/thumb/v7e-m/fpv5/hard\libc_nano.a(lib_a-init.o)
                              c:/st/stm32cubeide_1.0.2/stm32cubeide/plugins/com.st.stm32cube.ide.mcu.externaltools.gnu-tools-for-stm32.7-2018-q2-update.win32_1.0.0.201904181610/tools/bin/../lib/gcc/arm-none-eabi/7.3.1/../../../../arm-none-eabi/lib/thumb/v7e-m/fpv5/hard/crt0.o (__libc_init_array)
c:/st/stm32cubeide_1.0.2/stm32cubeide/plugins/com.st.stm32cube.ide.mcu.externaltools.gnu-tools-for-stm32.7-2018-q2-update.win32_1.0.0.201904181610/tools/bin/../lib/gcc/arm-none-eabi/7.3.1/../../../../arm-none-eabi/lib/thumb/v7e-m/fpv5/hard\libc_nano.a(lib_a-memcpy-stub.o)
                              Core/Src/main.o (memcpy)
c:/st/stm32cubeide_1.0.2/stm32cubeide/plugins/com.st.stm32cube.ide.mcu.externaltools.gnu-tools-for-stm32.7-2018-q2-update.win32_1.0.0.201904181610/tools/bin/../lib/gcc/arm-none-eabi/7.3.1/../../../../arm-none-eabi/lib/thumb/v7e-m/fpv5/hard\libc_nano.a(lib_a-memset.o)
                              c:/st/stm32cubeide_1.0.2/stm32cubeide/plugins/com.st.stm32cube.ide.mcu.externaltools.gnu-tools-for-stm32.7-2018-q2-update.win32_1.0.0.201904181610/tools/bin/../lib/gcc/arm-none-eabi/7.3.1/../../../../arm-none-eabi/lib/thumb/v7e-m/fpv5/hard/crt0.o (memset)
c:/st/stm32cubeide_1.0.2/stm32cubeide/plugins/com.st.stm32cube.ide.mcu.externaltools.gnu-tools-for-stm32.7-2018-q2-update.win32_1.0.0.201904181610/tools/bin/../lib/gcc/arm-none-eabi/7.3.1/../../../../arm-none-eabi/lib/thumb/v7e-m/fpv5/hard\libc_nano.a(lib_a-sprintf.o)
                              Core/Src/communication.o (sprintf)
c:/st/stm32cubeide_1.0.2/stm32cubeide/plugins/com.st.stm32cube.ide.mcu.externaltools.gnu-tools-for-stm32.7-2018-q2-update.win32_1.0.0.201904181610/tools/bin/../lib/gcc/arm-none-eabi/7.3.1/../../../../arm-none-eabi/lib/thumb/v7e-m/fpv5/hard\libc_nano.a(lib_a-strcmp.o)
                              Core/Src/communication.o (strcmp)
c:/st/stm32cubeide_1.0.2/stm32cubeide/plugins/com.st.stm32cube.ide.mcu.externaltools.gnu-tools-for-stm32.7-2018-q2-update.win32_1.0.0.201904181610/tools/bin/../lib/gcc/arm-none-eabi/7.3.1/../../../../arm-none-eabi/lib/thumb/v7e-m/fpv5/hard\libc_nano.a(lib_a-strlen.o)
                              Core/Src/communication.o (strlen)
c:/st/stm32cubeide_1.0.2/stm32cubeide/plugins/com.st.stm32cube.ide.mcu.externaltools.gnu-tools-for-stm32.7-2018-q2-update.win32_1.0.0.201904181610/tools/bin/../lib/gcc/arm-none-eabi/7.3.1/../../../../arm-none-eabi/lib/thumb/v7e-m/fpv5/hard\libc_nano.a(lib_a-strncpy.o)
                              Core/Src/communication.o (strncpy)
c:/st/stm32cubeide_1.0.2/stm32cubeide/plugins/com.st.stm32cube.ide.mcu.externaltools.gnu-tools-for-stm32.7-2018-q2-update.win32_1.0.0.201904181610/tools/bin/../lib/gcc/arm-none-eabi/7.3.1/../../../../arm-none-eabi/lib/thumb/v7e-m/fpv5/hard\libc_nano.a(lib_a-strtok.o)
                              Core/Src/communication.o (strtok)
[...]
Memory Configuration

Name             Origin             Length             Attributes
RAM              0x0000000020000000 0x0000000000080000 xrw
FLASH            0x0000000008000000 0x0000000000200000 xr
*default*        0x0000000000000000 0xffffffffffffffff

Linker script and memory map

LOAD c:/st/stm32cubeide_1.0.2/stm32cubeide/plugins/com.st.stm32cube.ide.mcu.externaltools.gnu-tools-for-stm32.7-2018-q2-update.win32_1.0.0.201904181610/tools/bin/../lib/gcc/arm-none-eabi/7.3.1/thumb/v7e-m/fpv5/hard/crti.o
LOAD c:/st/stm32cubeide_1.0.2/stm32cubeide/plugins/com.st.stm32cube.ide.mcu.externaltools.gnu-tools-for-stm32.7-2018-q2-update.win32_1.0.0.201904181610/tools/bin/../lib/gcc/arm-none-eabi/7.3.1/thumb/v7e-m/fpv5/hard/crtbegin.o
LOAD c:/st/stm32cubeide_1.0.2/stm32cubeide/plugins/com.st.stm32cube.ide.mcu.externaltools.gnu-tools-for-stm32.7-2018-q2-update.win32_1.0.0.201904181610/tools/bin/../lib/gcc/arm-none-eabi/7.3.1/../../../../arm-none-eabi/lib/thumb/v7e-m/fpv5/hard/crt0.o
LOAD Core/Src/communication.o
LOAD Core/Src/config.o
LOAD Core/Src/delay.o
LOAD Core/Src/gpio.o
LOAD Core/Src/main.o
LOAD Core/Src/measurementController.o
LOAD Core/Src/stateController.o
LOAD Core/Src/stm32f7xx_hal_msp.o
LOAD Core/Src/stm32f7xx_it.o
LOAD Core/Src/switchingCircuitController.o
LOAD Core/Src/syscalls.o
LOAD Core/Src/sysmem.o
LOAD Core/Src/system_stm32f7xx.o
LOAD Core/Startup/startup_stm32f767vitx.o
LOAD Drivers/STM32F7xx_HAL_Driver/Src/stm32f7xx_hal.o
LOAD Drivers/STM32F7xx_HAL_Driver/Src/stm32f7xx_hal_adc.o
LOAD Drivers/STM32F7xx_HAL_Driver/Src/stm32f7xx_hal_adc_ex.o
LOAD Drivers/STM32F7xx_HAL_Driver/Src/stm32f7xx_hal_cortex.o
LOAD Drivers/STM32F7xx_HAL_Driver/Src/stm32f7xx_hal_dma.o
LOAD Drivers/STM32F7xx_HAL_Driver/Src/stm32f7xx_hal_dma_ex.o
LOAD Drivers/STM32F7xx_HAL_Driver/Src/stm32f7xx_hal_exti.o
LOAD Drivers/STM32F7xx_HAL_Driver/Src/stm32f7xx_hal_flash.o
LOAD Drivers/STM32F7xx_HAL_Driver/Src/stm32f7xx_hal_flash_ex.o
LOAD Drivers/STM32F7xx_HAL_Driver/Src/stm32f7xx_hal_gpio.o
LOAD Drivers/STM32F7xx_HAL_Driver/Src/stm32f7xx_hal_i2c.o
LOAD Drivers/STM32F7xx_HAL_Driver/Src/stm32f7xx_hal_i2c_ex.o
LOAD Drivers/STM32F7xx_HAL_Driver/Src/stm32f7xx_hal_pwr.o
LOAD Drivers/STM32F7xx_HAL_Driver/Src/stm32f7xx_hal_pwr_ex.o
LOAD Drivers/STM32F7xx_HAL_Driver/Src/stm32f7xx_hal_rcc.o
LOAD Drivers/STM32F7xx_HAL_Driver/Src/stm32f7xx_hal_rcc_ex.o
LOAD Drivers/STM32F7xx_HAL_Driver/Src/stm32f7xx_hal_spi.o
LOAD Drivers/STM32F7xx_HAL_Driver/Src/stm32f7xx_hal_spi_ex.o
LOAD Drivers/STM32F7xx_HAL_Driver/Src/stm32f7xx_hal_tim.o
LOAD Drivers/STM32F7xx_HAL_Driver/Src/stm32f7xx_hal_tim_ex.o
LOAD Drivers/STM32F7xx_HAL_Driver/Src/stm32f7xx_hal_uart.o
LOAD Drivers/STM32F7xx_HAL_Driver/Src/stm32f7xx_hal_uart_ex.o
START GROUP
LOAD c:/st/stm32cubeide_1.0.2/stm32cubeide/plugins/com.st.stm32cube.ide.mcu.externaltools.gnu-tools-for-stm32.7-2018-q2-update.win32_1.0.0.201904181610/tools/bin/../lib/gcc/arm-none-eabi/7.3.1/../../../../arm-none-eabi/lib/thumb/v7e-m/fpv5/hard\libc_nano.a
LOAD c:/st/stm32cubeide_1.0.2/stm32cubeide/plugins/com.st.stm32cube.ide.mcu.externaltools.gnu-tools-for-stm32.7-2018-q2-update.win32_1.0.0.201904181610/tools/bin/../lib/gcc/arm-none-eabi/7.3.1/../../../../arm-none-eabi/lib/thumb/v7e-m/fpv5/hard\libm.a
END GROUP
START GROUP
LOAD c:/st/stm32cubeide_1.0.2/stm32cubeide/plugins/com.st.stm32cube.ide.mcu.externaltools.gnu-tools-for-stm32.7-2018-q2-update.win32_1.0.0.201904181610/tools/bin/../lib/gcc/arm-none-eabi/7.3.1/thumb/v7e-m/fpv5/hard\libgcc.a
LOAD c:/st/stm32cubeide_1.0.2/stm32cubeide/plugins/com.st.stm32cube.ide.mcu.externaltools.gnu-tools-for-stm32.7-2018-q2-update.win32_1.0.0.201904181610/tools/bin/../lib/gcc/arm-none-eabi/7.3.1/../../../../arm-none-eabi/lib/thumb/v7e-m/fpv5/hard\libc_nano.a
END GROUP
START GROUP
LOAD c:/st/stm32cubeide_1.0.2/stm32cubeide/plugins/com.st.stm32cube.ide.mcu.externaltools.gnu-tools-for-stm32.7-2018-q2-update.win32_1.0.0.201904181610/tools/bin/../lib/gcc/arm-none-eabi/7.3.1/thumb/v7e-m/fpv5/hard\libgcc.a
LOAD c:/st/stm32cubeide_1.0.2/stm32cubeide/plugins/com.st.stm32cube.ide.mcu.externaltools.gnu-tools-for-stm32.7-2018-q2-update.win32_1.0.0.201904181610/tools/bin/../lib/gcc/arm-none-eabi/7.3.1/../../../../arm-none-eabi/lib/thumb/v7e-m/fpv5/hard\libc_nano.a
LOAD c:/st/stm32cubeide_1.0.2/stm32cubeide/plugins/com.st.stm32cube.ide.mcu.externaltools.gnu-tools-for-stm32.7-2018-q2-update.win32_1.0.0.201904181610/tools/bin/../lib/gcc/arm-none-eabi/7.3.1/../../../../arm-none-eabi/lib/thumb/v7e-m/fpv5/hard\libnosys.a
END GROUP
START GROUP
LOAD c:/st/stm32cubeide_1.0.2/stm32cubeide/plugins/com.st.stm32cube.ide.mcu.externaltools.gnu-tools-for-stm32.7-2018-q2-update.win32_1.0.0.201904181610/tools/bin/../lib/gcc/arm-none-eabi/7.3.1/thumb/v7e-m/fpv5/hard\libgcc.a
LOAD c:/st/stm32cubeide_1.0.2/stm32cubeide/plugins/com.st.stm32cube.ide.mcu.externaltools.gnu-tools-for-stm32.7-2018-q2-update.win32_1.0.0.201904181610/tools/bin/../lib/gcc/arm-none-eabi/7.3.1/../../../../arm-none-eabi/lib/thumb/v7e-m/fpv5/hard\libc_nano.a
LOAD c:/st/stm32cubeide_1.0.2/stm32cubeide/plugins/com.st.stm32cube.ide.mcu.externaltools.gnu-tools-for-stm32.7-2018-q2-update.win32_1.0.0.201904181610/tools/bin/../lib/gcc/arm-none-eabi/7.3.1/../../../../arm-none-eabi/lib/thumb/v7e-m/fpv5/hard\libnosys.a
END GROUP
LOAD c:/st/stm32cubeide_1.0.2/stm32cubeide/plugins/com.st.stm32cube.ide.mcu.externaltools.gnu-tools-for-stm32.7-2018-q2-update.win32_1.0.0.201904181610/tools/bin/../lib/gcc/arm-none-eabi/7.3.1/thumb/v7e-m/fpv5/hard/crtend.o
LOAD c:/st/stm32cubeide_1.0.2/stm32cubeide/plugins/com.st.stm32cube.ide.mcu.externaltools.gnu-tools-for-stm32.7-2018-q2-update.win32_1.0.0.201904181610/tools/bin/../lib/gcc/arm-none-eabi/7.3.1/thumb/v7e-m/fpv5/hard/crtn.o
                0x0000000020080000                _estack = (ORIGIN (RAM) + LENGTH (RAM))
                0x0000000000000200                _Min_Heap_Size = 0x200
                0x0000000000000400                _Min_Stack_Size = 0x400

.isr_vector     0x0000000008000000      0x1f8
                0x0000000008000000                . = ALIGN (0x4)
 *(.isr_vector)
 .isr_vector    0x0000000008000000      0x1f8 Core/Startup/startup_stm32f767vitx.o
                0x0000000008000000                g_pfnVectors
                0x00000000080001f8                . = ALIGN (0x4)

.text           0x0000000008000200     0xa3e0
                0x0000000008000200                . = ALIGN (0x4)
 *(.text)
 .text          0x0000000008000200       0x40 c:/st/stm32cubeide_1.0.2/stm32cubeide/plugins/com.st.stm32cube.ide.mcu.externaltools.gnu-tools-for-stm32.7-2018-q2-update.win32_1.0.0.201904181610/tools/bin/../lib/gcc/arm-none-eabi/7.3.1/thumb/v7e-m/fpv5/hard/crtbegin.o
 .text          0x0000000008000240       0x14 c:/st/stm32cubeide_1.0.2/stm32cubeide/plugins/com.st.stm32cube.ide.mcu.externaltools.gnu-tools-for-stm32.7-2018-q2-update.win32_1.0.0.201904181610/tools/bin/../lib/gcc/arm-none-eabi/7.3.1/../../../../arm-none-eabi/lib/thumb/v7e-m/fpv5/hard\libc_nano.a(lib_a-strcmp.o)
                0x0000000008000240                strcmp
 .text          0x0000000008000254       0x10 c:/st/stm32cubeide_1.0.2/stm32cubeide/plugins/com.st.stm32cube.ide.mcu.externaltools.gnu-tools-for-stm32.7-2018-q2-update.win32_1.0.0.201904181610/tools/bin/../lib/gcc/arm-none-eabi/7.3.1/../../../../arm-none-eabi/lib/thumb/v7e-m/fpv5/hard\libc_nano.a(lib_a-strlen.o)
                0x0000000008000254                strlen
 *fill*         0x0000000008000264        0xc 
 .text          0x0000000008000270       0xa0 c:/st/stm32cubeide_1.0.2/stm32cubeide/plugins/com.st.stm32cube.ide.mcu.externaltools.gnu-tools-for-stm32.7-2018-q2-update.win32_1.0.0.201904181610/tools/bin/../lib/gcc/arm-none-eabi/7.3.1/../../../../arm-none-eabi/lib/thumb/v7e-m/fpv5/hard\libc_nano.a(lib_a-memchr.o)
                0x0000000008000270                memchr
 .text          0x0000000008000310       0x30 c:/st/stm32cubeide_1.0.2/stm32cubeide/plugins/com.st.stm32cube.ide.mcu.externaltools.gnu-tools-for-stm32.7-2018-q2-update.win32_1.0.0.201904181610/tools/bin/../lib/gcc/arm-none-eabi/7.3.1/thumb/v7e-m/fpv5/hard\libgcc.a(_aeabi_uldivmod.o)
                0x0000000008000310                __aeabi_uldivmod
 .text          0x0000000008000340      0x2cc c:/st/stm32cubeide_1.0.2/stm32cubeide/plugins/com.st.stm32cube.ide.mcu.externaltools.gnu-tools-for-stm32.7-2018-q2-update.win32_1.0.0.201904181610/tools/bin/../lib/gcc/arm-none-eabi/7.3.1/thumb/v7e-m/fpv5/hard\libgcc.a(_udivmoddi4.o)
                0x0000000008000340                __udivmoddi4
 .text          0x000000000800060c        0x4 c:/st/stm32cubeide_1.0.2/stm32cubeide/plugins/com.st.stm32cube.ide.mcu.externaltools.gnu-tools-for-stm32.7-2018-q2-update.win32_1.0.0.201904181610/tools/bin/../lib/gcc/arm-none-eabi/7.3.1/thumb/v7e-m/fpv5/hard\libgcc.a(_dvmd_tls.o)
                0x000000000800060c                __aeabi_idiv0
                0x000000000800060c                __aeabi_ldiv0
 *(.text*)
 .text.parseText
                0x0000000008000610      0x4d8 Core/Src/communication.o
                0x0000000008000610                parseText
 .text.sendMeasuredData
                0x0000000008000ae8      0x2f8 Core/Src/communication.o
                0x0000000008000ae8                sendMeasuredData
 .text.newDataInBuffer
                0x0000000008000de0       0x18 Core/Src/communication.o
                0x0000000008000de0                newDataInBuffer
 .text.dataReadyToSend
                0x0000000008000df8       0x30 Core/Src/communication.o
                0x0000000008000df8                dataReadyToSend
 .text.dataReadyToSendAfterMeasurement
                0x0000000008000e28       0x30 Core/Src/communication.o
                0x0000000008000e28                dataReadyToSendAfterMeasurement
 .text.dataReadyToSendBeforeMeasurement
                0x0000000008000e58       0x24 Core/Src/communication.o
                0x0000000008000e58                dataReadyToSendBeforeMeasurement
 .text.clearReceivedCharsBuffer
                0x0000000008000e7c       0x54 Core/Src/communication.o
                0x0000000008000e7c                clearReceivedCharsBuffer
 .text.characterReceived
                0x0000000008000ed0       0x68 Core/Src/communication.o
                0x0000000008000ed0                characterReceived
 .text.delay_us
                0x0000000008000f38       0x28 Core/Src/delay.o
                0x0000000008000f38                delay_us
 .text.delay_ms
                0x0000000008000f60       0x30 Core/Src/delay.o
                0x0000000008000f60                delay_ms
 .text.HAL_TIM_PeriodElapsedCallback
                0x0000000008000f90       0x68 Core/Src/delay.o
                0x0000000008000f90                HAL_TIM_PeriodElapsedCallback
 .text.set_LED1
                0x0000000008000ff8       0x48 Core/Src/gpio.o
                0x0000000008000ff8                set_LED1
 .text.set_LED2
                0x0000000008001040       0x24 Core/Src/gpio.o
                0x0000000008001040                set_LED2
 .text.set_LED3
                0x0000000008001064       0x24 Core/Src/gpio.o
                0x0000000008001064                set_LED3
 .text.set_LED4
                0x0000000008001088       0x24 Core/Src/gpio.o
                0x0000000008001088                set_LED4
 .text.HAL_GPIO_EXTI_Callback
                0x00000000080010ac       0x44 Core/Src/gpio.o
                0x00000000080010ac                HAL_GPIO_EXTI_Callback
 .text.main     0x00000000080010f0      0x120 Core/Src/main.o
                0x00000000080010f0                main
 .text.SystemClock_Config
                0x0000000008001210      0x140 Core/Src/main.o
                0x0000000008001210                SystemClock_Config
 .text.MX_ADC1_Init
                0x0000000008001350       0xa4 Core/Src/main.o
 .text.MX_I2C1_Init
                0x00000000080013f4       0x80 Core/Src/main.o
 .text.MX_I2C3_Init
                0x0000000008001474       0x80 Core/Src/main.o
 .text.MX_SPI1_Init
                0x00000000080014f4       0x74 Core/Src/main.o
 .text.MX_SPI4_Init
                0x0000000008001568       0x7c Core/Src/main.o
 .text.MX_TIM1_Init
                0x00000000080015e4      0x180 Core/Src/main.o
 .text.MX_TIM2_Init
                0x0000000008001764       0xa8 Core/Src/main.o
 .text.MX_TIM3_Init
                0x000000000800180c       0xf0 Core/Src/main.o
 .text.MX_TIM4_Init
                0x00000000080018fc       0xb4 Core/Src/main.o
 .text.MX_TIM5_Init
                0x00000000080019b0       0x9c Core/Src/main.o
 .text.MX_TIM6_Init
                0x0000000008001a4c       0x6c Core/Src/main.o
 .text.MX_TIM8_Init
                0x0000000008001ab8      0x198 Core/Src/main.o
 .text.MX_UART7_Init
                0x0000000008001c50       0x60 Core/Src/main.o
 .text.MX_USART1_UART_Init
                0x0000000008001cb0       0x60 Core/Src/main.o
 .text.MX_USART2_UART_Init
                0x0000000008001d10       0x60 Core/Src/main.o
 .text.MX_USART3_UART_Init
                0x0000000008001d70       0x60 Core/Src/main.o
 .text.MX_DMA_Init
                0x0000000008001dd0       0x74 Core/Src/main.o
 .text.MX_GPIO_Init
                0x0000000008001e44      0x16c Core/Src/main.o
 .text.initialization
                0x0000000008001fb0       0x54 Core/Src/main.o
                0x0000000008001fb0                initialization
 .text.runMeasurementMethod
                0x0000000008002004       0xa8 Core/Src/main.o
                0x0000000008002004                runMeasurementMethod
 .text.measureWithExtADC
                0x00000000080020ac       0x5c Core/Src/main.o
                0x00000000080020ac                measureWithExtADC
 .text.measureWithIntADC
                0x0000000008002108       0x48 Core/Src/main.o
                0x0000000008002108                measureWithIntADC
 .text.measureWithComp
                0x0000000008002150       0x40 Core/Src/main.o
                0x0000000008002150                measureWithComp
 .text.measurementWithExtAdcDone
                0x0000000008002190       0xac Core/Src/main.o
                0x0000000008002190                measurementWithExtAdcDone
 .text.measurementWithIntAdcDone
                0x000000000800223c       0x94 Core/Src/main.o
                0x000000000800223c                measurementWithIntAdcDone
 .text.measurementWithCompDone
                0x00000000080022d0       0x54 Core/Src/main.o
                0x00000000080022d0                measurementWithCompDone
 .text.HAL_TIM_IC_CaptureCallback
                0x0000000008002324       0x20 Core/Src/main.o
                0x0000000008002324                HAL_TIM_IC_CaptureCallback
 .text.HAL_ADC_ConvCpltCallback
                0x0000000008002344       0x24 Core/Src/main.o
                0x0000000008002344                HAL_ADC_ConvCpltCallback
 .text.HAL_UART_RxCpltCallback
                0x0000000008002368       0x3c Core/Src/main.o
                0x0000000008002368                HAL_UART_RxCpltCallback
 .text.HAL_SPI_RxCpltCallback
                0x00000000080023a4       0x24 Core/Src/main.o
                0x00000000080023a4                HAL_SPI_RxCpltCallback
 .text.Error_Handler
                0x00000000080023c8        0xe Core/Src/main.o
                0x00000000080023c8                Error_Handler
 *fill*         0x00000000080023d6        0x2 
 .text.goToIdleAfterMeasurement
                0x00000000080023d8       0x88 Core/Src/measurementController.o
                0x00000000080023d8                goToIdleAfterMeasurement
 .text.setMeasurementPeriod
                0x0000000008002460       0x38 Core/Src/measurementController.o
                0x0000000008002460                setMeasurementPeriod
 .text.changeStateMode
                0x0000000008002498       0x4c Core/Src/stateController.o
                0x0000000008002498                changeStateMode
 .text.stateCanBeUpdated
                0x00000000080024e4       0x50 Core/Src/stateController.o
                0x00000000080024e4                stateCanBeUpdated
 .text.updateState
                0x0000000008002534       0x40 Core/Src/stateController.o
                0x0000000008002534                updateState
 .text.setStateToDefault
                0x0000000008002574       0x90 Core/Src/stateController.o
                0x0000000008002574                setStateToDefault
 .text.setStateToMeasureOnSync
                0x0000000008002604       0xb4 Core/Src/stateController.o
                0x0000000008002604                setStateToMeasureOnSync
 .text.setStateToIdle
                0x00000000080026b8       0x8c Core/Src/stateController.o
                0x00000000080026b8                setStateToIdle
 .text.lastMeasurement
                0x0000000008002744       0x24 Core/Src/stateController.o
                0x0000000008002744                lastMeasurement
 .text.ploarizationCanRun
                0x0000000008002768       0x4c Core/Src/stateController.o
                0x0000000008002768                ploarizationCanRun
 .text.measurementCanRun
                0x00000000080027b4       0x5c Core/Src/stateController.o
                0x00000000080027b4                measurementCanRun
 .text.stateIsIdle
                0x0000000008002810       0x48 Core/Src/stateController.o
                0x0000000008002810                stateIsIdle
 .text.isWaitingForSync
                0x0000000008002858       0x30 Core/Src/stateController.o
                0x0000000008002858                isWaitingForSync
 .text.isMeasuring
                0x0000000008002888       0x30 Core/Src/stateController.o
                0x0000000008002888                isMeasuring
 .text.isSending
                0x00000000080028b8       0x30 Core/Src/stateController.o
                0x00000000080028b8                isSending
 .text.canDecreaseRemainingMeasurements
                0x00000000080028e8       0x3c Core/Src/stateController.o
                0x00000000080028e8                canDecreaseRemainingMeasurements
 .text.isModeMeasureOnSync
                0x0000000008002924       0x20 Core/Src/stateController.o
                0x0000000008002924                isModeMeasureOnSync
 .text.prepareForPolarizationPhaseIfPossible
                0x0000000008002944       0x44 Core/Src/stateController.o
                0x0000000008002944                prepareForPolarizationPhaseIfPossible
 .text.HAL_MspInit
                0x0000000008002988       0x48 Core/Src/stm32f7xx_hal_msp.o
                0x0000000008002988                HAL_MspInit
 .text.HAL_ADC_MspInit
                0x00000000080029d0       0xe4 Core/Src/stm32f7xx_hal_msp.o
                0x00000000080029d0                HAL_ADC_MspInit
 .text.HAL_I2C_MspInit
                0x0000000008002ab4      0x12c Core/Src/stm32f7xx_hal_msp.o
                0x0000000008002ab4                HAL_I2C_MspInit
 .text.HAL_SPI_MspInit
                0x0000000008002be0      0x154 Core/Src/stm32f7xx_hal_msp.o
                0x0000000008002be0                HAL_SPI_MspInit
 .text.HAL_TIM_Base_MspInit
                0x0000000008002d34      0x13c Core/Src/stm32f7xx_hal_msp.o
                0x0000000008002d34                HAL_TIM_Base_MspInit
 .text.HAL_TIM_IC_MspInit
                0x0000000008002e70       0xfc Core/Src/stm32f7xx_hal_msp.o
                0x0000000008002e70                HAL_TIM_IC_MspInit
 .text.HAL_TIM_PWM_MspInit
                0x0000000008002f6c       0x4c Core/Src/stm32f7xx_hal_msp.o
                0x0000000008002f6c                HAL_TIM_PWM_MspInit
 .text.HAL_TIM_MspPostInit
                0x0000000008002fb8      0x158 Core/Src/stm32f7xx_hal_msp.o
                0x0000000008002fb8                HAL_TIM_MspPostInit
 .text.HAL_UART_MspInit
                0x0000000008003110      0x1c4 Core/Src/stm32f7xx_hal_msp.o
                0x0000000008003110                HAL_UART_MspInit
 .text.NMI_Handler
                0x00000000080032d4        0xe Core/Src/stm32f7xx_it.o
                0x00000000080032d4                NMI_Handler
 .text.HardFault_Handler
                0x00000000080032e2        0x6 Core/Src/stm32f7xx_it.o
                0x00000000080032e2                HardFault_Handler
 .text.MemManage_Handler
                0x00000000080032e8        0x6 Core/Src/stm32f7xx_it.o
                0x00000000080032e8                MemManage_Handler
 .text.BusFault_Handler
                0x00000000080032ee        0x6 Core/Src/stm32f7xx_it.o
                0x00000000080032ee                BusFault_Handler
 .text.UsageFault_Handler
                0x00000000080032f4        0x6 Core/Src/stm32f7xx_it.o
                0x00000000080032f4                UsageFault_Handler
 .text.SVC_Handler
                0x00000000080032fa        0xe Core/Src/stm32f7xx_it.o
                0x00000000080032fa                SVC_Handler
 .text.DebugMon_Handler
                0x0000000008003308        0xe Core/Src/stm32f7xx_it.o
                0x0000000008003308                DebugMon_Handler
 .text.PendSV_Handler
                0x0000000008003316        0xe Core/Src/stm32f7xx_it.o
                0x0000000008003316                PendSV_Handler
 .text.SysTick_Handler
                0x0000000008003324        0xc Core/Src/stm32f7xx_it.o
                0x0000000008003324                SysTick_Handler
 .text.DMA1_Stream5_IRQHandler
                0x0000000008003330       0x14 Core/Src/stm32f7xx_it.o
                0x0000000008003330                DMA1_Stream5_IRQHandler
 .text.EXTI9_5_IRQHandler
                0x0000000008003344       0x16 Core/Src/stm32f7xx_it.o
                0x0000000008003344                EXTI9_5_IRQHandler
 *fill*         0x000000000800335a        0x2 
 .text.TIM1_BRK_TIM9_IRQHandler
                0x000000000800335c       0x14 Core/Src/stm32f7xx_it.o
                0x000000000800335c                TIM1_BRK_TIM9_IRQHandler
 .text.TIM1_UP_TIM10_IRQHandler
                0x0000000008003370       0x14 Core/Src/stm32f7xx_it.o
                0x0000000008003370                TIM1_UP_TIM10_IRQHandler
 .text.TIM2_IRQHandler
                0x0000000008003384       0x14 Core/Src/stm32f7xx_it.o
                0x0000000008003384                TIM2_IRQHandler
 .text.TIM3_IRQHandler
                0x0000000008003398       0x14 Core/Src/stm32f7xx_it.o
                0x0000000008003398                TIM3_IRQHandler
 .text.TIM4_IRQHandler
                0x00000000080033ac       0x14 Core/Src/stm32f7xx_it.o
                0x00000000080033ac                TIM4_IRQHandler
 .text.USART3_IRQHandler
                0x00000000080033c0       0x14 Core/Src/stm32f7xx_it.o
                0x00000000080033c0                USART3_IRQHandler
 .text.EXTI15_10_IRQHandler
                0x00000000080033d4       0x10 Core/Src/stm32f7xx_it.o
                0x00000000080033d4                EXTI15_10_IRQHandler
 .text.TIM8_CC_IRQHandler
                0x00000000080033e4       0x14 Core/Src/stm32f7xx_it.o
                0x00000000080033e4                TIM8_CC_IRQHandler
 .text.TIM5_IRQHandler
                0x00000000080033f8       0x14 Core/Src/stm32f7xx_it.o
                0x00000000080033f8                TIM5_IRQHandler
 .text.TIM6_DAC_IRQHandler
                0x000000000800340c       0x14 Core/Src/stm32f7xx_it.o
                0x000000000800340c                TIM6_DAC_IRQHandler
 .text.DMA2_Stream2_IRQHandler
                0x0000000008003420       0x14 Core/Src/stm32f7xx_it.o
                0x0000000008003420                DMA2_Stream2_IRQHandler
 .text.DMA2_Stream4_IRQHandler
                0x0000000008003434       0x14 Core/Src/stm32f7xx_it.o
                0x0000000008003434                DMA2_Stream4_IRQHandler
 .text.runPolarizationSequence
                0x0000000008003448       0xd8 Core/Src/switchingCircuitController.o
                0x0000000008003448                runPolarizationSequence
 .text.runMeasurementSequence
                0x0000000008003520      0x164 Core/Src/switchingCircuitController.o
                0x0000000008003520                runMeasurementSequence
 .text.switchingCircuitIdle
                0x0000000008003684       0x54 Core/Src/switchingCircuitController.o
                0x0000000008003684                switchingCircuitIdle
 .text._sbrk    0x00000000080036d8       0x58 Core/Src/sysmem.o
                0x00000000080036d8                _sbrk
 .text.SystemInit
                0x0000000008003730       0x2c Core/Src/system_stm32f7xx.o
                0x0000000008003730                SystemInit
 .text.Reset_Handler
                0x000000000800375c       0x50 Core/Startup/startup_stm32f767vitx.o
                0x000000000800375c                Reset_Handler
 .text.Default_Handler
                0x00000000080037ac        0x2 Core/Startup/startup_stm32f767vitx.o
                0x00000000080037ac                RTC_Alarm_IRQHandler
                0x00000000080037ac                EXTI2_IRQHandler
                0x00000000080037ac                UART8_IRQHandler
                0x00000000080037ac                SPI4_IRQHandler
                0x00000000080037ac                TIM1_CC_IRQHandler
                0x00000000080037ac                DMA2_Stream5_IRQHandler
                0x00000000080037ac                JPEG_IRQHandler
                0x00000000080037ac                CAN3_RX1_IRQHandler
                0x00000000080037ac                PVD_IRQHandler
                0x00000000080037ac                TAMP_STAMP_IRQHandler
                0x00000000080037ac                CAN2_RX1_IRQHandler
                0x00000000080037ac                EXTI3_IRQHandler
                0x00000000080037ac                TIM8_TRG_COM_TIM14_IRQHandler
                0x00000000080037ac                DFSDM1_FLT1_IRQHandler
                0x00000000080037ac                TIM8_UP_TIM13_IRQHandler
                0x00000000080037ac                I2C3_ER_IRQHandler
                0x00000000080037ac                DFSDM1_FLT2_IRQHandler
                0x00000000080037ac                EXTI0_IRQHandler
                0x00000000080037ac                I2C2_EV_IRQHandler
                0x00000000080037ac                DMA1_Stream2_IRQHandler
                0x00000000080037ac                CAN1_RX0_IRQHandler
                0x00000000080037ac                FPU_IRQHandler
                0x00000000080037ac                OTG_HS_WKUP_IRQHandler
                0x00000000080037ac                CAN3_SCE_IRQHandler
                0x00000000080037ac                LTDC_ER_IRQHandler
                0x00000000080037ac                CAN2_SCE_IRQHandler
                0x00000000080037ac                SPI1_IRQHandler
                0x00000000080037ac                DCMI_IRQHandler
                0x00000000080037ac                CAN2_RX0_IRQHandler
                0x00000000080037ac                DMA2_Stream3_IRQHandler
                0x00000000080037ac                SAI2_IRQHandler
                0x00000000080037ac                DFSDM1_FLT3_IRQHandler
                0x00000000080037ac                USART6_IRQHandler
                0x00000000080037ac                CAN3_RX0_IRQHandler
                0x00000000080037ac                CAN1_RX1_IRQHandler
                0x00000000080037ac                UART5_IRQHandler
                0x00000000080037ac                DMA2_Stream0_IRQHandler
                0x00000000080037ac                QUADSPI_IRQHandler
                0x00000000080037ac                I2C1_EV_IRQHandler
                0x00000000080037ac                DMA1_Stream6_IRQHandler
                0x00000000080037ac                DMA1_Stream1_IRQHandler
                0x00000000080037ac                UART4_IRQHandler
                0x00000000080037ac                RCC_IRQHandler
                0x00000000080037ac                TIM8_BRK_TIM12_IRQHandler
                0x00000000080037ac                Default_Handler
                0x00000000080037ac                CEC_IRQHandler
                0x00000000080037ac                ADC_IRQHandler
                0x00000000080037ac                DMA1_Stream7_IRQHandler
                0x00000000080037ac                SPI5_IRQHandler
                0x00000000080037ac                TIM7_IRQHandler
                0x00000000080037ac                SDMMC1_IRQHandler
                0x00000000080037ac                CAN2_TX_IRQHandler
                0x00000000080037ac                DMA2_Stream7_IRQHandler
                0x00000000080037ac                I2C3_EV_IRQHandler
                0x00000000080037ac                RTC_WKUP_IRQHandler
                0x00000000080037ac                LTDC_IRQHandler
                0x00000000080037ac                ETH_WKUP_IRQHandler
                0x00000000080037ac                SPDIF_RX_IRQHandler
                0x00000000080037ac                SPI2_IRQHandler
                0x00000000080037ac                OTG_HS_EP1_IN_IRQHandler
                0x00000000080037ac                DMA1_Stream0_IRQHandler
                0x00000000080037ac                CAN1_TX_IRQHandler
                0x00000000080037ac                EXTI4_IRQHandler
                0x00000000080037ac                RNG_IRQHandler
                0x00000000080037ac                ETH_IRQHandler
                0x00000000080037ac                OTG_HS_EP1_OUT_IRQHandler
                0x00000000080037ac                WWDG_IRQHandler
                0x00000000080037ac                SPI6_IRQHandler
                0x00000000080037ac                MDIOS_IRQHandler
                0x00000000080037ac                I2C4_EV_IRQHandler
                0x00000000080037ac                CAN3_TX_IRQHandler
                0x00000000080037ac                OTG_FS_WKUP_IRQHandler
                0x00000000080037ac                TIM1_TRG_COM_TIM11_IRQHandler
                0x00000000080037ac                OTG_HS_IRQHandler
                0x00000000080037ac                DMA2D_IRQHandler
                0x00000000080037ac                EXTI1_IRQHandler
                0x00000000080037ac                SDMMC2_IRQHandler
                0x00000000080037ac                UART7_IRQHandler
                0x00000000080037ac                USART2_IRQHandler
                0x00000000080037ac                DFSDM1_FLT0_IRQHandler
                0x00000000080037ac                I2C2_ER_IRQHandler
                0x00000000080037ac                DMA2_Stream1_IRQHandler
                0x00000000080037ac                CAN1_SCE_IRQHandler
                0x00000000080037ac                FLASH_IRQHandler
                0x00000000080037ac                USART1_IRQHandler
                0x00000000080037ac                OTG_FS_IRQHandler
                0x00000000080037ac                SPI3_IRQHandler
                0x00000000080037ac                DMA1_Stream4_IRQHandler
                0x00000000080037ac                I2C1_ER_IRQHandler
                0x00000000080037ac                FMC_IRQHandler
                0x00000000080037ac                LPTIM1_IRQHandler
                0x00000000080037ac                I2C4_ER_IRQHandler
                0x00000000080037ac                DMA2_Stream6_IRQHandler
                0x00000000080037ac                SAI1_IRQHandler
                0x00000000080037ac                DMA1_Stream3_IRQHandler
 .text.HAL_Init
                0x00000000080037ae       0x1a Drivers/STM32F7xx_HAL_Driver/Src/stm32f7xx_hal.o
                0x00000000080037ae                HAL_Init
 .text.HAL_InitTick
                0x00000000080037c8       0x60 Drivers/STM32F7xx_HAL_Driver/Src/stm32f7xx_hal.o
                0x00000000080037c8                HAL_InitTick
 .text.HAL_IncTick
                0x0000000008003828       0x28 Drivers/STM32F7xx_HAL_Driver/Src/stm32f7xx_hal.o
                0x0000000008003828                HAL_IncTick
 .text.HAL_GetTick
                0x0000000008003850       0x18 Drivers/STM32F7xx_HAL_Driver/Src/stm32f7xx_hal.o
                0x0000000008003850                HAL_GetTick
 .text.HAL_Delay
                0x0000000008003868       0x44 Drivers/STM32F7xx_HAL_Driver/Src/stm32f7xx_hal.o
                0x0000000008003868                HAL_Delay
 .text.HAL_ADC_Init
                0x00000000080038ac       0x88 Drivers/STM32F7xx_HAL_Driver/Src/stm32f7xx_hal_adc.o
                0x00000000080038ac                HAL_ADC_Init
 .text.HAL_ADC_Start_DMA
                0x0000000008003934      0x1dc Drivers/STM32F7xx_HAL_Driver/Src/stm32f7xx_hal_adc.o
                0x0000000008003934                HAL_ADC_Start_DMA
 .text.HAL_ADC_ConvHalfCpltCallback
                0x0000000008003b10       0x14 Drivers/STM32F7xx_HAL_Driver/Src/stm32f7xx_hal_adc.o
                0x0000000008003b10                HAL_ADC_ConvHalfCpltCallback
 .text.HAL_ADC_ErrorCallback
                0x0000000008003b24       0x14 Drivers/STM32F7xx_HAL_Driver/Src/stm32f7xx_hal_adc.o
                0x0000000008003b24                HAL_ADC_ErrorCallback
 .text.HAL_ADC_ConfigChannel
                0x0000000008003b38      0x294 Drivers/STM32F7xx_HAL_Driver/Src/stm32f7xx_hal_adc.o
                0x0000000008003b38                HAL_ADC_ConfigChannel
 .text.ADC_Init
                0x0000000008003dcc      0x1f4 Drivers/STM32F7xx_HAL_Driver/Src/stm32f7xx_hal_adc.o
 .text.ADC_DMAConvCplt
                0x0000000008003fc0       0xba Drivers/STM32F7xx_HAL_Driver/Src/stm32f7xx_hal_adc.o
 .text.ADC_DMAHalfConvCplt
                0x000000000800407a       0x1c Drivers/STM32F7xx_HAL_Driver/Src/stm32f7xx_hal_adc.o
 .text.ADC_DMAError
                0x0000000008004096       0x2e Drivers/STM32F7xx_HAL_Driver/Src/stm32f7xx_hal_adc.o
 .text.__NVIC_SetPriorityGrouping
                0x00000000080040c4       0x48 Drivers/STM32F7xx_HAL_Driver/Src/stm32f7xx_hal_cortex.o
 .text.__NVIC_GetPriorityGrouping
                0x000000000800410c       0x1c Drivers/STM32F7xx_HAL_Driver/Src/stm32f7xx_hal_cortex.o
 .text.__NVIC_EnableIRQ
                0x0000000008004128       0x3c Drivers/STM32F7xx_HAL_Driver/Src/stm32f7xx_hal_cortex.o
 .text.__NVIC_SetPriority
                0x0000000008004164       0x54 Drivers/STM32F7xx_HAL_Driver/Src/stm32f7xx_hal_cortex.o
 .text.NVIC_EncodePriority
                0x00000000080041b8       0x66 Drivers/STM32F7xx_HAL_Driver/Src/stm32f7xx_hal_cortex.o
 *fill*         0x000000000800421e        0x2 
 .text.SysTick_Config
                0x0000000008004220       0x44 Drivers/STM32F7xx_HAL_Driver/Src/stm32f7xx_hal_cortex.o
 .text.HAL_NVIC_SetPriorityGrouping
                0x0000000008004264       0x16 Drivers/STM32F7xx_HAL_Driver/Src/stm32f7xx_hal_cortex.o
                0x0000000008004264                HAL_NVIC_SetPriorityGrouping
 .text.HAL_NVIC_SetPriority
                0x000000000800427a       0x38 Drivers/STM32F7xx_HAL_Driver/Src/stm32f7xx_hal_cortex.o
                0x000000000800427a                HAL_NVIC_SetPriority
 .text.HAL_NVIC_EnableIRQ
                0x00000000080042b2       0x1c Drivers/STM32F7xx_HAL_Driver/Src/stm32f7xx_hal_cortex.o
                0x00000000080042b2                HAL_NVIC_EnableIRQ
 .text.HAL_SYSTICK_Config
                0x00000000080042ce       0x18 Drivers/STM32F7xx_HAL_Driver/Src/stm32f7xx_hal_cortex.o
                0x00000000080042ce                HAL_SYSTICK_Config
 *fill*         0x00000000080042e6        0x2 
 .text.HAL_DMA_Init
                0x00000000080042e8      0x15c Drivers/STM32F7xx_HAL_Driver/Src/stm32f7xx_hal_dma.o
                0x00000000080042e8                HAL_DMA_Init
 .text.HAL_DMA_Start_IT
                0x0000000008004444       0xc0 Drivers/STM32F7xx_HAL_Driver/Src/stm32f7xx_hal_dma.o
                0x0000000008004444                HAL_DMA_Start_IT
 .text.HAL_DMA_Abort_IT
                0x0000000008004504       0x44 Drivers/STM32F7xx_HAL_Driver/Src/stm32f7xx_hal_dma.o
                0x0000000008004504                HAL_DMA_Abort_IT
 .text.HAL_DMA_IRQHandler
                0x0000000008004548      0x314 Drivers/STM32F7xx_HAL_Driver/Src/stm32f7xx_hal_dma.o
                0x0000000008004548                HAL_DMA_IRQHandler
 .text.DMA_SetConfig
                0x000000000800485c       0x5c Drivers/STM32F7xx_HAL_Driver/Src/stm32f7xx_hal_dma.o
 .text.DMA_CalcBaseAndBitshift
                0x00000000080048b8       0x6c Drivers/STM32F7xx_HAL_Driver/Src/stm32f7xx_hal_dma.o
 .text.DMA_CheckFifoParam
                0x0000000008004924       0xf4 Drivers/STM32F7xx_HAL_Driver/Src/stm32f7xx_hal_dma.o
 .text.HAL_GPIO_Init
                0x0000000008004a18      0x354 Drivers/STM32F7xx_HAL_Driver/Src/stm32f7xx_hal_gpio.o
                0x0000000008004a18                HAL_GPIO_Init
 .text.HAL_GPIO_WritePin
                0x0000000008004d6c       0x32 Drivers/STM32F7xx_HAL_Driver/Src/stm32f7xx_hal_gpio.o
                0x0000000008004d6c                HAL_GPIO_WritePin
 *fill*         0x0000000008004d9e        0x2 
 .text.HAL_GPIO_EXTI_IRQHandler
                0x0000000008004da0       0x30 Drivers/STM32F7xx_HAL_Driver/Src/stm32f7xx_hal_gpio.o
                0x0000000008004da0                HAL_GPIO_EXTI_IRQHandler
 .text.HAL_I2C_Init
                0x0000000008004dd0      0x120 Drivers/STM32F7xx_HAL_Driver/Src/stm32f7xx_hal_i2c.o
                0x0000000008004dd0                HAL_I2C_Init
 .text.HAL_I2CEx_ConfigAnalogFilter
                0x0000000008004ef0       0x96 Drivers/STM32F7xx_HAL_Driver/Src/stm32f7xx_hal_i2c_ex.o
                0x0000000008004ef0                HAL_I2CEx_ConfigAnalogFilter
 .text.HAL_I2CEx_ConfigDigitalFilter
                0x0000000008004f86       0x98 Drivers/STM32F7xx_HAL_Driver/Src/stm32f7xx_hal_i2c_ex.o
                0x0000000008004f86                HAL_I2CEx_ConfigDigitalFilter
 *fill*         0x000000000800501e        0x2 
 .text.HAL_PWR_EnableBkUpAccess
                0x0000000008005020       0x20 Drivers/STM32F7xx_HAL_Driver/Src/stm32f7xx_hal_pwr.o
                0x0000000008005020                HAL_PWR_EnableBkUpAccess
 .text.HAL_PWREx_EnableOverDrive
                0x0000000008005040       0xa0 Drivers/STM32F7xx_HAL_Driver/Src/stm32f7xx_hal_pwr_ex.o
                0x0000000008005040                HAL_PWREx_EnableOverDrive
 .text.HAL_RCC_OscConfig
                0x00000000080050e0      0x55c Drivers/STM32F7xx_HAL_Driver/Src/stm32f7xx_hal_rcc.o
                0x00000000080050e0                HAL_RCC_OscConfig
 .text.HAL_RCC_ClockConfig
                0x000000000800563c      0x1d8 Drivers/STM32F7xx_HAL_Driver/Src/stm32f7xx_hal_rcc.o
                0x000000000800563c                HAL_RCC_ClockConfig
 .text.HAL_RCC_GetSysClockFreq
                0x0000000008005814      0x164 Drivers/STM32F7xx_HAL_Driver/Src/stm32f7xx_hal_rcc.o
                0x0000000008005814                HAL_RCC_GetSysClockFreq
 .text.HAL_RCC_GetHCLKFreq
                0x0000000008005978       0x18 Drivers/STM32F7xx_HAL_Driver/Src/stm32f7xx_hal_rcc.o
                0x0000000008005978                HAL_RCC_GetHCLKFreq
 .text.HAL_RCC_GetPCLK1Freq
                0x0000000008005990       0x28 Drivers/STM32F7xx_HAL_Driver/Src/stm32f7xx_hal_rcc.o
                0x0000000008005990                HAL_RCC_GetPCLK1Freq
 .text.HAL_RCC_GetPCLK2Freq
                0x00000000080059b8       0x28 Drivers/STM32F7xx_HAL_Driver/Src/stm32f7xx_hal_rcc.o
                0x00000000080059b8                HAL_RCC_GetPCLK2Freq
 .text.HAL_RCCEx_PeriphCLKConfig
                0x00000000080059e0      0x84c Drivers/STM32F7xx_HAL_Driver/Src/stm32f7xx_hal_rcc_ex.o
                0x00000000080059e0                HAL_RCCEx_PeriphCLKConfig
 .text.HAL_SPI_Init
                0x000000000800622c      0x124 Drivers/STM32F7xx_HAL_Driver/Src/stm32f7xx_hal_spi.o
                0x000000000800622c                HAL_SPI_Init
 .text.HAL_SPI_Receive_DMA
                0x0000000008006350      0x238 Drivers/STM32F7xx_HAL_Driver/Src/stm32f7xx_hal_spi.o
                0x0000000008006350                HAL_SPI_Receive_DMA
 .text.HAL_SPI_TransmitReceive_DMA
                0x0000000008006588      0x318 Drivers/STM32F7xx_HAL_Driver/Src/stm32f7xx_hal_spi.o
                0x0000000008006588                HAL_SPI_TransmitReceive_DMA
 .text.HAL_SPI_TxRxCpltCallback
                0x00000000080068a0       0x14 Drivers/STM32F7xx_HAL_Driver/Src/stm32f7xx_hal_spi.o
                0x00000000080068a0                HAL_SPI_TxRxCpltCallback
 .text.HAL_SPI_RxHalfCpltCallback
                0x00000000080068b4       0x14 Drivers/STM32F7xx_HAL_Driver/Src/stm32f7xx_hal_spi.o
                0x00000000080068b4                HAL_SPI_RxHalfCpltCallback
 .text.HAL_SPI_TxRxHalfCpltCallback
                0x00000000080068c8       0x14 Drivers/STM32F7xx_HAL_Driver/Src/stm32f7xx_hal_spi.o
                0x00000000080068c8                HAL_SPI_TxRxHalfCpltCallback
 .text.HAL_SPI_ErrorCallback
                0x00000000080068dc       0x14 Drivers/STM32F7xx_HAL_Driver/Src/stm32f7xx_hal_spi.o
                0x00000000080068dc                HAL_SPI_ErrorCallback
 .text.SPI_DMAReceiveCplt
                0x00000000080068f0       0x86 Drivers/STM32F7xx_HAL_Driver/Src/stm32f7xx_hal_spi.o
 .text.SPI_DMATransmitReceiveCplt
                0x0000000008006976       0x92 Drivers/STM32F7xx_HAL_Driver/Src/stm32f7xx_hal_spi.o
 .text.SPI_DMAHalfReceiveCplt
                0x0000000008006a08       0x1c Drivers/STM32F7xx_HAL_Driver/Src/stm32f7xx_hal_spi.o
 .text.SPI_DMAHalfTransmitReceiveCplt
                0x0000000008006a24       0x1c Drivers/STM32F7xx_HAL_Driver/Src/stm32f7xx_hal_spi.o
 .text.SPI_DMAError
                0x0000000008006a40       0x40 Drivers/STM32F7xx_HAL_Driver/Src/stm32f7xx_hal_spi.o
 .text.SPI_WaitFlagStateUntilTimeout
                0x0000000008006a80       0xd4 Drivers/STM32F7xx_HAL_Driver/Src/stm32f7xx_hal_spi.o
 .text.SPI_WaitFifoStateUntilTimeout
                0x0000000008006b54       0xda Drivers/STM32F7xx_HAL_Driver/Src/stm32f7xx_hal_spi.o
 .text.SPI_EndRxTransaction
                0x0000000008006c2e       0xb0 Drivers/STM32F7xx_HAL_Driver/Src/stm32f7xx_hal_spi.o
 .text.SPI_EndRxTxTransaction
                0x0000000008006cde       0x8c Drivers/STM32F7xx_HAL_Driver/Src/stm32f7xx_hal_spi.o
 .text.HAL_TIM_Base_Init
                0x0000000008006d6a       0x56 Drivers/STM32F7xx_HAL_Driver/Src/stm32f7xx_hal_tim.o
                0x0000000008006d6a                HAL_TIM_Base_Init
 .text.HAL_TIM_Base_Start_IT
                0x0000000008006dc0       0x54 Drivers/STM32F7xx_HAL_Driver/Src/stm32f7xx_hal_tim.o
                0x0000000008006dc0                HAL_TIM_Base_Start_IT
 .text.HAL_TIM_Base_Stop_IT
                0x0000000008006e14       0x56 Drivers/STM32F7xx_HAL_Driver/Src/stm32f7xx_hal_tim.o
                0x0000000008006e14                HAL_TIM_Base_Stop_IT
 .text.HAL_TIM_PWM_Init
                0x0000000008006e6a       0x56 Drivers/STM32F7xx_HAL_Driver/Src/stm32f7xx_hal_tim.o
                0x0000000008006e6a                HAL_TIM_PWM_Init
 .text.HAL_TIM_PWM_Start_IT
                0x0000000008006ec0      0x114 Drivers/STM32F7xx_HAL_Driver/Src/stm32f7xx_hal_tim.o
                0x0000000008006ec0                HAL_TIM_PWM_Start_IT
 .text.HAL_TIM_PWM_Stop_IT
                0x0000000008006fd4      0x134 Drivers/STM32F7xx_HAL_Driver/Src/stm32f7xx_hal_tim.o
                0x0000000008006fd4                HAL_TIM_PWM_Stop_IT
 .text.HAL_TIM_IC_Init
                0x0000000008007108       0x56 Drivers/STM32F7xx_HAL_Driver/Src/stm32f7xx_hal_tim.o
                0x0000000008007108                HAL_TIM_IC_Init
 *fill*         0x000000000800715e        0x2 
 .text.HAL_TIM_IC_Start_DMA
                0x0000000008007160      0x1f8 Drivers/STM32F7xx_HAL_Driver/Src/stm32f7xx_hal_tim.o
                0x0000000008007160                HAL_TIM_IC_Start_DMA
 .text.HAL_TIM_IC_Stop_DMA
                0x0000000008007358      0x110 Drivers/STM32F7xx_HAL_Driver/Src/stm32f7xx_hal_tim.o
                0x0000000008007358                HAL_TIM_IC_Stop_DMA
 .text.HAL_TIM_OnePulse_Init
                0x0000000008007468       0x78 Drivers/STM32F7xx_HAL_Driver/Src/stm32f7xx_hal_tim.o
                0x0000000008007468                HAL_TIM_OnePulse_Init
 .text.HAL_TIM_OnePulse_MspInit
                0x00000000080074e0       0x14 Drivers/STM32F7xx_HAL_Driver/Src/stm32f7xx_hal_tim.o
                0x00000000080074e0                HAL_TIM_OnePulse_MspInit
 .text.HAL_TIM_IRQHandler
                0x00000000080074f4      0x23e Drivers/STM32F7xx_HAL_Driver/Src/stm32f7xx_hal_tim.o
                0x00000000080074f4                HAL_TIM_IRQHandler
 .text.HAL_TIM_IC_ConfigChannel
                0x0000000008007732      0x138 Drivers/STM32F7xx_HAL_Driver/Src/stm32f7xx_hal_tim.o
                0x0000000008007732                HAL_TIM_IC_ConfigChannel
 *fill*         0x000000000800786a        0x2 
 .text.HAL_TIM_PWM_ConfigChannel
                0x000000000800786c      0x230 Drivers/STM32F7xx_HAL_Driver/Src/stm32f7xx_hal_tim.o
                0x000000000800786c                HAL_TIM_PWM_ConfigChannel
 .text.HAL_TIM_ConfigClockSource
                0x0000000008007a9c      0x174 Drivers/STM32F7xx_HAL_Driver/Src/stm32f7xx_hal_tim.o
                0x0000000008007a9c                HAL_TIM_ConfigClockSource
 .text.HAL_TIM_SlaveConfigSynchro
                0x0000000008007c10       0x84 Drivers/STM32F7xx_HAL_Driver/Src/stm32f7xx_hal_tim.o
                0x0000000008007c10                HAL_TIM_SlaveConfigSynchro
 .text.HAL_TIM_OC_DelayElapsedCallback
                0x0000000008007c94       0x14 Drivers/STM32F7xx_HAL_Driver/Src/stm32f7xx_hal_tim.o
                0x0000000008007c94                HAL_TIM_OC_DelayElapsedCallback
 .text.HAL_TIM_IC_CaptureHalfCpltCallback
                0x0000000008007ca8       0x14 Drivers/STM32F7xx_HAL_Driver/Src/stm32f7xx_hal_tim.o
                0x0000000008007ca8                HAL_TIM_IC_CaptureHalfCpltCallback
 .text.HAL_TIM_PWM_PulseFinishedCallback
                0x0000000008007cbc       0x14 Drivers/STM32F7xx_HAL_Driver/Src/stm32f7xx_hal_tim.o
                0x0000000008007cbc                HAL_TIM_PWM_PulseFinishedCallback
 .text.HAL_TIM_TriggerCallback
                0x0000000008007cd0       0x14 Drivers/STM32F7xx_HAL_Driver/Src/stm32f7xx_hal_tim.o
                0x0000000008007cd0                HAL_TIM_TriggerCallback
 .text.HAL_TIM_ErrorCallback
                0x0000000008007ce4       0x14 Drivers/STM32F7xx_HAL_Driver/Src/stm32f7xx_hal_tim.o
                0x0000000008007ce4                HAL_TIM_ErrorCallback
 .text.TIM_DMAError
                0x0000000008007cf8       0x24 Drivers/STM32F7xx_HAL_Driver/Src/stm32f7xx_hal_tim.o
                0x0000000008007cf8                TIM_DMAError
 .text.TIM_DMACaptureCplt
                0x0000000008007d1c       0x70 Drivers/STM32F7xx_HAL_Driver/Src/stm32f7xx_hal_tim.o
                0x0000000008007d1c                TIM_DMACaptureCplt
 .text.TIM_DMACaptureHalfCplt
                0x0000000008007d8c       0x70 Drivers/STM32F7xx_HAL_Driver/Src/stm32f7xx_hal_tim.o
                0x0000000008007d8c                TIM_DMACaptureHalfCplt
 .text.TIM_Base_SetConfig
                0x0000000008007dfc      0x140 Drivers/STM32F7xx_HAL_Driver/Src/stm32f7xx_hal_tim.o
                0x0000000008007dfc                TIM_Base_SetConfig
 .text.TIM_OC1_SetConfig
                0x0000000008007f3c       0xe4 Drivers/STM32F7xx_HAL_Driver/Src/stm32f7xx_hal_tim.o
 .text.TIM_OC2_SetConfig
                0x0000000008008020       0xf0 Drivers/STM32F7xx_HAL_Driver/Src/stm32f7xx_hal_tim.o
                0x0000000008008020                TIM_OC2_SetConfig
 .text.TIM_OC3_SetConfig
                0x0000000008008110       0xec Drivers/STM32F7xx_HAL_Driver/Src/stm32f7xx_hal_tim.o
 .text.TIM_OC4_SetConfig
                0x00000000080081fc       0xb0 Drivers/STM32F7xx_HAL_Driver/Src/stm32f7xx_hal_tim.o
 .text.TIM_OC5_SetConfig
                0x00000000080082ac       0xa4 Drivers/STM32F7xx_HAL_Driver/Src/stm32f7xx_hal_tim.o
 .text.TIM_OC6_SetConfig
                0x0000000008008350       0xa8 Drivers/STM32F7xx_HAL_Driver/Src/stm32f7xx_hal_tim.o
 .text.TIM_SlaveTimer_SetConfig
                0x00000000080083f8      0x110 Drivers/STM32F7xx_HAL_Driver/Src/stm32f7xx_hal_tim.o
 .text.TIM_TI1_SetConfig
                0x0000000008008508       0xe8 Drivers/STM32F7xx_HAL_Driver/Src/stm32f7xx_hal_tim.o
                0x0000000008008508                TIM_TI1_SetConfig
 .text.TIM_TI1_ConfigInputStage
                0x00000000080085f0       0x5e Drivers/STM32F7xx_HAL_Driver/Src/stm32f7xx_hal_tim.o
 .text.TIM_TI2_SetConfig
                0x000000000800864e       0x7a Drivers/STM32F7xx_HAL_Driver/Src/stm32f7xx_hal_tim.o
 .text.TIM_TI2_ConfigInputStage
                0x00000000080086c8       0x60 Drivers/STM32F7xx_HAL_Driver/Src/stm32f7xx_hal_tim.o
 .text.TIM_TI3_SetConfig
                0x0000000008008728       0x78 Drivers/STM32F7xx_HAL_Driver/Src/stm32f7xx_hal_tim.o
 .text.TIM_TI4_SetConfig
                0x00000000080087a0       0x7a Drivers/STM32F7xx_HAL_Driver/Src/stm32f7xx_hal_tim.o
 .text.TIM_ITRx_SetConfig
                0x000000000800881a       0x36 Drivers/STM32F7xx_HAL_Driver/Src/stm32f7xx_hal_tim.o
 .text.TIM_ETR_SetConfig
                0x0000000008008850       0x40 Drivers/STM32F7xx_HAL_Driver/Src/stm32f7xx_hal_tim.o
                0x0000000008008850                TIM_ETR_SetConfig
 .text.TIM_CCxChannelCmd
                0x0000000008008890       0x4a Drivers/STM32F7xx_HAL_Driver/Src/stm32f7xx_hal_tim.o
                0x0000000008008890                TIM_CCxChannelCmd
 *fill*         0x00000000080088da        0x2 
 .text.HAL_TIMEx_MasterConfigSynchronization
                0x00000000080088dc      0x11c Drivers/STM32F7xx_HAL_Driver/Src/stm32f7xx_hal_tim_ex.o
                0x00000000080088dc                HAL_TIMEx_MasterConfigSynchronization
 .text.HAL_TIMEx_ConfigBreakDeadTime
                0x00000000080089f8       0xfc Drivers/STM32F7xx_HAL_Driver/Src/stm32f7xx_hal_tim_ex.o
                0x00000000080089f8                HAL_TIMEx_ConfigBreakDeadTime
 .text.HAL_TIMEx_CommutCallback
                0x0000000008008af4       0x14 Drivers/STM32F7xx_HAL_Driver/Src/stm32f7xx_hal_tim_ex.o
                0x0000000008008af4                HAL_TIMEx_CommutCallback
 .text.HAL_TIMEx_BreakCallback
                0x0000000008008b08       0x14 Drivers/STM32F7xx_HAL_Driver/Src/stm32f7xx_hal_tim_ex.o
                0x0000000008008b08                HAL_TIMEx_BreakCallback
 .text.HAL_TIMEx_Break2Callback
                0x0000000008008b1c       0x14 Drivers/STM32F7xx_HAL_Driver/Src/stm32f7xx_hal_tim_ex.o
                0x0000000008008b1c                HAL_TIMEx_Break2Callback
 .text.HAL_UART_Init
                0x0000000008008b30       0x9c Drivers/STM32F7xx_HAL_Driver/Src/stm32f7xx_hal_uart.o
                0x0000000008008b30                HAL_UART_Init
 .text.HAL_UART_Transmit
                0x0000000008008bcc      0x122 Drivers/STM32F7xx_HAL_Driver/Src/stm32f7xx_hal_uart.o
                0x0000000008008bcc                HAL_UART_Transmit
 *fill*         0x0000000008008cee        0x2 
 .text.HAL_UART_Receive_IT
                0x0000000008008cf0      0x144 Drivers/STM32F7xx_HAL_Driver/Src/stm32f7xx_hal_uart.o
                0x0000000008008cf0                HAL_UART_Receive_IT
 .text.HAL_UART_IRQHandler
                0x0000000008008e34      0x28c Drivers/STM32F7xx_HAL_Driver/Src/stm32f7xx_hal_uart.o
                0x0000000008008e34                HAL_UART_IRQHandler
 .text.HAL_UART_TxCpltCallback
                0x00000000080090c0       0x14 Drivers/STM32F7xx_HAL_Driver/Src/stm32f7xx_hal_uart.o
                0x00000000080090c0                HAL_UART_TxCpltCallback
 .text.HAL_UART_ErrorCallback
                0x00000000080090d4       0x14 Drivers/STM32F7xx_HAL_Driver/Src/stm32f7xx_hal_uart.o
                0x00000000080090d4                HAL_UART_ErrorCallback
 .text.HAL_UARTEx_WakeupCallback
                0x00000000080090e8       0x14 Drivers/STM32F7xx_HAL_Driver/Src/stm32f7xx_hal_uart.o
                0x00000000080090e8                HAL_UARTEx_WakeupCallback
 .text.UART_SetConfig
                0x00000000080090fc      0x554 Drivers/STM32F7xx_HAL_Driver/Src/stm32f7xx_hal_uart.o
                0x00000000080090fc                UART_SetConfig
 .text.UART_AdvFeatureConfig
                0x0000000008009650      0x144 Drivers/STM32F7xx_HAL_Driver/Src/stm32f7xx_hal_uart.o
                0x0000000008009650                UART_AdvFeatureConfig
 .text.UART_CheckIdleState
                0x0000000008009794       0x8a Drivers/STM32F7xx_HAL_Driver/Src/stm32f7xx_hal_uart.o
                0x0000000008009794                UART_CheckIdleState
 .text.UART_WaitOnFlagUntilTimeout
                0x000000000800981e       0xf6 Drivers/STM32F7xx_HAL_Driver/Src/stm32f7xx_hal_uart.o
                0x000000000800981e                UART_WaitOnFlagUntilTimeout
 .text.UART_EndRxTransfer
                0x0000000008009914       0x40 Drivers/STM32F7xx_HAL_Driver/Src/stm32f7xx_hal_uart.o
 .text.UART_DMAAbortOnError
                0x0000000008009954       0x2c Drivers/STM32F7xx_HAL_Driver/Src/stm32f7xx_hal_uart.o
 .text.UART_EndTransmit_IT
                0x0000000008009980       0x32 Drivers/STM32F7xx_HAL_Driver/Src/stm32f7xx_hal_uart.o
 .text.UART_RxISR_8BIT
                0x00000000080099b2       0xa6 Drivers/STM32F7xx_HAL_Driver/Src/stm32f7xx_hal_uart.o
 .text.UART_RxISR_16BIT
                0x0000000008009a58       0xa6 Drivers/STM32F7xx_HAL_Driver/Src/stm32f7xx_hal_uart.o
 .text.atoi     0x0000000008009afe        0x8 c:/st/stm32cubeide_1.0.2/stm32cubeide/plugins/com.st.stm32cube.ide.mcu.externaltools.gnu-tools-for-stm32.7-2018-q2-update.win32_1.0.0.201904181610/tools/bin/../lib/gcc/arm-none-eabi/7.3.1/../../../../arm-none-eabi/lib/thumb/v7e-m/fpv5/hard\libc_nano.a(lib_a-atoi.o)
                0x0000000008009afe                atoi
 *fill*         0x0000000008009b06        0x2 
 .text.__errno  0x0000000008009b08        0xc c:/st/stm32cubeide_1.0.2/stm32cubeide/plugins/com.st.stm32cube.ide.mcu.externaltools.gnu-tools-for-stm32.7-2018-q2-update.win32_1.0.0.201904181610/tools/bin/../lib/gcc/arm-none-eabi/7.3.1/../../../../arm-none-eabi/lib/thumb/v7e-m/fpv5/hard\libc_nano.a(lib_a-errno.o)
                0x0000000008009b08                __errno
 .text.__libc_init_array
                0x0000000008009b14       0x48 c:/st/stm32cubeide_1.0.2/stm32cubeide/plugins/com.st.stm32cube.ide.mcu.externaltools.gnu-tools-for-stm32.7-2018-q2-update.win32_1.0.0.201904181610/tools/bin/../lib/gcc/arm-none-eabi/7.3.1/../../../../arm-none-eabi/lib/thumb/v7e-m/fpv5/hard\libc_nano.a(lib_a-init.o)
                0x0000000008009b14                __libc_init_array
 .text.memcpy   0x0000000008009b5c       0x16 c:/st/stm32cubeide_1.0.2/stm32cubeide/plugins/com.st.stm32cube.ide.mcu.externaltools.gnu-tools-for-stm32.7-2018-q2-update.win32_1.0.0.201904181610/tools/bin/../lib/gcc/arm-none-eabi/7.3.1/../../../../arm-none-eabi/lib/thumb/v7e-m/fpv5/hard\libc_nano.a(lib_a-memcpy-stub.o)
                0x0000000008009b5c                memcpy
 .text.memset   0x0000000008009b72       0x10 c:/st/stm32cubeide_1.0.2/stm32cubeide/plugins/com.st.stm32cube.ide.mcu.externaltools.gnu-tools-for-stm32.7-2018-q2-update.win32_1.0.0.201904181610/tools/bin/../lib/gcc/arm-none-eabi/7.3.1/../../../../arm-none-eabi/lib/thumb/v7e-m/fpv5/hard\libc_nano.a(lib_a-memset.o)
                0x0000000008009b72                memset
 *fill*         0x0000000008009b82        0x2 
 .text.sprintf  0x0000000008009b84       0x40 c:/st/stm32cubeide_1.0.2/stm32cubeide/plugins/com.st.stm32cube.ide.mcu.externaltools.gnu-tools-for-stm32.7-2018-q2-update.win32_1.0.0.201904181610/tools/bin/../lib/gcc/arm-none-eabi/7.3.1/../../../../arm-none-eabi/lib/thumb/v7e-m/fpv5/hard\libc_nano.a(lib_a-sprintf.o)
                0x0000000008009b84                siprintf
                0x0000000008009b84                sprintf
 .text.strncpy  0x0000000008009bc4       0x2a c:/st/stm32cubeide_1.0.2/stm32cubeide/plugins/com.st.stm32cube.ide.mcu.externaltools.gnu-tools-for-stm32.7-2018-q2-update.win32_1.0.0.201904181610/tools/bin/../lib/gcc/arm-none-eabi/7.3.1/../../../../arm-none-eabi/lib/thumb/v7e-m/fpv5/hard\libc_nano.a(lib_a-strncpy.o)
                0x0000000008009bc4                strncpy
 *fill*         0x0000000008009bee        0x2 
 .text.strtok   0x0000000008009bf0       0x54 c:/st/stm32cubeide_1.0.2/stm32cubeide/plugins/com.st.stm32cube.ide.mcu.externaltools.gnu-tools-for-stm32.7-2018-q2-update.win32_1.0.0.201904181610/tools/bin/../lib/gcc/arm-none-eabi/7.3.1/../../../../arm-none-eabi/lib/thumb/v7e-m/fpv5/hard\libc_nano.a(lib_a-strtok.o)
                0x0000000008009bf0                strtok
 .text.__strtok_r
                0x0000000008009c44       0x54 c:/st/stm32cubeide_1.0.2/stm32cubeide/plugins/com.st.stm32cube.ide.mcu.externaltools.gnu-tools-for-stm32.7-2018-q2-update.win32_1.0.0.201904181610/tools/bin/../lib/gcc/arm-none-eabi/7.3.1/../../../../arm-none-eabi/lib/thumb/v7e-m/fpv5/hard\libc_nano.a(lib_a-strtok_r.o)
                0x0000000008009c44                __strtok_r
 .text._strtol_l.isra.0
                0x0000000008009c98       0xf6 c:/st/stm32cubeide_1.0.2/stm32cubeide/plugins/com.st.stm32cube.ide.mcu.externaltools.gnu-tools-for-stm32.7-2018-q2-update.win32_1.0.0.201904181610/tools/bin/../lib/gcc/arm-none-eabi/7.3.1/../../../../arm-none-eabi/lib/thumb/v7e-m/fpv5/hard\libc_nano.a(lib_a-strtol.o)
 *fill*         0x0000000008009d8e        0x2 
 .text.strtol   0x0000000008009d90       0x2c c:/st/stm32cubeide_1.0.2/stm32cubeide/plugins/com.st.stm32cube.ide.mcu.externaltools.gnu-tools-for-stm32.7-2018-q2-update.win32_1.0.0.201904181610/tools/bin/../lib/gcc/arm-none-eabi/7.3.1/../../../../arm-none-eabi/lib/thumb/v7e-m/fpv5/hard\libc_nano.a(lib_a-strtol.o)
                0x0000000008009d90                strtol
 .text.__locale_ctype_ptr_l
                0x0000000008009dbc        0x6 c:/st/stm32cubeide_1.0.2/stm32cubeide/plugins/com.st.stm32cube.ide.mcu.externaltools.gnu-tools-for-stm32.7-2018-q2-update.win32_1.0.0.201904181610/tools/bin/../lib/gcc/arm-none-eabi/7.3.1/../../../../arm-none-eabi/lib/thumb/v7e-m/fpv5/hard\libc_nano.a(lib_a-locale.o)
                0x0000000008009dbc                __locale_ctype_ptr_l
 *fill*         0x0000000008009dc2        0x2 
 .text.malloc   0x0000000008009dc4       0x10 c:/st/stm32cubeide_1.0.2/stm32cubeide/plugins/com.st.stm32cube.ide.mcu.externaltools.gnu-tools-for-stm32.7-2018-q2-update.win32_1.0.0.201904181610/tools/bin/../lib/gcc/arm-none-eabi/7.3.1/../../../../arm-none-eabi/lib/thumb/v7e-m/fpv5/hard\libc_nano.a(lib_a-malloc.o)
                0x0000000008009dc4                malloc
 .text.__ascii_mbtowc
                0x0000000008009dd4       0x24 c:/st/stm32cubeide_1.0.2/stm32cubeide/plugins/com.st.stm32cube.ide.mcu.externaltools.gnu-tools-for-stm32.7-2018-q2-update.win32_1.0.0.201904181610/tools/bin/../lib/gcc/arm-none-eabi/7.3.1/../../../../arm-none-eabi/lib/thumb/v7e-m/fpv5/hard\libc_nano.a(lib_a-mbtowc_r.o)
                0x0000000008009dd4                __ascii_mbtowc
 .text._free_r  0x0000000008009df8       0x9c c:/st/stm32cubeide_1.0.2/stm32cubeide/plugins/com.st.stm32cube.ide.mcu.externaltools.gnu-tools-for-stm32.7-2018-q2-update.win32_1.0.0.201904181610/tools/bin/../lib/gcc/arm-none-eabi/7.3.1/../../../../arm-none-eabi/lib/thumb/v7e-m/fpv5/hard\libc_nano.a(lib_a-nano-freer.o)
                0x0000000008009df8                _free_r
 .text._malloc_r
                0x0000000008009e94       0xb4 c:/st/stm32cubeide_1.0.2/stm32cubeide/plugins/com.st.stm32cube.ide.mcu.externaltools.gnu-tools-for-stm32.7-2018-q2-update.win32_1.0.0.201904181610/tools/bin/../lib/gcc/arm-none-eabi/7.3.1/../../../../arm-none-eabi/lib/thumb/v7e-m/fpv5/hard\libc_nano.a(lib_a-nano-mallocr.o)
                0x0000000008009e94                _malloc_r
 .text.__ssputs_r
                0x0000000008009f48       0xb4 c:/st/stm32cubeide_1.0.2/stm32cubeide/plugins/com.st.stm32cube.ide.mcu.externaltools.gnu-tools-for-stm32.7-2018-q2-update.win32_1.0.0.201904181610/tools/bin/../lib/gcc/arm-none-eabi/7.3.1/../../../../arm-none-eabi/lib/thumb/v7e-m/fpv5/hard\libc_nano.a(lib_a-nano-svfprintf.o)
                0x0000000008009f48                __ssputs_r
 .text._svfprintf_r
                0x0000000008009ffc      0x1f0 c:/st/stm32cubeide_1.0.2/stm32cubeide/plugins/com.st.stm32cube.ide.mcu.externaltools.gnu-tools-for-stm32.7-2018-q2-update.win32_1.0.0.201904181610/tools/bin/../lib/gcc/arm-none-eabi/7.3.1/../../../../arm-none-eabi/lib/thumb/v7e-m/fpv5/hard\libc_nano.a(lib_a-nano-svfprintf.o)
                0x0000000008009ffc                _svfiprintf_r
                0x0000000008009ffc                _svfprintf_r
 .text._printf_common
                0x000000000800a1ec       0xea c:/st/stm32cubeide_1.0.2/stm32cubeide/plugins/com.st.stm32cube.ide.mcu.externaltools.gnu-tools-for-stm32.7-2018-q2-update.win32_1.0.0.201904181610/tools/bin/../lib/gcc/arm-none-eabi/7.3.1/../../../../arm-none-eabi/lib/thumb/v7e-m/fpv5/hard\libc_nano.a(lib_a-nano-vfprintf_i.o)
                0x000000000800a1ec                _printf_common
 *fill*         0x000000000800a2d6        0x2 
 .text._printf_i
                0x000000000800a2d8      0x224 c:/st/stm32cubeide_1.0.2/stm32cubeide/plugins/com.st.stm32cube.ide.mcu.externaltools.gnu-tools-for-stm32.7-2018-q2-update.win32_1.0.0.201904181610/tools/bin/../lib/gcc/arm-none-eabi/7.3.1/../../../../arm-none-eabi/lib/thumb/v7e-m/fpv5/hard\libc_nano.a(lib_a-nano-vfprintf_i.o)
                0x000000000800a2d8                _printf_i
 .text._sbrk_r  0x000000000800a4fc       0x20 c:/st/stm32cubeide_1.0.2/stm32cubeide/plugins/com.st.stm32cube.ide.mcu.externaltools.gnu-tools-for-stm32.7-2018-q2-update.win32_1.0.0.201904181610/tools/bin/../lib/gcc/arm-none-eabi/7.3.1/../../../../arm-none-eabi/lib/thumb/v7e-m/fpv5/hard\libc_nano.a(lib_a-sbrkr.o)
                0x000000000800a4fc                _sbrk_r
 .text.__ascii_wctomb
                0x000000000800a51c       0x1a c:/st/stm32cubeide_1.0.2/stm32cubeide/plugins/com.st.stm32cube.ide.mcu.externaltools.gnu-tools-for-stm32.7-2018-q2-update.win32_1.0.0.201904181610/tools/bin/../lib/gcc/arm-none-eabi/7.3.1/../../../../arm-none-eabi/lib/thumb/v7e-m/fpv5/hard\libc_nano.a(lib_a-wctomb_r.o)
                0x000000000800a51c                __ascii_wctomb
 .text.memmove  0x000000000800a536       0x32 c:/st/stm32cubeide_1.0.2/stm32cubeide/plugins/com.st.stm32cube.ide.mcu.externaltools.gnu-tools-for-stm32.7-2018-q2-update.win32_1.0.0.201904181610/tools/bin/../lib/gcc/arm-none-eabi/7.3.1/../../../../arm-none-eabi/lib/thumb/v7e-m/fpv5/hard\libc_nano.a(lib_a-memmove.o)
                0x000000000800a536                memmove
 .text.__malloc_lock
                0x000000000800a568        0x2 c:/st/stm32cubeide_1.0.2/stm32cubeide/plugins/com.st.stm32cube.ide.mcu.externaltools.gnu-tools-for-stm32.7-2018-q2-update.win32_1.0.0.201904181610/tools/bin/../lib/gcc/arm-none-eabi/7.3.1/../../../../arm-none-eabi/lib/thumb/v7e-m/fpv5/hard\libc_nano.a(lib_a-mlock.o)
                0x000000000800a568                __malloc_lock
 .text.__malloc_unlock
                0x000000000800a56a        0x2 c:/st/stm32cubeide_1.0.2/stm32cubeide/plugins/com.st.stm32cube.ide.mcu.externaltools.gnu-tools-for-stm32.7-2018-q2-update.win32_1.0.0.201904181610/tools/bin/../lib/gcc/arm-none-eabi/7.3.1/../../../../arm-none-eabi/lib/thumb/v7e-m/fpv5/hard\libc_nano.a(lib_a-mlock.o)
                0x000000000800a56a                __malloc_unlock
 .text._realloc_r
                0x000000000800a56c       0x4c c:/st/stm32cubeide_1.0.2/stm32cubeide/plugins/com.st.stm32cube.ide.mcu.externaltools.gnu-tools-for-stm32.7-2018-q2-update.win32_1.0.0.201904181610/tools/bin/../lib/gcc/arm-none-eabi/7.3.1/../../../../arm-none-eabi/lib/thumb/v7e-m/fpv5/hard\libc_nano.a(lib_a-nano-reallocr.o)
                0x000000000800a56c                _realloc_r
 .text._malloc_usable_size_r
                0x000000000800a5b8       0x10 c:/st/stm32cubeide_1.0.2/stm32cubeide/plugins/com.st.stm32cube.ide.mcu.externaltools.gnu-tools-for-stm32.7-2018-q2-update.win32_1.0.0.201904181610/tools/bin/../lib/gcc/arm-none-eabi/7.3.1/../../../../arm-none-eabi/lib/thumb/v7e-m/fpv5/hard\libc_nano.a(lib_a-nano-msizer.o)
                0x000000000800a5b8                _malloc_usable_size_r
 *(.glue_7)
 .glue_7        0x000000000800a5c8        0x0 linker stubs
 *(.glue_7t)
 .glue_7t       0x000000000800a5c8        0x0 linker stubs
 *(.eh_frame)
 .eh_frame      0x000000000800a5c8        0x0 c:/st/stm32cubeide_1.0.2/stm32cubeide/plugins/com.st.stm32cube.ide.mcu.externaltools.gnu-tools-for-stm32.7-2018-q2-update.win32_1.0.0.201904181610/tools/bin/../lib/gcc/arm-none-eabi/7.3.1/thumb/v7e-m/fpv5/hard/crtbegin.o
 *(.init)
 .init          0x000000000800a5c8        0x4 c:/st/stm32cubeide_1.0.2/stm32cubeide/plugins/com.st.stm32cube.ide.mcu.externaltools.gnu-tools-for-stm32.7-2018-q2-update.win32_1.0.0.201904181610/tools/bin/../lib/gcc/arm-none-eabi/7.3.1/thumb/v7e-m/fpv5/hard/crti.o
                0x000000000800a5c8                _init
 .init          0x000000000800a5cc        0x8 c:/st/stm32cubeide_1.0.2/stm32cubeide/plugins/com.st.stm32cube.ide.mcu.externaltools.gnu-tools-for-stm32.7-2018-q2-update.win32_1.0.0.201904181610/tools/bin/../lib/gcc/arm-none-eabi/7.3.1/thumb/v7e-m/fpv5/hard/crtn.o
 *(.fini)
 .fini          0x000000000800a5d4        0x4 c:/st/stm32cubeide_1.0.2/stm32cubeide/plugins/com.st.stm32cube.ide.mcu.externaltools.gnu-tools-for-stm32.7-2018-q2-update.win32_1.0.0.201904181610/tools/bin/../lib/gcc/arm-none-eabi/7.3.1/thumb/v7e-m/fpv5/hard/crti.o
                0x000000000800a5d4                _fini
 .fini          0x000000000800a5d8        0x8 c:/st/stm32cubeide_1.0.2/stm32cubeide/plugins/com.st.stm32cube.ide.mcu.externaltools.gnu-tools-for-stm32.7-2018-q2-update.win32_1.0.0.201904181610/tools/bin/../lib/gcc/arm-none-eabi/7.3.1/thumb/v7e-m/fpv5/hard/crtn.o
                0x000000000800a5e0                . = ALIGN (0x4)
                0x000000000800a5e0                _etext = .

.vfp11_veneer   0x000000000800a5e0        0x0
 .vfp11_veneer  0x000000000800a5e0        0x0 linker stubs

.v4_bx          0x000000000800a5e0        0x0
 .v4_bx         0x000000000800a5e0        0x0 linker stubs

.iplt           0x000000000800a5e0        0x0
 .iplt          0x000000000800a5e0        0x0 c:/st/stm32cubeide_1.0.2/stm32cubeide/plugins/com.st.stm32cube.ide.mcu.externaltools.gnu-tools-for-stm32.7-2018-q2-update.win32_1.0.0.201904181610/tools/bin/../lib/gcc/arm-none-eabi/7.3.1/thumb/v7e-m/fpv5/hard/crtbegin.o

.rodata         0x000000000800a5e0      0x2c8
                0x000000000800a5e0                . = ALIGN (0x4)
 *(.rodata)
 .rodata        0x000000000800a5e0      0x168 Core/Src/communication.o
 *(.rodata*)
 .rodata.AHBPrescTable
                0x000000000800a748       0x10 Core/Src/system_stm32f7xx.o
                0x000000000800a748                AHBPrescTable
 .rodata.APBPrescTable
                0x000000000800a758        0x8 Core/Src/system_stm32f7xx.o
                0x000000000800a758                APBPrescTable
 .rodata.flagBitshiftOffset.9207
                0x000000000800a760        0x8 Drivers/STM32F7xx_HAL_Driver/Src/stm32f7xx_hal_dma.o
 .rodata._setlocale_r.str1.1
                0x000000000800a768        0x8 c:/st/stm32cubeide_1.0.2/stm32cubeide/plugins/com.st.stm32cube.ide.mcu.externaltools.gnu-tools-for-stm32.7-2018-q2-update.win32_1.0.0.201904181610/tools/bin/../lib/gcc/arm-none-eabi/7.3.1/../../../../arm-none-eabi/lib/thumb/v7e-m/fpv5/hard\libc_nano.a(lib_a-locale.o)
                                          0x9 (size before relaxing)
 .rodata.str1.1
                0x000000000800a770        0x2 c:/st/stm32cubeide_1.0.2/stm32cubeide/plugins/com.st.stm32cube.ide.mcu.externaltools.gnu-tools-for-stm32.7-2018-q2-update.win32_1.0.0.201904181610/tools/bin/../lib/gcc/arm-none-eabi/7.3.1/../../../../arm-none-eabi/lib/thumb/v7e-m/fpv5/hard\libc_nano.a(lib_a-locale.o)
 .rodata._svfprintf_r.str1.1
                0x000000000800a772       0x11 c:/st/stm32cubeide_1.0.2/stm32cubeide/plugins/com.st.stm32cube.ide.mcu.externaltools.gnu-tools-for-stm32.7-2018-q2-update.win32_1.0.0.201904181610/tools/bin/../lib/gcc/arm-none-eabi/7.3.1/../../../../arm-none-eabi/lib/thumb/v7e-m/fpv5/hard\libc_nano.a(lib_a-nano-svfprintf.o)
 .rodata._printf_i.str1.1
                0x000000000800a783       0x22 c:/st/stm32cubeide_1.0.2/stm32cubeide/plugins/com.st.stm32cube.ide.mcu.externaltools.gnu-tools-for-stm32.7-2018-q2-update.win32_1.0.0.201904181610/tools/bin/../lib/gcc/arm-none-eabi/7.3.1/../../../../arm-none-eabi/lib/thumb/v7e-m/fpv5/hard\libc_nano.a(lib_a-nano-vfprintf_i.o)
 .rodata._ctype_
                0x000000000800a7a5      0x101 c:/st/stm32cubeide_1.0.2/stm32cubeide/plugins/com.st.stm32cube.ide.mcu.externaltools.gnu-tools-for-stm32.7-2018-q2-update.win32_1.0.0.201904181610/tools/bin/../lib/gcc/arm-none-eabi/7.3.1/../../../../arm-none-eabi/lib/thumb/v7e-m/fpv5/hard\libc_nano.a(lib_a-ctype_.o)
                0x000000000800a7a5                _ctype_
                0x000000000800a8a8                . = ALIGN (0x4)
 *fill*         0x000000000800a8a6        0x2 

.ARM.extab      0x000000000800a8a8        0x0
                0x000000000800a8a8                . = ALIGN (0x4)
 *(.ARM.extab* .gnu.linkonce.armextab.*)
                0x000000000800a8a8                . = ALIGN (0x4)

.ARM            0x000000000800a8a8        0x8
                0x000000000800a8a8                . = ALIGN (0x4)
                0x000000000800a8a8                __exidx_start = .
 *(.ARM.exidx*)
 .ARM.exidx     0x000000000800a8a8        0x8 c:/st/stm32cubeide_1.0.2/stm32cubeide/plugins/com.st.stm32cube.ide.mcu.externaltools.gnu-tools-for-stm32.7-2018-q2-update.win32_1.0.0.201904181610/tools/bin/../lib/gcc/arm-none-eabi/7.3.1/thumb/v7e-m/fpv5/hard\libgcc.a(_udivmoddi4.o)
                0x000000000800a8b0                __exidx_end = .
                0x000000000800a8b0                . = ALIGN (0x4)

.rel.dyn        0x000000000800a8b0        0x0
 .rel.iplt      0x000000000800a8b0        0x0 c:/st/stm32cubeide_1.0.2/stm32cubeide/plugins/com.st.stm32cube.ide.mcu.externaltools.gnu-tools-for-stm32.7-2018-q2-update.win32_1.0.0.201904181610/tools/bin/../lib/gcc/arm-none-eabi/7.3.1/thumb/v7e-m/fpv5/hard/crtbegin.o

.preinit_array  0x000000000800a8b0        0x0
                0x000000000800a8b0                . = ALIGN (0x4)
                0x000000000800a8b0                PROVIDE (__preinit_array_start = .)
 *(.preinit_array*)
                0x000000000800a8b0                PROVIDE (__preinit_array_end = .)
                0x000000000800a8b0                . = ALIGN (0x4)

.init_array     0x000000000800a8b0        0x4
                0x000000000800a8b0                . = ALIGN (0x4)
                0x000000000800a8b0                PROVIDE (__init_array_start = .)
 *(SORT_BY_NAME(.init_array.*))
 *(.init_array*)
 .init_array    0x000000000800a8b0        0x4 c:/st/stm32cubeide_1.0.2/stm32cubeide/plugins/com.st.stm32cube.ide.mcu.externaltools.gnu-tools-for-stm32.7-2018-q2-update.win32_1.0.0.201904181610/tools/bin/../lib/gcc/arm-none-eabi/7.3.1/thumb/v7e-m/fpv5/hard/crtbegin.o
                0x000000000800a8b4                PROVIDE (__init_array_end = .)
                0x000000000800a8b4                . = ALIGN (0x4)

.fini_array     0x000000000800a8b4        0x4
                0x000000000800a8b4                . = ALIGN (0x4)
                [!provide]                        PROVIDE (__fini_array_start = .)
 *(SORT_BY_NAME(.fini_array.*))
 *(.fini_array*)
 .fini_array    0x000000000800a8b4        0x4 c:/st/stm32cubeide_1.0.2/stm32cubeide/plugins/com.st.stm32cube.ide.mcu.externaltools.gnu-tools-for-stm32.7-2018-q2-update.win32_1.0.0.201904181610/tools/bin/../lib/gcc/arm-none-eabi/7.3.1/thumb/v7e-m/fpv5/hard/crtbegin.o
                [!provide]                        PROVIDE (__fini_array_end = .)
                0x000000000800a8b8                . = ALIGN (0x4)
                0x000000000800a8b8                _sidata = LOADADDR (.data)

.data           0x0000000020000000      0x1dc load address 0x000000000800a8b8
                0x0000000020000000                . = ALIGN (0x4)
                0x0000000020000000                _sdata = .
 *(.data)
 *(.data*)
 .data.SystemCoreClock
                0x0000000020000000        0x4 Core/Src/system_stm32f7xx.o
                0x0000000020000000                SystemCoreClock
 .data.uwTickPrio
                0x0000000020000004        0x4 Drivers/STM32F7xx_HAL_Driver/Src/stm32f7xx_hal.o
                0x0000000020000004                uwTickPrio
 .data.uwTickFreq
                0x0000000020000008        0x1 Drivers/STM32F7xx_HAL_Driver/Src/stm32f7xx_hal.o
                0x0000000020000008                uwTickFreq
 *fill*         0x0000000020000009        0x3 
 .data._impure_ptr
                0x000000002000000c        0x4 c:/st/stm32cubeide_1.0.2/stm32cubeide/plugins/com.st.stm32cube.ide.mcu.externaltools.gnu-tools-for-stm32.7-2018-q2-update.win32_1.0.0.201904181610/tools/bin/../lib/gcc/arm-none-eabi/7.3.1/../../../../arm-none-eabi/lib/thumb/v7e-m/fpv5/hard\libc_nano.a(lib_a-impure.o)
                0x000000002000000c                _impure_ptr
 .data.impure_data
                0x0000000020000010       0x60 c:/st/stm32cubeide_1.0.2/stm32cubeide/plugins/com.st.stm32cube.ide.mcu.externaltools.gnu-tools-for-stm32.7-2018-q2-update.win32_1.0.0.201904181610/tools/bin/../lib/gcc/arm-none-eabi/7.3.1/../../../../arm-none-eabi/lib/thumb/v7e-m/fpv5/hard\libc_nano.a(lib_a-impure.o)
 .data.__global_locale
                0x0000000020000070      0x16c c:/st/stm32cubeide_1.0.2/stm32cubeide/plugins/com.st.stm32cube.ide.mcu.externaltools.gnu-tools-for-stm32.7-2018-q2-update.win32_1.0.0.201904181610/tools/bin/../lib/gcc/arm-none-eabi/7.3.1/../../../../arm-none-eabi/lib/thumb/v7e-m/fpv5/hard\libc_nano.a(lib_a-locale.o)
                0x0000000020000070                __global_locale
                0x00000000200001dc                . = ALIGN (0x4)
                0x00000000200001dc                _edata = .

.igot.plt       0x00000000200001dc        0x0 load address 0x000000000800aa94
 .igot.plt      0x00000000200001dc        0x0 c:/st/stm32cubeide_1.0.2/stm32cubeide/plugins/com.st.stm32cube.ide.mcu.externaltools.gnu-tools-for-stm32.7-2018-q2-update.win32_1.0.0.201904181610/tools/bin/../lib/gcc/arm-none-eabi/7.3.1/thumb/v7e-m/fpv5/hard/crtbegin.o
                0x00000000200001dc                . = ALIGN (0x4)

.bss            0x00000000200001dc    0x5a7f8 load address 0x000000000800aa94
                0x00000000200001dc                _sbss = .
                0x00000000200001dc                __bss_start__ = _sbss
 *(.bss)
 .bss           0x00000000200001dc       0x1c c:/st/stm32cubeide_1.0.2/stm32cubeide/plugins/com.st.stm32cube.ide.mcu.externaltools.gnu-tools-for-stm32.7-2018-q2-update.win32_1.0.0.201904181610/tools/bin/../lib/gcc/arm-none-eabi/7.3.1/thumb/v7e-m/fpv5/hard/crtbegin.o
 *(.bss*)
 .bss.filledBuffersExtADC
                0x00000000200001f8        0x1 Core/Src/main.o
                0x00000000200001f8                filledBuffersExtADC
 .bss.filledBuffersIntADC
                0x00000000200001f9        0x1 Core/Src/main.o
                0x00000000200001f9                filledBuffersIntADC
 *fill*         0x00000000200001fa        0x2 
 .bss.heap_end.6424
                0x00000000200001fc        0x4 Core/Src/sysmem.o
 .bss.__malloc_free_list
                0x0000000020000200        0x4 c:/st/stm32cubeide_1.0.2/stm32cubeide/plugins/com.st.stm32cube.ide.mcu.externaltools.gnu-tools-for-stm32.7-2018-q2-update.win32_1.0.0.201904181610/tools/bin/../lib/gcc/arm-none-eabi/7.3.1/../../../../arm-none-eabi/lib/thumb/v7e-m/fpv5/hard\libc_nano.a(lib_a-nano-mallocr.o)
                0x0000000020000200                __malloc_free_list
 .bss.__malloc_sbrk_start
                0x0000000020000204        0x4 c:/st/stm32cubeide_1.0.2/stm32cubeide/plugins/com.st.stm32cube.ide.mcu.externaltools.gnu-tools-for-stm32.7-2018-q2-update.win32_1.0.0.201904181610/tools/bin/../lib/gcc/arm-none-eabi/7.3.1/../../../../arm-none-eabi/lib/thumb/v7e-m/fpv5/hard\libc_nano.a(lib_a-nano-mallocr.o)
                0x0000000020000204                __malloc_sbrk_start
 *(COMMON)
 COMMON         0x0000000020000208    0x5a13c Core/Src/communication.o
                0x0000000020000208                buffer_comp
                0x000000002000408c                remainingPolarizationTime
                0x0000000020004090                buffer_uart_rx
                0x0000000020004094                remainingTimeToNextMeasurement
                0x0000000020004098                buffer_intAdc_2
                0x0000000020019920                buffer_extAdc_2
                0x000000002002f1a8                state
                0x000000002002f1c8                timeIndex
                0x000000002002f1cc                receivedChars
                0x000000002002f230                receivedCharIndex
                0x000000002002f234                buffer_intAdc_1
                0x0000000020044abc                buffer_extAdc_1
 COMMON         0x000000002005a344      0x688 Core/Src/main.o
                0x000000002005a344                hi2c3
                0x000000002005a390                hdma_tim2_ch1
                0x000000002005a3f0                huart7
                0x000000002005a470                htim8
                0x000000002005a4b0                htim4
                0x000000002005a4f0                huart3
                0x000000002005a570                hi2c1
                0x000000002005a5bc                htim5
                0x000000002005a5fc                htim3
                0x000000002005a63c                hadc1
                0x000000002005a684                huart1
                0x000000002005a704                hspi4
                0x000000002005a768                hdma_adc1
                0x000000002005a7c8                htim6
                0x000000002005a808                htim1
                0x000000002005a848                hspi1
                0x000000002005a8ac                htim2
                0x000000002005a8ec                huart2
                0x000000002005a96c                hdma_spi1_rx
 COMMON         0x000000002005a9cc        0x4 Drivers/STM32F7xx_HAL_Driver/Src/stm32f7xx_hal.o
                0x000000002005a9cc                uwTick
 COMMON         0x000000002005a9d0        0x4 c:/st/stm32cubeide_1.0.2/stm32cubeide/plugins/com.st.stm32cube.ide.mcu.externaltools.gnu-tools-for-stm32.7-2018-q2-update.win32_1.0.0.201904181610/tools/bin/../lib/gcc/arm-none-eabi/7.3.1/../../../../arm-none-eabi/lib/thumb/v7e-m/fpv5/hard\libc_nano.a(lib_a-reent.o)
                0x000000002005a9d0                errno
                0x000000002005a9d4                . = ALIGN (0x4)
                0x000000002005a9d4                _ebss = .
                0x000000002005a9d4                __bss_end__ = _ebss

._user_heap_stack
                0x000000002005a9d4      0x604 load address 0x000000000800aa94
                0x000000002005a9d8                . = ALIGN (0x8)
 *fill*         0x000000002005a9d4        0x4 
                0x000000002005a9d8                PROVIDE (end = .)
                [!provide]                        PROVIDE (_end = .)
                0x000000002005abd8                . = (. + _Min_Heap_Size)
 *fill*         0x000000002005a9d8      0x200 
                0x000000002005afd8                . = (. + _Min_Stack_Size)
 *fill*         0x000000002005abd8      0x400 
                0x000000002005afd8                . = ALIGN (0x8)

/DISCARD/
 libc.a(*)
 libm.a(*)
 libgcc.a(*)

.ARM.attributes
                0x0000000000000000       0x2e
 *(.ARM.attributes)
 .ARM.attributes
                0x0000000000000000       0x20 c:/st/stm32cubeide_1.0.2/stm32cubeide/plugins/com.st.stm32cube.ide.mcu.externaltools.gnu-tools-for-stm32.7-2018-q2-update.win32_1.0.0.201904181610/tools/bin/../lib/gcc/arm-none-eabi/7.3.1/thumb/v7e-m/fpv5/hard/crti.o
 .ARM.attributes
                0x0000000000000020       0x32 c:/st/stm32cubeide_1.0.2/stm32cubeide/plugins/com.st.stm32cube.ide.mcu.externaltools.gnu-tools-for-stm32.7-2018-q2-update.win32_1.0.0.201904181610/tools/bin/../lib/gcc/arm-none-eabi/7.3.1/thumb/v7e-m/fpv5/hard/crtbegin.o
 .ARM.attributes
                0x0000000000000052       0x37 Core/Src/communication.o
 .ARM.attributes
                0x0000000000000089       0x37 Core/Src/delay.o
 .ARM.attributes
                0x00000000000000c0       0x37 Core/Src/gpio.o
 .ARM.attributes
                0x00000000000000f7       0x37 Core/Src/main.o
 .ARM.attributes
                0x000000000000012e       0x37 Core/Src/measurementController.o
 .ARM.attributes
                0x0000000000000165       0x37 Core/Src/stateController.o
 .ARM.attributes
                0x000000000000019c       0x37 Core/Src/stm32f7xx_hal_msp.o
 .ARM.attributes
                0x00000000000001d3       0x37 Core/Src/stm32f7xx_it.o
 .ARM.attributes
                0x000000000000020a       0x37 Core/Src/switchingCircuitController.o
 .ARM.attributes
                0x0000000000000241       0x37 Core/Src/sysmem.o
 .ARM.attributes
                0x0000000000000278       0x37 Core/Src/system_stm32f7xx.o
 .ARM.attributes
                0x00000000000002af       0x21 Core/Startup/startup_stm32f767vitx.o
 .ARM.attributes
                0x00000000000002d0       0x37 Drivers/STM32F7xx_HAL_Driver/Src/stm32f7xx_hal.o
 .ARM.attributes
                0x0000000000000307       0x37 Drivers/STM32F7xx_HAL_Driver/Src/stm32f7xx_hal_adc.o
 .ARM.attributes
                0x000000000000033e       0x37 Drivers/STM32F7xx_HAL_Driver/Src/stm32f7xx_hal_cortex.o
 .ARM.attributes
                0x0000000000000375       0x37 Drivers/STM32F7xx_HAL_Driver/Src/stm32f7xx_hal_dma.o
 .ARM.attributes
                0x00000000000003ac       0x37 Drivers/STM32F7xx_HAL_Driver/Src/stm32f7xx_hal_gpio.o
 .ARM.attributes
                0x00000000000003e3       0x37 Drivers/STM32F7xx_HAL_Driver/Src/stm32f7xx_hal_i2c.o
 .ARM.attributes
                0x000000000000041a       0x37 Drivers/STM32F7xx_HAL_Driver/Src/stm32f7xx_hal_i2c_ex.o
 .ARM.attributes
                0x0000000000000451       0x37 Drivers/STM32F7xx_HAL_Driver/Src/stm32f7xx_hal_pwr.o
 .ARM.attributes
                0x0000000000000488       0x37 Drivers/STM32F7xx_HAL_Driver/Src/stm32f7xx_hal_pwr_ex.o
 .ARM.attributes
                0x00000000000004bf       0x37 Drivers/STM32F7xx_HAL_Driver/Src/stm32f7xx_hal_rcc.o
 .ARM.attributes
                0x00000000000004f6       0x37 Drivers/STM32F7xx_HAL_Driver/Src/stm32f7xx_hal_rcc_ex.o
 .ARM.attributes
                0x000000000000052d       0x37 Drivers/STM32F7xx_HAL_Driver/Src/stm32f7xx_hal_spi.o
 .ARM.attributes
                0x0000000000000564       0x37 Drivers/STM32F7xx_HAL_Driver/Src/stm32f7xx_hal_tim.o
 .ARM.attributes
                0x000000000000059b       0x37 Drivers/STM32F7xx_HAL_Driver/Src/stm32f7xx_hal_tim_ex.o
 .ARM.attributes
                0x00000000000005d2       0x37 Drivers/STM32F7xx_HAL_Driver/Src/stm32f7xx_hal_uart.o
 .ARM.attributes
                0x0000000000000609       0x32 c:/st/stm32cubeide_1.0.2/stm32cubeide/plugins/com.st.stm32cube.ide.mcu.externaltools.gnu-tools-for-stm32.7-2018-q2-update.win32_1.0.0.201904181610/tools/bin/../lib/gcc/arm-none-eabi/7.3.1/../../../../arm-none-eabi/lib/thumb/v7e-m/fpv5/hard\libc_nano.a(lib_a-atoi.o)
 .ARM.attributes
                0x000000000000063b       0x32 c:/st/stm32cubeide_1.0.2/stm32cubeide/plugins/com.st.stm32cube.ide.mcu.externaltools.gnu-tools-for-stm32.7-2018-q2-update.win32_1.0.0.201904181610/tools/bin/../lib/gcc/arm-none-eabi/7.3.1/../../../../arm-none-eabi/lib/thumb/v7e-m/fpv5/hard\libc_nano.a(lib_a-errno.o)
 .ARM.attributes
                0x000000000000066d       0x32 c:/st/stm32cubeide_1.0.2/stm32cubeide/plugins/com.st.stm32cube.ide.mcu.externaltools.gnu-tools-for-stm32.7-2018-q2-update.win32_1.0.0.201904181610/tools/bin/../lib/gcc/arm-none-eabi/7.3.1/../../../../arm-none-eabi/lib/thumb/v7e-m/fpv5/hard\libc_nano.a(lib_a-impure.o)
 .ARM.attributes
                0x000000000000069f       0x32 c:/st/stm32cubeide_1.0.2/stm32cubeide/plugins/com.st.stm32cube.ide.mcu.externaltools.gnu-tools-for-stm32.7-2018-q2-update.win32_1.0.0.201904181610/tools/bin/../lib/gcc/arm-none-eabi/7.3.1/../../../../arm-none-eabi/lib/thumb/v7e-m/fpv5/hard\libc_nano.a(lib_a-init.o)
 .ARM.attributes
                0x00000000000006d1       0x32 c:/st/stm32cubeide_1.0.2/stm32cubeide/plugins/com.st.stm32cube.ide.mcu.externaltools.gnu-tools-for-stm32.7-2018-q2-update.win32_1.0.0.201904181610/tools/bin/../lib/gcc/arm-none-eabi/7.3.1/../../../../arm-none-eabi/lib/thumb/v7e-m/fpv5/hard\libc_nano.a(lib_a-memcpy-stub.o)
 .ARM.attributes
                0x0000000000000703       0x32 c:/st/stm32cubeide_1.0.2/stm32cubeide/plugins/com.st.stm32cube.ide.mcu.externaltools.gnu-tools-for-stm32.7-2018-q2-update.win32_1.0.0.201904181610/tools/bin/../lib/gcc/arm-none-eabi/7.3.1/../../../../arm-none-eabi/lib/thumb/v7e-m/fpv5/hard\libc_nano.a(lib_a-memset.o)
 .ARM.attributes
                0x0000000000000735       0x32 c:/st/stm32cubeide_1.0.2/stm32cubeide/plugins/com.st.stm32cube.ide.mcu.externaltools.gnu-tools-for-stm32.7-2018-q2-update.win32_1.0.0.201904181610/tools/bin/../lib/gcc/arm-none-eabi/7.3.1/../../../../arm-none-eabi/lib/thumb/v7e-m/fpv5/hard\libc_nano.a(lib_a-sprintf.o)
 .ARM.attributes
                0x0000000000000767       0x1e c:/st/stm32cubeide_1.0.2/stm32cubeide/plugins/com.st.stm32cube.ide.mcu.externaltools.gnu-tools-for-stm32.7-2018-q2-update.win32_1.0.0.201904181610/tools/bin/../lib/gcc/arm-none-eabi/7.3.1/../../../../arm-none-eabi/lib/thumb/v7e-m/fpv5/hard\libc_nano.a(lib_a-strcmp.o)
 .ARM.attributes
                0x0000000000000785       0x19 c:/st/stm32cubeide_1.0.2/stm32cubeide/plugins/com.st.stm32cube.ide.mcu.externaltools.gnu-tools-for-stm32.7-2018-q2-update.win32_1.0.0.201904181610/tools/bin/../lib/gcc/arm-none-eabi/7.3.1/../../../../arm-none-eabi/lib/thumb/v7e-m/fpv5/hard\libc_nano.a(lib_a-strlen.o)
 .ARM.attributes
                0x000000000000079e       0x32 c:/st/stm32cubeide_1.0.2/stm32cubeide/plugins/com.st.stm32cube.ide.mcu.externaltools.gnu-tools-for-stm32.7-2018-q2-update.win32_1.0.0.201904181610/tools/bin/../lib/gcc/arm-none-eabi/7.3.1/../../../../arm-none-eabi/lib/thumb/v7e-m/fpv5/hard\libc_nano.a(lib_a-strncpy.o)
 .ARM.attributes
                0x00000000000007d0       0x32 c:/st/stm32cubeide_1.0.2/stm32cubeide/plugins/com.st.stm32cube.ide.mcu.externaltools.gnu-tools-for-stm32.7-2018-q2-update.win32_1.0.0.201904181610/tools/bin/../lib/gcc/arm-none-eabi/7.3.1/../../../../arm-none-eabi/lib/thumb/v7e-m/fpv5/hard\libc_nano.a(lib_a-strtok.o)
 .ARM.attributes
                0x0000000000000802       0x32 c:/st/stm32cubeide_1.0.2/stm32cubeide/plugins/com.st.stm32cube.ide.mcu.externaltools.gnu-tools-for-stm32.7-2018-q2-update.win32_1.0.0.201904181610/tools/bin/../lib/gcc/arm-none-eabi/7.3.1/../../../../arm-none-eabi/lib/thumb/v7e-m/fpv5/hard\libc_nano.a(lib_a-strtok_r.o)
 .ARM.attributes
                0x0000000000000834       0x32 c:/st/stm32cubeide_1.0.2/stm32cubeide/plugins/com.st.stm32cube.ide.mcu.externaltools.gnu-tools-for-stm32.7-2018-q2-update.win32_1.0.0.201904181610/tools/bin/../lib/gcc/arm-none-eabi/7.3.1/../../../../arm-none-eabi/lib/thumb/v7e-m/fpv5/hard\libc_nano.a(lib_a-strtol.o)
 .ARM.attributes
                0x0000000000000866       0x32 c:/st/stm32cubeide_1.0.2/stm32cubeide/plugins/com.st.stm32cube.ide.mcu.externaltools.gnu-tools-for-stm32.7-2018-q2-update.win32_1.0.0.201904181610/tools/bin/../lib/gcc/arm-none-eabi/7.3.1/../../../../arm-none-eabi/lib/thumb/v7e-m/fpv5/hard\libc_nano.a(lib_a-locale.o)
 .ARM.attributes
                0x0000000000000898       0x32 c:/st/stm32cubeide_1.0.2/stm32cubeide/plugins/com.st.stm32cube.ide.mcu.externaltools.gnu-tools-for-stm32.7-2018-q2-update.win32_1.0.0.201904181610/tools/bin/../lib/gcc/arm-none-eabi/7.3.1/../../../../arm-none-eabi/lib/thumb/v7e-m/fpv5/hard\libc_nano.a(lib_a-malloc.o)
 .ARM.attributes
                0x00000000000008ca       0x32 c:/st/stm32cubeide_1.0.2/stm32cubeide/plugins/com.st.stm32cube.ide.mcu.externaltools.gnu-tools-for-stm32.7-2018-q2-update.win32_1.0.0.201904181610/tools/bin/../lib/gcc/arm-none-eabi/7.3.1/../../../../arm-none-eabi/lib/thumb/v7e-m/fpv5/hard\libc_nano.a(lib_a-mbtowc_r.o)
 .ARM.attributes
                0x00000000000008fc       0x32 c:/st/stm32cubeide_1.0.2/stm32cubeide/plugins/com.st.stm32cube.ide.mcu.externaltools.gnu-tools-for-stm32.7-2018-q2-update.win32_1.0.0.201904181610/tools/bin/../lib/gcc/arm-none-eabi/7.3.1/../../../../arm-none-eabi/lib/thumb/v7e-m/fpv5/hard\libc_nano.a(lib_a-nano-freer.o)
 .ARM.attributes
                0x000000000000092e       0x32 c:/st/stm32cubeide_1.0.2/stm32cubeide/plugins/com.st.stm32cube.ide.mcu.externaltools.gnu-tools-for-stm32.7-2018-q2-update.win32_1.0.0.201904181610/tools/bin/../lib/gcc/arm-none-eabi/7.3.1/../../../../arm-none-eabi/lib/thumb/v7e-m/fpv5/hard\libc_nano.a(lib_a-nano-mallocr.o)
 .ARM.attributes
                0x0000000000000960       0x32 c:/st/stm32cubeide_1.0.2/stm32cubeide/plugins/com.st.stm32cube.ide.mcu.externaltools.gnu-tools-for-stm32.7-2018-q2-update.win32_1.0.0.201904181610/tools/bin/../lib/gcc/arm-none-eabi/7.3.1/../../../../arm-none-eabi/lib/thumb/v7e-m/fpv5/hard\libc_nano.a(lib_a-nano-svfprintf.o)
 .ARM.attributes
                0x0000000000000992       0x32 c:/st/stm32cubeide_1.0.2/stm32cubeide/plugins/com.st.stm32cube.ide.mcu.externaltools.gnu-tools-for-stm32.7-2018-q2-update.win32_1.0.0.201904181610/tools/bin/../lib/gcc/arm-none-eabi/7.3.1/../../../../arm-none-eabi/lib/thumb/v7e-m/fpv5/hard\libc_nano.a(lib_a-nano-vfprintf_i.o)
 .ARM.attributes
                0x00000000000009c4       0x32 c:/st/stm32cubeide_1.0.2/stm32cubeide/plugins/com.st.stm32cube.ide.mcu.externaltools.gnu-tools-for-stm32.7-2018-q2-update.win32_1.0.0.201904181610/tools/bin/../lib/gcc/arm-none-eabi/7.3.1/../../../../arm-none-eabi/lib/thumb/v7e-m/fpv5/hard\libc_nano.a(lib_a-sbrkr.o)
 .ARM.attributes
                0x00000000000009f6       0x32 c:/st/stm32cubeide_1.0.2/stm32cubeide/plugins/com.st.stm32cube.ide.mcu.externaltools.gnu-tools-for-stm32.7-2018-q2-update.win32_1.0.0.201904181610/tools/bin/../lib/gcc/arm-none-eabi/7.3.1/../../../../arm-none-eabi/lib/thumb/v7e-m/fpv5/hard\libc_nano.a(lib_a-wctomb_r.o)
 .ARM.attributes
                0x0000000000000a28       0x32 c:/st/stm32cubeide_1.0.2/stm32cubeide/plugins/com.st.stm32cube.ide.mcu.externaltools.gnu-tools-for-stm32.7-2018-q2-update.win32_1.0.0.201904181610/tools/bin/../lib/gcc/arm-none-eabi/7.3.1/../../../../arm-none-eabi/lib/thumb/v7e-m/fpv5/hard\libc_nano.a(lib_a-ctype_.o)
 .ARM.attributes
                0x0000000000000a5a       0x1e c:/st/stm32cubeide_1.0.2/stm32cubeide/plugins/com.st.stm32cube.ide.mcu.externaltools.gnu-tools-for-stm32.7-2018-q2-update.win32_1.0.0.201904181610/tools/bin/../lib/gcc/arm-none-eabi/7.3.1/../../../../arm-none-eabi/lib/thumb/v7e-m/fpv5/hard\libc_nano.a(lib_a-memchr.o)
 .ARM.attributes
                0x0000000000000a78       0x32 c:/st/stm32cubeide_1.0.2/stm32cubeide/plugins/com.st.stm32cube.ide.mcu.externaltools.gnu-tools-for-stm32.7-2018-q2-update.win32_1.0.0.201904181610/tools/bin/../lib/gcc/arm-none-eabi/7.3.1/../../../../arm-none-eabi/lib/thumb/v7e-m/fpv5/hard\libc_nano.a(lib_a-memmove.o)
 .ARM.attributes
                0x0000000000000aaa       0x32 c:/st/stm32cubeide_1.0.2/stm32cubeide/plugins/com.st.stm32cube.ide.mcu.externaltools.gnu-tools-for-stm32.7-2018-q2-update.win32_1.0.0.201904181610/tools/bin/../lib/gcc/arm-none-eabi/7.3.1/../../../../arm-none-eabi/lib/thumb/v7e-m/fpv5/hard\libc_nano.a(lib_a-mlock.o)
 .ARM.attributes
                0x0000000000000adc       0x32 c:/st/stm32cubeide_1.0.2/stm32cubeide/plugins/com.st.stm32cube.ide.mcu.externaltools.gnu-tools-for-stm32.7-2018-q2-update.win32_1.0.0.201904181610/tools/bin/../lib/gcc/arm-none-eabi/7.3.1/../../../../arm-none-eabi/lib/thumb/v7e-m/fpv5/hard\libc_nano.a(lib_a-nano-reallocr.o)
 .ARM.attributes
                0x0000000000000b0e       0x32 c:/st/stm32cubeide_1.0.2/stm32cubeide/plugins/com.st.stm32cube.ide.mcu.externaltools.gnu-tools-for-stm32.7-2018-q2-update.win32_1.0.0.201904181610/tools/bin/../lib/gcc/arm-none-eabi/7.3.1/../../../../arm-none-eabi/lib/thumb/v7e-m/fpv5/hard\libc_nano.a(lib_a-reent.o)
 .ARM.attributes
                0x0000000000000b40       0x32 c:/st/stm32cubeide_1.0.2/stm32cubeide/plugins/com.st.stm32cube.ide.mcu.externaltools.gnu-tools-for-stm32.7-2018-q2-update.win32_1.0.0.201904181610/tools/bin/../lib/gcc/arm-none-eabi/7.3.1/../../../../arm-none-eabi/lib/thumb/v7e-m/fpv5/hard\libc_nano.a(lib_a-nano-msizer.o)
 .ARM.attributes
                0x0000000000000b72       0x20 c:/st/stm32cubeide_1.0.2/stm32cubeide/plugins/com.st.stm32cube.ide.mcu.externaltools.gnu-tools-for-stm32.7-2018-q2-update.win32_1.0.0.201904181610/tools/bin/../lib/gcc/arm-none-eabi/7.3.1/thumb/v7e-m/fpv5/hard\libgcc.a(_aeabi_uldivmod.o)
 .ARM.attributes
                0x0000000000000b92       0x32 c:/st/stm32cubeide_1.0.2/stm32cubeide/plugins/com.st.stm32cube.ide.mcu.externaltools.gnu-tools-for-stm32.7-2018-q2-update.win32_1.0.0.201904181610/tools/bin/../lib/gcc/arm-none-eabi/7.3.1/thumb/v7e-m/fpv5/hard\libgcc.a(_udivmoddi4.o)
 .ARM.attributes
                0x0000000000000bc4       0x20 c:/st/stm32cubeide_1.0.2/stm32cubeide/plugins/com.st.stm32cube.ide.mcu.externaltools.gnu-tools-for-stm32.7-2018-q2-update.win32_1.0.0.201904181610/tools/bin/../lib/gcc/arm-none-eabi/7.3.1/thumb/v7e-m/fpv5/hard\libgcc.a(_dvmd_tls.o)
 .ARM.attributes
                0x0000000000000be4       0x20 c:/st/stm32cubeide_1.0.2/stm32cubeide/plugins/com.st.stm32cube.ide.mcu.externaltools.gnu-tools-for-stm32.7-2018-q2-update.win32_1.0.0.201904181610/tools/bin/../lib/gcc/arm-none-eabi/7.3.1/thumb/v7e-m/fpv5/hard/crtn.o
OUTPUT(PPM_standalone.elf elf32-littlearm)

.debug_info     0x0000000000000000    0x18368
 .debug_info    0x0000000000000000      0xe7c Core/Src/communication.o
 .debug_info    0x0000000000000e7c      0x98a Core/Src/delay.o
 .debug_info    0x0000000000001806      0x58b Core/Src/gpio.o
 .debug_info    0x0000000000001d91     0x317a Core/Src/main.o
 .debug_info    0x0000000000004f0b      0x46c Core/Src/measurementController.o
 .debug_info    0x0000000000005377      0x4d7 Core/Src/stateController.o
 .debug_info    0x000000000000584e     0x1ce6 Core/Src/stm32f7xx_hal_msp.o
 .debug_info    0x0000000000007534      0xb71 Core/Src/stm32f7xx_it.o