main.c:91:5:main	8	static
main.c:148:6:SystemClock_Config	232	static
main.c:211:13:MX_ETH_Init	8	static
main.c:253:13:MX_SPI1_Init	8	static
main.c:292:13:MX_TIM1_Init	112	static
main.c:378:13:MX_TIM8_Init	128	static
main.c:469:13:MX_USART3_UART_Init	8	static
main.c:504:13:MX_USB_OTG_FS_PCD_Init	8	static
main.c:537:13:MX_DMA_Init	16	static
main.c:555:13:MX_GPIO_Init	56	static
main.c:613:6:HAL_SPI_RxCpltCallback	16	static
main.c:639:6:HAL_TIM_PeriodElapsedCallback	16	static
main.c:649:6:Error_Handler	4	static
