core_cm7.h:1896:22:__NVIC_EnableIRQ	16	static
core_cm7.h:2024:22:__NVIC_SetPriority	16	static
stm32f7xx_ll_dma.h:599:22:LL_DMA_SetDataTransferDirection	24	static
stm32f7xx_ll_dma.h:622:26:LL_DMA_GetDataTransferDirection	16	static
stm32f7xx_ll_dma.h:647:22:LL_DMA_SetMode	24	static
stm32f7xx_ll_dma.h:694:22:LL_DMA_SetPeriphIncMode	24	static
stm32f7xx_ll_dma.h:739:22:LL_DMA_SetMemoryIncMode	24	static
stm32f7xx_ll_dma.h:785:22:LL_DMA_SetPeriphSize	24	static
stm32f7xx_ll_dma.h:832:22:LL_DMA_SetMemorySize	24	static
stm32f7xx_ll_dma.h:925:22:LL_DMA_SetStreamPriorityLevel	24	static
stm32f7xx_ll_dma.h:972:22:LL_DMA_SetDataLength	24	static
stm32f7xx_ll_dma.h:1426:22:LL_DMA_ConfigAddresses	24	static
stm32f7xx_ll_dma.h:2590:22:LL_DMA_EnableIT_TE	16	static
stm32f7xx_ll_dma.h:2610:22:LL_DMA_EnableIT_TC	16	static
stm32f7xx_ll_bus.h:311:22:LL_AHB1_GRP1_EnableClock	24	static
main.c:101:5:main	8	static
main.c:160:6:SystemClock_Config	232	static
main.c:218:13:MX_ETH_Init	8	static
main.c:258:13:MX_SPI1_Init	8	static
main.c:295:13:MX_TIM1_Init	112	static
main.c:377:13:MX_TIM2_Init	40	static
main.c:422:13:MX_TIM8_Init	128	static
main.c:507:13:MX_USART3_UART_Init	8	static
main.c:540:13:MX_USB_OTG_FS_PCD_Init	8	static
main.c:571:13:MX_DMA_Init	8	static
main.c:589:13:MX_GPIO_Init	56	static
main.c:647:6:HAL_SPI_RxCpltCallback	16	static
main.c:690:6:sendDataOverUART	48	static
main.c:715:6:HAL_TIM_PeriodElapsedCallback	16	static
main.c:719:6:Configure_DMA	24	static
main.c:755:6:HAL_TIM_IC_CaptureCallback	16	static
main.c:778:6:Error_Handler	4	static
