main.c:167:5:main	40	static
main.c:255:6:SystemClock_Config	232	static
main.c:325:13:MX_ADC1_Init	24	static
main.c:375:13:MX_I2C1_Init	8	static
main.c:421:13:MX_I2C3_Init	8	static
main.c:467:13:MX_SPI1_Init	8	static
main.c:506:13:MX_SPI4_Init	8	static
main.c:546:13:MX_TIM1_Init	112	static
main.c:632:13:MX_TIM2_Init	40	static
main.c:680:13:MX_TIM3_Init	72	static
main.c:740:13:MX_TIM4_Init	48	static
main.c:789:13:MX_TIM5_Init	40	static
main.c:834:13:MX_TIM6_Init	24	static
main.c:872:13:MX_TIM8_Init	128	static
main.c:963:13:MX_UART5_Init	8	static
main.c:998:13:MX_UART7_Init	8	static
main.c:1033:13:MX_USART1_UART_Init	8	static
main.c:1068:13:MX_USART2_UART_Init	8	static
main.c:1103:13:MX_USART3_UART_Init	8	static
main.c:1136:13:MX_DMA_Init	16	static
main.c:1161:13:MX_GPIO_Init	56	static
main.c:1212:6:runMeasurementMethod	8	static
main.c:1234:6:runPolarizationSequence	8	static
main.c:1295:6:set_LED1	16	static
main.c:1300:6:set_LED2	16	static
main.c:1304:6:set_LED3	16	static
main.c:1308:6:set_LED4	16	static
main.c:1312:6:switchingCircuitIdle	8	static
main.c:1325:6:switchingCircuitOff	8	static
main.c:1337:6:HAL_TIM_PeriodElapsedCallback	16	static
main.c:1345:6:delay_us	16	static
main.c:1351:6:delay_ms	16	static
main.c:1357:6:measureWithExtADC	8	static
main.c:1370:6:measureWithIntADC	8	static
main.c:1381:6:measureWithComp	8	static
main.c:1390:6:measurementWithExtAdcDone	8	static
main.c:1432:6:measurementWithIntAdcDone	8	static
main.c:1468:6:measurementWithCompDone	16	static
main.c:1485:6:goToIdleAfterMeasurement	8	static
main.c:1496:6:prepareForPolarizationPhaseIfPossible	4	static
main.c:1502:6:initState	4	static
main.c:1528:6:HAL_TIM_IC_CaptureCallback	16	static
main.c:1535:6:HAL_ADC_ConvCpltCallback	16	static
main.c:1542:6:HAL_UART_RxCpltCallback	16	static
main.c:1548:6:characterReceived	8	static
main.c:1556:6:HAL_SPI_RxCpltCallback	16	static
main.c:1562:5:parseText	168	static
main.c:1716:6:clearReceivedCharsBuffer	16	static
main.c:1728:6:sendMeasuredData	88	static
main.c:1802:6:updateState	4	static
main.c:1811:5:stateCanBeUpdated	4	static
main.c:1815:5:measurementCanRun	4	static
main.c:1820:5:stateIsIdle	4	static
main.c:1830:6:Error_Handler	4	static
