main.c:99:5:main	32	static
main.c:169:6:SystemClock_Config	232	static
main.c:237:13:MX_ADC1_Init	24	static
main.c:287:13:MX_I2C1_Init	8	static
main.c:333:13:MX_I2C3_Init	8	static
main.c:379:13:MX_SPI1_Init	8	static
main.c:418:13:MX_SPI4_Init	8	static
main.c:458:13:MX_TIM1_Init	112	static
main.c:542:13:MX_TIM2_Init	40	static
main.c:590:13:MX_TIM3_Init	48	static
main.c:639:13:MX_TIM4_Init	48	static
main.c:688:13:MX_TIM8_Init	128	static
main.c:779:13:MX_UART5_Init	8	static
main.c:814:13:MX_UART7_Init	8	static
main.c:849:13:MX_USART1_UART_Init	8	static
main.c:884:13:MX_USART2_UART_Init	8	static
main.c:919:13:MX_USART3_UART_Init	8	static
main.c:954:13:MX_GPIO_Init	56	static
main.c:1011:6:Error_Handler	4	static
