main.c:172:5:main	8	static
main.c:262:6:SystemClock_Config	232	static
main.c:332:13:MX_ADC1_Init	24	static
main.c:382:13:MX_I2C1_Init	8	static
main.c:428:13:MX_I2C3_Init	8	static
main.c:474:13:MX_SPI1_Init	8	static
main.c:513:13:MX_SPI4_Init	8	static
main.c:553:13:MX_TIM1_Init	112	static
main.c:639:13:MX_TIM2_Init	40	static
main.c:687:13:MX_TIM3_Init	72	static
main.c:747:13:MX_TIM4_Init	48	static
main.c:796:13:MX_TIM5_Init	40	static
main.c:841:13:MX_TIM6_Init	24	static
main.c:879:13:MX_TIM8_Init	128	static
main.c:970:13:MX_UART5_Init	8	static
main.c:1005:13:MX_UART7_Init	8	static
main.c:1040:13:MX_USART1_UART_Init	8	static
main.c:1075:13:MX_USART2_UART_Init	8	static
main.c:1110:13:MX_USART3_UART_Init	8	static
main.c:1143:13:MX_DMA_Init	16	static
main.c:1168:13:MX_GPIO_Init	56	static
main.c:1219:6:runMeasurementMethod	8	static
main.c:1242:6:runPolarizationSequence	8	static
main.c:1271:6:runMeasurementSequence	8	static
main.c:1318:6:set_LED1	16	static
main.c:1323:6:set_LED2	16	static
main.c:1327:6:set_LED3	16	static
main.c:1331:6:set_LED4	16	static
main.c:1335:6:switchingCircuitIdle	8	static
main.c:1348:6:switchingCircuitOff	8	static
main.c:1360:6:HAL_TIM_PeriodElapsedCallback	16	static
main.c:1377:6:delay_us	16	static
main.c:1383:6:delay_ms	16	static
main.c:1389:6:measureWithExtADC	8	static
main.c:1402:6:measureWithIntADC	8	static
main.c:1413:6:measureWithComp	8	static
main.c:1422:6:measurementWithExtAdcDone	8	static
main.c:1459:6:measurementWithIntAdcDone	8	static
main.c:1495:6:measurementWithCompDone	16	static
main.c:1512:6:goToIdleAfterMeasurement	8	static
main.c:1534:6:prepareForPolarizationPhaseIfPossible	4	static
main.c:1540:6:setStateToDefault	4	static
main.c:1571:6:setStateToMeasureOnlyNoPolarization	4	static
main.c:1603:6:setStateToIdle	4	static
main.c:1632:6:initialization	8	static
main.c:1643:6:HAL_TIM_IC_CaptureCallback	16	static
main.c:1650:6:HAL_ADC_ConvCpltCallback	16	static
main.c:1657:6:HAL_UART_RxCpltCallback	16	static
main.c:1663:6:characterReceived	8	static
main.c:1671:6:HAL_SPI_RxCpltCallback	16	static
main.c:1677:5:parseText	168	static
main.c:1836:6:clearReceivedCharsBuffer	16	static
main.c:1848:6:sendMeasuredData	88	static
main.c:1910:6:updateState	4	static
main.c:1919:5:dataReadyToSend	4	static
main.c:1923:5:lastMeasurement	4	static
main.c:1928:5:stateCanBeUpdated	4	static
main.c:1933:5:ploarizationCanRun	4	static
main.c:1937:5:measurementCanRun	4	static
main.c:1942:5:stateIsIdle	4	static
main.c:1946:5:canDecreaseRemainingMeasurements	4	static
main.c:1950:5:newDataInBuffer	4	static
main.c:1954:6:setMeasurementPeriod	16	static
main.c:1967:6:Error_Handler	4	static
