main.c:159:5:main	40	static
main.c:245:6:SystemClock_Config	232	static
main.c:307:13:MX_ADC1_Init	24	static
main.c:354:13:MX_I2C1_Init	8	static
main.c:396:13:MX_I2C3_Init	8	static
main.c:438:13:MX_SPI1_Init	8	static
main.c:475:13:MX_SPI4_Init	8	static
main.c:513:13:MX_TIM1_Init	112	static
main.c:591:13:MX_TIM2_Init	40	static
main.c:635:13:MX_TIM3_Init	72	static
main.c:689:13:MX_TIM4_Init	48	static
main.c:734:13:MX_TIM5_Init	40	static
main.c:775:13:MX_TIM6_Init	24	static
main.c:810:13:MX_TIM8_Init	128	static
main.c:892:13:MX_UART5_Init	8	static
main.c:925:13:MX_UART7_Init	8	static
main.c:958:13:MX_USART1_UART_Init	8	static
main.c:991:13:MX_USART2_UART_Init	8	static
main.c:1024:13:MX_USART3_UART_Init	8	static
main.c:1055:13:MX_DMA_Init	16	static
main.c:1079:13:MX_GPIO_Init	56	static
main.c:1124:6:chooseActionByState	8	static
main.c:1156:6:runPolarizationSequence	8	static
main.c:1216:6:set_LED1	16	static
main.c:1223:6:switchingCircuitIdle	8	static
main.c:1238:6:switchingCircuitOff	8	static
main.c:1250:6:HAL_TIM_PeriodElapsedCallback	16	static
main.c:1264:6:delay_us	16	static
main.c:1270:6:measureWithExternalADC	8	static
main.c:1281:6:measureWithInternalADC	8	static
main.c:1290:6:measureWithComparator	8	static
main.c:1299:6:measureFrequencyWithTimer	16	static
main.c:1313:6:HAL_TIM_IC_CaptureCallback	16	static
main.c:1320:6:initState	4	static
main.c:1333:6:sendDataOverUART	56	static
main.c:1385:6:HAL_ADC_ConvCpltCallback	16	static
main.c:1418:6:HAL_UART_RxCpltCallback	16	static
main.c:1428:6:HAL_SPI_RxCpltCallback	16	static
main.c:1460:5:parseText	136	static
main.c:1560:6:Error_Handler	4	static
