main.c:139:5:main	40	static
main.c:231:6:SystemClock_Config	232	static
main.c:301:13:MX_ADC1_Init	24	static
main.c:351:13:MX_I2C1_Init	8	static
main.c:397:13:MX_I2C3_Init	8	static
main.c:443:13:MX_SPI1_Init	8	static
main.c:482:13:MX_SPI4_Init	8	static
main.c:522:13:MX_TIM1_Init	112	static
main.c:608:13:MX_TIM2_Init	40	static
main.c:656:13:MX_TIM3_Init	72	static
main.c:716:13:MX_TIM4_Init	48	static
main.c:765:13:MX_TIM5_Init	40	static
main.c:810:13:MX_TIM8_Init	128	static
main.c:901:13:MX_UART5_Init	8	static
main.c:936:13:MX_UART7_Init	8	static
main.c:971:13:MX_USART1_UART_Init	8	static
main.c:1006:13:MX_USART2_UART_Init	8	static
main.c:1041:13:MX_USART3_UART_Init	8	static
main.c:1076:13:MX_GPIO_Init	56	static
main.c:1128:6:chooseActionByState	8	static
main.c:1160:6:runPolarizationSequence	8	static
main.c:1224:6:set_LED1	16	static
main.c:1231:6:switchingCircuitIdle	8	static
main.c:1246:6:switchingCircuitOff	8	static
main.c:1258:6:HAL_TIM_PeriodElapsedCallback	16	static
main.c:1268:6:delay_us	16	static
main.c:1276:6:measureWithExternalADC	8	static
main.c:1287:6:measureWithInternalADC	8	static
main.c:1296:6:measureWithComparator	8	static
main.c:1304:6:measureFrequencyWithTimer	16	static
main.c:1330:6:HAL_TIM_IC_CaptureCallback	16	static
main.c:1336:6:initState	4	static
main.c:1345:6:sendDataOverUART	48	static
main.c:1385:6:HAL_ADC_ConvCpltCallback	16	static
main.c:1423:6:HAL_UART_RxCpltCallback	40	static
main.c:1436:1:prepareForNextMeasurements	16	static
main.c:1496:6:HAL_SPI_RxCpltCallback	16	static
main.c:1550:6:Error_Handler	4	static
