main.c:140:5:main	40	static
main.c:225:6:SystemClock_Config	232	static
main.c:295:13:MX_ADC1_Init	24	static
main.c:345:13:MX_I2C1_Init	8	static
main.c:391:13:MX_I2C3_Init	8	static
main.c:437:13:MX_SPI1_Init	8	static
main.c:476:13:MX_SPI4_Init	8	static
main.c:516:13:MX_TIM1_Init	112	static
main.c:602:13:MX_TIM2_Init	40	static
main.c:650:13:MX_TIM3_Init	72	static
main.c:710:13:MX_TIM4_Init	48	static
main.c:759:13:MX_TIM5_Init	40	static
main.c:804:13:MX_TIM6_Init	24	static
main.c:842:13:MX_TIM8_Init	128	static
main.c:933:13:MX_UART5_Init	8	static
main.c:968:13:MX_UART7_Init	8	static
main.c:1003:13:MX_USART1_UART_Init	8	static
main.c:1038:13:MX_USART2_UART_Init	8	static
main.c:1073:13:MX_USART3_UART_Init	8	static
main.c:1106:13:MX_DMA_Init	16	static
main.c:1124:13:MX_GPIO_Init	56	static
main.c:1175:6:chooseActionByState	8	static
main.c:1207:6:runPolarizationSequence	8	static
main.c:1267:6:set_LED1	16	static
main.c:1274:6:switchingCircuitIdle	8	static
main.c:1289:6:switchingCircuitOff	8	static
main.c:1301:6:HAL_TIM_PeriodElapsedCallback	16	static
main.c:1311:6:delay_us	16	static
main.c:1317:6:measureWithExternalADC	8	static
main.c:1328:6:measureWithInternalADC	8	static
main.c:1337:6:measureWithComparator	8	static
main.c:1345:6:measureFrequencyWithTimer	16	static
main.c:1368:6:HAL_TIM_IC_CaptureCallback	16	static
main.c:1374:6:initState	4	static
main.c:1382:6:sendDataOverUART	48	static
main.c:1421:6:HAL_ADC_ConvCpltCallback	16	static
main.c:1459:6:HAL_UART_RxCpltCallback	40	static
main.c:1472:1:prepareForNextMeasurements	16	static
main.c:1532:6:HAL_SPI_RxCpltCallback	16	static
main.c:1585:6:Error_Handler	4	static
