main.c:125:5:main	128	static
main.c:221:6:SystemClock_Config	232	static
main.c:281:13:MX_ADC1_Init	24	static
main.c:328:13:MX_I2C1_Init	8	static
main.c:370:13:MX_I2C3_Init	8	static
main.c:412:13:MX_SPI1_Init	8	static
main.c:449:13:MX_SPI4_Init	8	static
main.c:487:13:MX_TIM1_Init	112	static
main.c:565:13:MX_TIM2_Init	40	static
main.c:609:13:MX_TIM3_Init	72	static
main.c:663:13:MX_TIM4_Init	48	static
main.c:708:13:MX_TIM5_Init	40	static
main.c:749:13:MX_TIM6_Init	24	static
main.c:784:13:MX_TIM8_Init	128	static
main.c:866:13:MX_UART7_Init	8	static
main.c:899:13:MX_USART1_UART_Init	8	static
main.c:932:13:MX_USART2_UART_Init	8	static
main.c:965:13:MX_USART3_UART_Init	8	static
main.c:996:13:MX_DMA_Init	16	static
main.c:1020:13:MX_GPIO_Init	56	static
main.c:1079:6:initialization	8	static
main.c:1092:6:runMeasurementMethod	128	static
main.c:1120:6:measureWithExtADC	8	static
main.c:1135:6:measureWithIntADC	8	static
main.c:1148:6:measureWithComp	8	static
main.c:1159:6:measurementWithExtAdcDone	8	static
main.c:1196:6:measurementWithIntAdcDone	8	static
main.c:1232:6:measurementWithCompDone	16	static
main.c:1250:6:HAL_TIM_IC_CaptureCallback	16	static
main.c:1257:6:HAL_ADC_ConvCpltCallback	16	static
main.c:1264:6:HAL_UART_RxCpltCallback	136	static
main.c:1271:6:HAL_SPI_RxCpltCallback	16	static
main.c:1283:6:Error_Handler	4	static
