main.c:167:5:main	40	static
main.c:249:5:stateCanBeUpdated	4	static
main.c:253:5:measurementCanRun	4	static
main.c:258:5:stateIsIdle	4	static
main.c:266:6:SystemClock_Config	232	static
main.c:328:13:MX_ADC1_Init	24	static
main.c:375:13:MX_I2C1_Init	8	static
main.c:417:13:MX_I2C3_Init	8	static
main.c:459:13:MX_SPI1_Init	8	static
main.c:496:13:MX_SPI4_Init	8	static
main.c:534:13:MX_TIM1_Init	112	static
main.c:612:13:MX_TIM2_Init	40	static
main.c:656:13:MX_TIM3_Init	72	static
main.c:710:13:MX_TIM4_Init	48	static
main.c:755:13:MX_TIM5_Init	40	static
main.c:796:13:MX_TIM6_Init	24	static
main.c:831:13:MX_TIM8_Init	128	static
main.c:913:13:MX_UART5_Init	8	static
main.c:946:13:MX_UART7_Init	8	static
main.c:979:13:MX_USART1_UART_Init	8	static
main.c:1012:13:MX_USART2_UART_Init	8	static
main.c:1045:13:MX_USART3_UART_Init	8	static
main.c:1076:13:MX_DMA_Init	16	static
main.c:1100:13:MX_GPIO_Init	56	static
main.c:1145:6:runMeasurementMethod	8	static
main.c:1163:6:runPolarizationSequence	8	static
main.c:1223:6:set_LED1	16	static
main.c:1228:6:set_LED2	16	static
main.c:1232:6:set_LED3	16	static
main.c:1236:6:set_LED4	16	static
main.c:1240:6:switchingCircuitIdle	8	static
main.c:1253:6:switchingCircuitOff	8	static
main.c:1265:6:HAL_TIM_PeriodElapsedCallback	16	static
main.c:1277:6:delay_us	16	static
main.c:1283:6:delay_ms	16	static
main.c:1289:6:measureWithExternalADC	8	static
main.c:1302:6:measureWithInternalADC	8	static
main.c:1313:6:measureWithComparator	8	static
main.c:1325:6:measureFrequencyWithTimer	16	static
main.c:1350:6:HAL_TIM_IC_CaptureCallback	16	static
main.c:1356:6:initState	4	static
main.c:1375:6:sendDataOverUART	56	static
main.c:1430:6:HAL_ADC_ConvCpltCallback	16	static
main.c:1473:6:HAL_UART_RxCpltCallback	16	static
main.c:1482:6:HAL_SPI_RxCpltCallback	16	static
main.c:1530:5:parseText	168	static
main.c:1674:6:clearReceivedCharsBuffer	16	static
main.c:1682:6:sendMeasuredData	56	static
main.c:1766:6:updateState	4	static
main.c:1781:6:Error_Handler	4	static
