main.c:167:5:main	40	static
main.c:253:6:SystemClock_Config	232	static
main.c:315:13:MX_ADC1_Init	24	static
main.c:362:13:MX_I2C1_Init	8	static
main.c:404:13:MX_I2C3_Init	8	static
main.c:446:13:MX_SPI1_Init	8	static
main.c:483:13:MX_SPI4_Init	8	static
main.c:521:13:MX_TIM1_Init	112	static
main.c:599:13:MX_TIM2_Init	40	static
main.c:643:13:MX_TIM3_Init	72	static
main.c:697:13:MX_TIM4_Init	48	static
main.c:742:13:MX_TIM5_Init	40	static
main.c:783:13:MX_TIM6_Init	24	static
main.c:818:13:MX_TIM8_Init	128	static
main.c:900:13:MX_UART5_Init	8	static
main.c:933:13:MX_UART7_Init	8	static
main.c:966:13:MX_USART1_UART_Init	8	static
main.c:999:13:MX_USART2_UART_Init	8	static
main.c:1032:13:MX_USART3_UART_Init	8	static
main.c:1063:13:MX_DMA_Init	16	static
main.c:1087:13:MX_GPIO_Init	56	static
main.c:1132:6:runMeasurementMethod	8	static
main.c:1150:6:runPolarizationSequence	8	static
main.c:1210:6:set_LED1	16	static
main.c:1215:6:set_LED2	16	static
main.c:1219:6:set_LED3	16	static
main.c:1223:6:set_LED4	16	static
main.c:1227:6:switchingCircuitIdle	8	static
main.c:1240:6:switchingCircuitOff	8	static
main.c:1252:6:HAL_TIM_PeriodElapsedCallback	16	static
main.c:1260:6:delay_us	16	static
main.c:1266:6:delay_ms	16	static
main.c:1272:6:measureWithExtADC	8	static
main.c:1285:6:measureWithIntADC	8	static
main.c:1296:6:measureWithComp	8	static
main.c:1305:6:measurementWithExtAdcDone	8	static
main.c:1347:6:measurementWithIntAdcDone	8	static
main.c:1383:6:measurementWithCompDone	16	static
main.c:1400:6:goToIdleAfterMeasurement	8	static
main.c:1411:6:prepareForPolarizationPhaseIfPossible	4	static
main.c:1417:6:initState	4	static
main.c:1444:6:HAL_TIM_IC_CaptureCallback	16	static
main.c:1451:6:HAL_ADC_ConvCpltCallback	16	static
main.c:1458:6:HAL_UART_RxCpltCallback	16	static
main.c:1464:6:characterReceived	8	static
main.c:1473:6:HAL_SPI_RxCpltCallback	16	static
main.c:1479:5:parseText	168	static
main.c:1632:6:clearReceivedCharsBuffer	16	static
main.c:1644:6:sendMeasuredData	56	static
main.c:1728:6:updateState	4	static
main.c:1737:5:stateCanBeUpdated	4	static
main.c:1741:5:measurementCanRun	4	static
main.c:1746:5:stateIsIdle	4	static
main.c:1756:6:Error_Handler	4	static
