main.c:172:5:main	8	static
main.c:269:6:SystemClock_Config	232	static
main.c:329:13:MX_ADC1_Init	24	static
main.c:376:13:MX_I2C1_Init	8	static
main.c:418:13:MX_I2C3_Init	8	static
main.c:460:13:MX_SPI1_Init	8	static
main.c:497:13:MX_SPI4_Init	8	static
main.c:535:13:MX_TIM1_Init	112	static
main.c:613:13:MX_TIM2_Init	40	static
main.c:657:13:MX_TIM3_Init	72	static
main.c:711:13:MX_TIM4_Init	48	static
main.c:756:13:MX_TIM5_Init	40	static
main.c:797:13:MX_TIM6_Init	24	static
main.c:832:13:MX_TIM8_Init	128	static
main.c:914:13:MX_UART7_Init	8	static
main.c:947:13:MX_USART1_UART_Init	8	static
main.c:980:13:MX_USART2_UART_Init	8	static
main.c:1013:13:MX_USART3_UART_Init	8	static
main.c:1044:13:MX_DMA_Init	16	static
main.c:1068:13:MX_GPIO_Init	56	static
main.c:1126:6:runMeasurementMethod	8	static
main.c:1153:6:runPolarizationSequence	8	static
main.c:1182:6:runMeasurementSequence	8	static
main.c:1241:6:set_LED1	16	static
main.c:1246:6:set_LED2	16	static
main.c:1250:6:set_LED3	16	static
main.c:1254:6:set_LED4	16	static
main.c:1258:6:switchingCircuitIdle	8	static
main.c:1271:6:switchingCircuitOff	8	static
main.c:1283:6:HAL_TIM_PeriodElapsedCallback	16	static
main.c:1299:6:delay_us	16	static
main.c:1305:6:delay_ms	16	static
main.c:1311:6:measureWithExtADC	8	static
main.c:1326:6:measureWithIntADC	8	static
main.c:1339:6:measureWithComp	8	static
main.c:1350:6:measurementWithExtAdcDone	8	static
main.c:1387:6:measurementWithIntAdcDone	8	static
main.c:1423:6:measurementWithCompDone	16	static
main.c:1440:6:goToIdleAfterMeasurement	8	static
main.c:1462:6:prepareForPolarizationPhaseIfPossible	4	static
main.c:1468:6:setStateToDefault	8	static
main.c:1498:6:setStateToMeasureOnSync	8	static
main.c:1532:6:setStateToIdle	4	static
main.c:1561:6:initialization	8	static
main.c:1571:6:HAL_TIM_IC_CaptureCallback	16	static
main.c:1578:6:HAL_ADC_ConvCpltCallback	16	static
main.c:1585:6:HAL_UART_RxCpltCallback	16	static
main.c:1591:6:characterReceived	8	static
main.c:1599:6:HAL_SPI_RxCpltCallback	16	static
main.c:1605:5:parseText	168	static
main.c:1767:6:clearReceivedCharsBuffer	16	static
main.c:1779:6:sendMeasuredData	88	static
main.c:1841:6:updateState	4	static
main.c:1850:5:dataReadyToSend	4	static
main.c:1855:5:dataReadyToSendAfterMeasurement	8	static
main.c:1860:5:dataReadyToSendBeforeMeasurement	8	static
main.c:1864:5:lastMeasurement	4	static
main.c:1868:5:stateCanBeUpdated	4	static
main.c:1873:5:ploarizationCanRun	4	static
main.c:1877:5:measurementCanRun	4	static
main.c:1882:5:stateIsIdle	4	static
main.c:1886:5:isWaitingForSync	8	static
main.c:1890:6:isMeasuring	4	static
main.c:1893:5:isSending	4	static
main.c:1897:5:canDecreaseRemainingMeasurements	4	static
main.c:1901:5:newDataInBuffer	4	static
main.c:1904:5:isModeMeasureOnSync	4	static
main.c:1908:6:setMeasurementPeriod	16	static
main.c:1914:6:changeStateMode	8	static
main.c:1931:6:HAL_GPIO_EXTI_Callback	16	static
main.c:1948:6:Error_Handler	4	static
