main.c:166:5:main	40	static
main.c:253:6:SystemClock_Config	232	static
main.c:315:13:MX_ADC1_Init	24	static
main.c:362:13:MX_I2C1_Init	8	static
main.c:404:13:MX_I2C3_Init	8	static
main.c:446:13:MX_SPI1_Init	8	static
main.c:483:13:MX_SPI4_Init	8	static
main.c:521:13:MX_TIM1_Init	112	static
main.c:599:13:MX_TIM2_Init	40	static
main.c:643:13:MX_TIM3_Init	72	static
main.c:697:13:MX_TIM4_Init	48	static
main.c:742:13:MX_TIM5_Init	40	static
main.c:783:13:MX_TIM6_Init	24	static
main.c:818:13:MX_TIM8_Init	128	static
main.c:900:13:MX_UART5_Init	8	static
main.c:933:13:MX_UART7_Init	8	static
main.c:966:13:MX_USART1_UART_Init	8	static
main.c:999:13:MX_USART2_UART_Init	8	static
main.c:1032:13:MX_USART3_UART_Init	8	static
main.c:1063:13:MX_DMA_Init	16	static
main.c:1087:13:MX_GPIO_Init	56	static
main.c:1133:6:runMeasurementMethod	8	static
main.c:1151:6:runPolarizationSequence	8	static
main.c:1211:6:set_LED1	16	static
main.c:1216:6:set_LED2	16	static
main.c:1220:6:set_LED3	16	static
main.c:1224:6:set_LED4	16	static
main.c:1228:6:switchingCircuitIdle	8	static
main.c:1241:6:switchingCircuitOff	8	static
main.c:1253:6:HAL_TIM_PeriodElapsedCallback	16	static
main.c:1265:6:delay_us	16	static
main.c:1271:6:delay_ms	16	static
main.c:1277:6:measureWithExternalADC	8	static
main.c:1290:6:measureWithInternalADC	8	static
main.c:1301:6:measureWithComparator	8	static
main.c:1313:6:measureFrequencyWithTimer	16	static
main.c:1338:6:HAL_TIM_IC_CaptureCallback	16	static
main.c:1344:6:initState	4	static
main.c:1363:6:sendDataOverUART	56	static
main.c:1415:6:HAL_ADC_ConvCpltCallback	16	static
main.c:1458:6:HAL_UART_RxCpltCallback	16	static
main.c:1467:6:HAL_SPI_RxCpltCallback	16	static
main.c:1515:5:parseText	168	static
main.c:1649:6:clearReceivedCharsBuffer	16	static
main.c:1657:6:sendMeasuredData	56	static
main.c:1731:6:updateState	4	static
main.c:1746:6:Error_Handler	4	static
