main.c:143:5:main	40	static
main.c:228:6:SystemClock_Config	232	static
main.c:298:13:MX_ADC1_Init	24	static
main.c:348:13:MX_I2C1_Init	8	static
main.c:394:13:MX_I2C3_Init	8	static
main.c:440:13:MX_SPI1_Init	8	static
main.c:479:13:MX_SPI4_Init	8	static
main.c:519:13:MX_TIM1_Init	112	static
main.c:605:13:MX_TIM2_Init	40	static
main.c:653:13:MX_TIM3_Init	72	static
main.c:713:13:MX_TIM4_Init	48	static
main.c:762:13:MX_TIM5_Init	40	static
main.c:807:13:MX_TIM6_Init	24	static
main.c:845:13:MX_TIM8_Init	128	static
main.c:936:13:MX_UART5_Init	8	static
main.c:971:13:MX_UART7_Init	8	static
main.c:1006:13:MX_USART1_UART_Init	8	static
main.c:1041:13:MX_USART2_UART_Init	8	static
main.c:1076:13:MX_USART3_UART_Init	8	static
main.c:1109:13:MX_DMA_Init	16	static
main.c:1134:13:MX_GPIO_Init	56	static
main.c:1185:6:chooseActionByState	8	static
main.c:1217:6:runPolarizationSequence	8	static
main.c:1277:6:set_LED1	16	static
main.c:1284:6:switchingCircuitIdle	8	static
main.c:1299:6:switchingCircuitOff	8	static
main.c:1311:6:HAL_TIM_PeriodElapsedCallback	16	static
main.c:1325:6:delay_us	16	static
main.c:1331:6:measureWithExternalADC	8	static
main.c:1342:6:measureWithInternalADC	8	static
main.c:1351:6:measureWithComparator	8	static
main.c:1360:6:measureFrequencyWithTimer	16	static
main.c:1395:6:HAL_TIM_IC_CaptureCallback	16	static
main.c:1402:6:initState	4	static
main.c:1410:6:sendDataOverUART	56	static
main.c:1453:6:HAL_ADC_ConvCpltCallback	16	static
main.c:1487:6:HAL_UART_RxCpltCallback	40	static
main.c:1500:6:prepareForNextMeasurements	16	static
main.c:1560:6:HAL_SPI_RxCpltCallback	16	static
main.c:1597:6:Error_Handler	4	static
