main.c:149:5:main	40	static
main.c:235:6:SystemClock_Config	232	static
main.c:300:13:MX_ADC1_Init	24	static
main.c:347:13:MX_I2C1_Init	8	static
main.c:390:13:MX_I2C3_Init	8	static
main.c:433:13:MX_SPI1_Init	8	static
main.c:470:13:MX_SPI4_Init	8	static
main.c:508:13:MX_TIM1_Init	112	static
main.c:590:13:MX_TIM2_Init	40	static
main.c:635:13:MX_TIM3_Init	72	static
main.c:691:13:MX_TIM4_Init	48	static
main.c:738:13:MX_TIM5_Init	40	static
main.c:780:13:MX_TIM6_Init	24	static
main.c:816:13:MX_TIM8_Init	128	static
main.c:901:13:MX_UART5_Init	8	static
main.c:934:13:MX_UART7_Init	8	static
main.c:967:13:MX_USART1_UART_Init	8	static
main.c:1000:13:MX_USART2_UART_Init	8	static
main.c:1033:13:MX_USART3_UART_Init	8	static
main.c:1064:13:MX_DMA_Init	16	static
main.c:1088:13:MX_GPIO_Init	56	static
main.c:1139:6:chooseActionByState	8	static
main.c:1171:6:runPolarizationSequence	8	static
main.c:1231:6:set_LED1	16	static
main.c:1238:6:switchingCircuitIdle	8	static
main.c:1253:6:switchingCircuitOff	8	static
main.c:1265:6:HAL_TIM_PeriodElapsedCallback	16	static
main.c:1279:6:delay_us	16	static
main.c:1285:6:measureWithExternalADC	8	static
main.c:1296:6:measureWithInternalADC	8	static
main.c:1305:6:measureWithComparator	8	static
main.c:1314:6:measureFrequencyWithTimer	16	static
main.c:1347:6:HAL_TIM_IC_CaptureCallback	16	static
main.c:1354:6:initState	4	static
main.c:1362:6:sendDataOverUART	56	static
main.c:1405:6:HAL_ADC_ConvCpltCallback	16	static
main.c:1438:6:HAL_UART_RxCpltCallback	16	static
main.c:1448:6:prepareForNextMeasurements	16	static
main.c:1508:6:HAL_SPI_RxCpltCallback	16	static
main.c:1539:5:parseText	136	static
main.c:1644:6:Error_Handler	4	static
