main.c:172:5:main	8	static
main.c:269:6:SystemClock_Config	232	static
main.c:329:13:MX_ADC1_Init	24	static
main.c:376:13:MX_I2C1_Init	8	static
main.c:418:13:MX_I2C3_Init	8	static
main.c:460:13:MX_SPI1_Init	8	static
main.c:497:13:MX_SPI4_Init	8	static
main.c:535:13:MX_TIM1_Init	112	static
main.c:613:13:MX_TIM2_Init	40	static
main.c:657:13:MX_TIM3_Init	72	static
main.c:711:13:MX_TIM4_Init	48	static
main.c:756:13:MX_TIM5_Init	40	static
main.c:797:13:MX_TIM6_Init	24	static
main.c:832:13:MX_TIM8_Init	128	static
main.c:914:13:MX_UART7_Init	8	static
main.c:947:13:MX_USART1_UART_Init	8	static
main.c:980:13:MX_USART2_UART_Init	8	static
main.c:1013:13:MX_USART3_UART_Init	8	static
main.c:1044:13:MX_DMA_Init	16	static
main.c:1068:13:MX_GPIO_Init	56	static
main.c:1126:6:runMeasurementMethod	8	static
main.c:1153:6:runPolarizationSequence	8	static
main.c:1182:6:runMeasurementSequence	8	static
main.c:1231:6:set_LED1	16	static
main.c:1236:6:set_LED2	16	static
main.c:1240:6:set_LED3	16	static
main.c:1244:6:set_LED4	16	static
main.c:1248:6:switchingCircuitIdle	8	static
main.c:1261:6:switchingCircuitOff	8	static
main.c:1273:6:HAL_TIM_PeriodElapsedCallback	16	static
main.c:1289:6:delay_us	16	static
main.c:1295:6:delay_ms	16	static
main.c:1301:6:measureWithExtADC	8	static
main.c:1316:6:measureWithIntADC	8	static
main.c:1329:6:measureWithComp	8	static
main.c:1340:6:measurementWithExtAdcDone	8	static
main.c:1377:6:measurementWithIntAdcDone	8	static
main.c:1413:6:measurementWithCompDone	16	static
main.c:1430:6:goToIdleAfterMeasurement	8	static
main.c:1452:6:prepareForPolarizationPhaseIfPossible	4	static
main.c:1458:6:setStateToDefault	8	static
main.c:1488:6:setStateToMeasureOnSync	8	static
main.c:1522:6:setStateToIdle	4	static
main.c:1551:6:initialization	8	static
main.c:1561:6:HAL_TIM_IC_CaptureCallback	16	static
main.c:1568:6:HAL_ADC_ConvCpltCallback	16	static
main.c:1575:6:HAL_UART_RxCpltCallback	16	static
main.c:1581:6:characterReceived	8	static
main.c:1589:6:HAL_SPI_RxCpltCallback	16	static
main.c:1595:5:parseText	168	static
main.c:1757:6:clearReceivedCharsBuffer	16	static
main.c:1769:6:sendMeasuredData	88	static
main.c:1831:6:updateState	4	static
main.c:1840:5:dataReadyToSend	4	static
main.c:1845:5:dataReadyToSendAfterMeasurement	8	static
main.c:1850:5:dataReadyToSendBeforeMeasurement	8	static
main.c:1854:5:lastMeasurement	4	static
main.c:1858:5:stateCanBeUpdated	4	static
main.c:1863:5:ploarizationCanRun	4	static
main.c:1867:5:measurementCanRun	4	static
main.c:1872:5:stateIsIdle	4	static
main.c:1876:5:isWaitingForSync	8	static
main.c:1880:6:isMeasuring	4	static
main.c:1883:5:isSending	4	static
main.c:1887:5:canDecreaseRemainingMeasurements	4	static
main.c:1891:5:newDataInBuffer	4	static
main.c:1894:5:isModeMeasureOnSync	4	static
main.c:1898:6:setMeasurementPeriod	16	static
main.c:1904:6:changeStateMode	8	static
main.c:1921:6:HAL_GPIO_EXTI_Callback	16	static
main.c:1938:6:Error_Handler	4	static
