main.c:141:5:main	40	static
main.c:226:6:SystemClock_Config	232	static
main.c:296:13:MX_ADC1_Init	24	static
main.c:346:13:MX_I2C1_Init	8	static
main.c:392:13:MX_I2C3_Init	8	static
main.c:438:13:MX_SPI1_Init	8	static
main.c:477:13:MX_SPI4_Init	8	static
main.c:517:13:MX_TIM1_Init	112	static
main.c:603:13:MX_TIM2_Init	40	static
main.c:651:13:MX_TIM3_Init	72	static
main.c:711:13:MX_TIM4_Init	48	static
main.c:760:13:MX_TIM5_Init	40	static
main.c:805:13:MX_TIM6_Init	24	static
main.c:843:13:MX_TIM8_Init	128	static
main.c:934:13:MX_UART5_Init	8	static
main.c:969:13:MX_UART7_Init	8	static
main.c:1004:13:MX_USART1_UART_Init	8	static
main.c:1039:13:MX_USART2_UART_Init	8	static
main.c:1074:13:MX_USART3_UART_Init	8	static
main.c:1107:13:MX_DMA_Init	16	static
main.c:1128:13:MX_GPIO_Init	56	static
main.c:1179:6:chooseActionByState	8	static
main.c:1211:6:runPolarizationSequence	8	static
main.c:1271:6:set_LED1	16	static
main.c:1278:6:switchingCircuitIdle	8	static
main.c:1293:6:switchingCircuitOff	8	static
main.c:1305:6:HAL_TIM_PeriodElapsedCallback	16	static
main.c:1319:6:delay_us	16	static
main.c:1325:6:measureWithExternalADC	8	static
main.c:1336:6:measureWithInternalADC	8	static
main.c:1345:6:measureWithComparator	8	static
main.c:1353:6:measureFrequencyWithTimer	16	static
main.c:1376:6:HAL_TIM_IC_CaptureCallback	16	static
main.c:1382:6:initState	4	static
main.c:1390:6:sendDataOverUART	48	static
main.c:1429:6:HAL_ADC_ConvCpltCallback	16	static
main.c:1461:6:HAL_UART_RxCpltCallback	40	static
main.c:1474:1:prepareForNextMeasurements	16	static
main.c:1534:6:HAL_SPI_RxCpltCallback	16	static
main.c:1571:6:Error_Handler	4	static
