main.c:168:5:main	40	static
main.c:257:6:SystemClock_Config	232	static
main.c:327:13:MX_ADC1_Init	24	static
main.c:377:13:MX_I2C1_Init	8	static
main.c:423:13:MX_I2C3_Init	8	static
main.c:469:13:MX_SPI1_Init	8	static
main.c:508:13:MX_SPI4_Init	8	static
main.c:548:13:MX_TIM1_Init	112	static
main.c:634:13:MX_TIM2_Init	40	static
main.c:682:13:MX_TIM3_Init	72	static
main.c:742:13:MX_TIM4_Init	48	static
main.c:791:13:MX_TIM5_Init	40	static
main.c:836:13:MX_TIM6_Init	24	static
main.c:874:13:MX_TIM8_Init	128	static
main.c:965:13:MX_UART5_Init	8	static
main.c:1000:13:MX_UART7_Init	8	static
main.c:1035:13:MX_USART1_UART_Init	8	static
main.c:1070:13:MX_USART2_UART_Init	8	static
main.c:1105:13:MX_USART3_UART_Init	8	static
main.c:1138:13:MX_DMA_Init	16	static
main.c:1163:13:MX_GPIO_Init	56	static
main.c:1214:6:runMeasurementMethod	8	static
main.c:1236:6:runPolarizationSequence	8	static
main.c:1305:6:set_LED1	16	static
main.c:1310:6:set_LED2	16	static
main.c:1314:6:set_LED3	16	static
main.c:1318:6:set_LED4	16	static
main.c:1322:6:switchingCircuitIdle	8	static
main.c:1335:6:switchingCircuitOff	8	static
main.c:1347:6:HAL_TIM_PeriodElapsedCallback	16	static
main.c:1359:6:delay_us	16	static
main.c:1365:6:delay_ms	16	static
main.c:1370:6:measureWithExtADC	8	static
main.c:1383:6:measureWithIntADC	8	static
main.c:1394:6:measureWithComp	8	static
main.c:1403:6:measurementWithExtAdcDone	8	static
main.c:1445:6:measurementWithIntAdcDone	8	static
main.c:1481:6:measurementWithCompDone	16	static
main.c:1498:6:goToIdleAfterMeasurement	8	static
main.c:1519:6:prepareForPolarizationPhaseIfPossible	4	static
main.c:1525:6:initState	4	static
main.c:1551:6:HAL_TIM_IC_CaptureCallback	16	static
main.c:1558:6:HAL_ADC_ConvCpltCallback	16	static
main.c:1565:6:HAL_UART_RxCpltCallback	16	static
main.c:1571:6:characterReceived	8	static
main.c:1579:6:HAL_SPI_RxCpltCallback	16	static
main.c:1585:5:parseText	168	static
main.c:1739:6:clearReceivedCharsBuffer	16	static
main.c:1751:6:sendMeasuredData	88	static
main.c:1816:6:updateState	4	static
main.c:1825:5:stateCanBeUpdated	4	static
main.c:1829:5:measurementCanRun	4	static
main.c:1834:5:stateIsIdle	4	static
main.c:1844:6:Error_Handler	4	static
