main.c:99:5:main	8	static
main.c:157:6:SystemClock_Config	232	static
main.c:225:13:MX_ADC1_Init	24	static
main.c:275:13:MX_I2C1_Init	8	static
main.c:321:13:MX_I2C3_Init	8	static
main.c:367:13:MX_SPI1_Init	8	static
main.c:406:13:MX_SPI4_Init	8	static
main.c:446:13:MX_TIM1_Init	112	static
main.c:530:13:MX_TIM2_Init	40	static
main.c:578:13:MX_TIM3_Init	48	static
main.c:627:13:MX_TIM4_Init	48	static
main.c:676:13:MX_TIM8_Init	128	static
main.c:767:13:MX_UART5_Init	8	static
main.c:802:13:MX_UART7_Init	8	static
main.c:837:13:MX_USART1_UART_Init	8	static
main.c:872:13:MX_USART2_UART_Init	8	static
main.c:907:13:MX_USART3_UART_Init	8	static
main.c:942:13:MX_GPIO_Init	56	static
main.c:999:6:Error_Handler	4	static
