main.c:156:5:main	40	static
main.c:242:6:SystemClock_Config	232	static
main.c:304:13:MX_ADC1_Init	24	static
main.c:351:13:MX_I2C1_Init	8	static
main.c:393:13:MX_I2C3_Init	8	static
main.c:435:13:MX_SPI1_Init	8	static
main.c:472:13:MX_SPI4_Init	8	static
main.c:510:13:MX_TIM1_Init	112	static
main.c:588:13:MX_TIM2_Init	40	static
main.c:632:13:MX_TIM3_Init	72	static
main.c:686:13:MX_TIM4_Init	48	static
main.c:731:13:MX_TIM5_Init	40	static
main.c:772:13:MX_TIM6_Init	24	static
main.c:807:13:MX_TIM8_Init	128	static
main.c:889:13:MX_UART5_Init	8	static
main.c:922:13:MX_UART7_Init	8	static
main.c:955:13:MX_USART1_UART_Init	8	static
main.c:988:13:MX_USART2_UART_Init	8	static
main.c:1021:13:MX_USART3_UART_Init	8	static
main.c:1052:13:MX_DMA_Init	16	static
main.c:1076:13:MX_GPIO_Init	56	static
main.c:1121:6:chooseActionByState	8	static
main.c:1153:6:runPolarizationSequence	8	static
main.c:1213:6:set_LED1	16	static
main.c:1220:6:switchingCircuitIdle	8	static
main.c:1235:6:switchingCircuitOff	8	static
main.c:1247:6:HAL_TIM_PeriodElapsedCallback	16	static
main.c:1261:6:delay_us	16	static
main.c:1267:6:measureWithExternalADC	8	static
main.c:1278:6:measureWithInternalADC	8	static
main.c:1287:6:measureWithComparator	8	static
main.c:1296:6:measureFrequencyWithTimer	16	static
main.c:1313:6:HAL_TIM_IC_CaptureCallback	16	static
main.c:1320:6:initState	4	static
main.c:1333:6:sendDataOverUART	56	static
main.c:1385:6:HAL_ADC_ConvCpltCallback	16	static
main.c:1420:6:HAL_UART_RxCpltCallback	16	static
main.c:1430:6:HAL_SPI_RxCpltCallback	16	static
main.c:1466:5:parseText	136	static
main.c:1567:6:Error_Handler	4	static
