main.c:172:5:main	8	static
main.c:269:6:SystemClock_Config	232	static
main.c:329:13:MX_ADC1_Init	24	static
main.c:376:13:MX_I2C1_Init	8	static
main.c:418:13:MX_I2C3_Init	8	static
main.c:460:13:MX_SPI1_Init	8	static
main.c:497:13:MX_SPI4_Init	8	static
main.c:535:13:MX_TIM1_Init	112	static
main.c:613:13:MX_TIM2_Init	40	static
main.c:657:13:MX_TIM3_Init	72	static
main.c:711:13:MX_TIM4_Init	48	static
main.c:756:13:MX_TIM5_Init	40	static
main.c:797:13:MX_TIM6_Init	24	static
main.c:832:13:MX_TIM8_Init	128	static
main.c:914:13:MX_UART7_Init	8	static
main.c:947:13:MX_USART1_UART_Init	8	static
main.c:980:13:MX_USART2_UART_Init	8	static
main.c:1013:13:MX_USART3_UART_Init	8	static
main.c:1044:13:MX_DMA_Init	16	static
main.c:1068:13:MX_GPIO_Init	56	static
main.c:1126:6:runMeasurementMethod	8	static
main.c:1153:6:runPolarizationSequence	8	static
main.c:1182:6:runMeasurementSequence	8	static
main.c:1222:6:set_LED1	16	static
main.c:1227:6:set_LED2	16	static
main.c:1231:6:set_LED3	16	static
main.c:1235:6:set_LED4	16	static
main.c:1239:6:switchingCircuitIdle	8	static
main.c:1252:6:switchingCircuitOff	8	static
main.c:1264:6:HAL_TIM_PeriodElapsedCallback	16	static
main.c:1280:6:delay_us	16	static
main.c:1286:6:delay_ms	16	static
main.c:1292:6:measureWithExtADC	8	static
main.c:1307:6:measureWithIntADC	8	static
main.c:1320:6:measureWithComp	8	static
main.c:1331:6:measurementWithExtAdcDone	8	static
main.c:1368:6:measurementWithIntAdcDone	8	static
main.c:1404:6:measurementWithCompDone	16	static
main.c:1421:6:goToIdleAfterMeasurement	8	static
main.c:1443:6:prepareForPolarizationPhaseIfPossible	4	static
main.c:1449:6:setStateToDefault	8	static
main.c:1479:6:setStateToMeasureOnSync	8	static
main.c:1513:6:setStateToIdle	4	static
main.c:1542:6:initialization	8	static
main.c:1552:6:HAL_TIM_IC_CaptureCallback	16	static
main.c:1559:6:HAL_ADC_ConvCpltCallback	16	static
main.c:1566:6:HAL_UART_RxCpltCallback	16	static
main.c:1572:6:characterReceived	8	static
main.c:1580:6:HAL_SPI_RxCpltCallback	16	static
main.c:1586:5:parseText	168	static
main.c:1748:6:clearReceivedCharsBuffer	16	static
main.c:1760:6:sendMeasuredData	88	static
main.c:1822:6:updateState	4	static
main.c:1831:5:dataReadyToSend	4	static
main.c:1836:5:dataReadyToSendAfterMeasurement	8	static
main.c:1841:5:dataReadyToSendBeforeMeasurement	8	static
main.c:1845:5:lastMeasurement	4	static
main.c:1849:5:stateCanBeUpdated	4	static
main.c:1854:5:ploarizationCanRun	4	static
main.c:1858:5:measurementCanRun	4	static
main.c:1863:5:stateIsIdle	4	static
main.c:1867:5:isWaitingForSync	8	static
main.c:1871:6:isMeasuring	4	static
main.c:1874:5:isSending	4	static
main.c:1878:5:canDecreaseRemainingMeasurements	4	static
main.c:1882:5:newDataInBuffer	4	static
main.c:1885:5:isModeMeasureOnSync	4	static
main.c:1889:6:setMeasurementPeriod	16	static
main.c:1895:6:changeStateMode	8	static
main.c:1912:6:HAL_GPIO_EXTI_Callback	16	static
main.c:1929:6:Error_Handler	4	static
